STARTING dscf ON 36 PROCESSORS!
RUNNING PROGRAM /shared/apps/turbomole/regular/7.3/bin/em64t-unknown-linux-gnu_mpi/dscf_mpi.
/shared/apps/turbomole/regular/7.3/mpirun_scripts/PMPI/bin/mpirun -machinefile NodeFile.11917 -e OMP_NUM_THREADS=1 -e TURBODIR=/shared/apps/turbomole/regular/7.3 -e OMP_STACK_SIZE=256M -e LD_LIBRARY_PATH=/shared/apps/turbomole/regular/7.3/libso/em64t-unknown-linux-gnu_mpi:/shared/apps/python/3.6-anaconda/lib:/shared/apps/gcc/4.9.0/lib:/shared/apps/gcc/4.9.0/lib64:/shared/apps/gaussian09/D.01/g09/bsd:/shared/apps/gaussian09/D.01/g09/local:/shared/apps/gaussian09/D.01/g09/extras:/shared/apps/gaussian09/D.01/g09:/shared/apps/intel/composer_xe_2013_sp1.2.144/compiler/lib/intel64:/shared/apps/openmpi/1.8.1/intel/2013.sp1.2.144/lib:/shared/apps/slurm/current/lib:/shared/apps/turbomole/regular/6.6/libso/em64t-unknown-linux-gnu_mpi:/shared/apps/intel/composer_xe_2013_sp1.2.144/mkl/lib/intel64:/shared/apps/gaussian09/D.01/gv/lib:/shared/apps/intel/parallel_studio_xe_2016/compilers_and_libraries_2016.0.109/linux/compiler/lib/intel64:/shared/apps/intel/parallel_studio_xe_2016/compilers_and_libraries_2016.0.109/linux/mpi/intel64/lib:/shared/apps/intel/parallel_studio_xe_2016/compilers_and_libraries_2016.0.109/linux/ipp/../compiler/lib/intel64:/shared/apps/intel/parallel_studio_xe_2016/compilers_and_libraries_2016.0.109/linux/ipp/lib/intel64:/shared/apps/intel/parallel_studio_xe_2016/compilers_and_libraries_2016.0.109/linux/compiler/lib/intel64:/shared/apps/intel/parallel_studio_xe_2016/compilers_and_libraries_2016.0.109/linux/mkl/lib/intel64:/shared/apps/intel/parallel_studio_xe_2016/compilers_and_libraries_2016.0.109/linux/tbb/lib/intel64/gcc4.4:/shared/apps/intel/parallel_studio_xe_2016/debugger_2016/libipt/intel64/lib:/shared/apps/intel/parallel_studio_xe_2016/compilers_and_libraries_2016.0.109/linux/daal/lib/intel64_lin:/shared/apps/intel/parallel_studio_xe_2016/compilers_and_libraries_2016.0.109/linux/daal/../tbb/lib/intel64_lin/gcc4.4:/shared/apps/intel/parallel_studio_xe_2016/compilers_and_libraries_2016.0.109/linux/daal/../compiler/lib/intel64_lin:/shared/apps/R/3.3.1/lib64:/shared/apps/R/3.3.1/3rdparty:/shared/apps/R/3.3.1/lib64/R/lib:/shared/apps/turbomole/regular/7.3/libso/em64t-unknown-linux-gnu_mpi /shared/apps/turbomole/regular/7.3/bin/em64t-unknown-linux-gnu_mpi/dscf_mpi
 this is node-proc. number 1 running on node yac04
 the total number of node-proc. spawned is  37
  parallel platform: MPP or cluster with fast interconnect

   OpenMP run-time library returned nthreads =  1

 dscf (yac04) : TURBOMOLE V7.3 ( 22135 ) 4 Jul 2018 at 10:54:32
 Copyright (C) 2018 TURBOMOLE GmbH, Karlsruhe


    2020-07-31 11:38:28.183 


 SCF run will be profiled !



                             d s c f - program

                   idea & directorship : reinhart ahlrichs
                   program development : marco haeser
                                         michael baer
                           dft version : oliver treutler
           parallelized version : malte v. arnim, gina corongiu, GMD 


                          quantum chemistry group
                          universitaet  karlsruhe
                                  germany




                          References             
                                                 
          TURBOMOLE:                             
              R. Ahlrichs, M. Baer, M. Haeser, H. Horn, and
              C. Koelmel
              Electronic structure calculations on workstation
              computers: the program system TURBOMOLE
              Chem. Phys. Lett. 162: 165 (1989)
          Density Functional:                              
              O. Treutler and R. Ahlrichs                      
              Efficient Molecular Numerical Integration Schemes
              J. Chem. Phys. 102: 346 (1995)                   
          Parallel Version:                                
              Performance of parallel TURBOMOLE for Density    
              Functional Calculations                          
              M. v. Arnim and R. Ahlrichs                      
              J. Comp. Chem. 19: 1746 (1998)                   
                                         




              +--------------------------------------------------+
              | Atomic coordinate, charge and isotop information |
              +--------------------------------------------------+

                    atomic coordinates            atom    charge  isotop
          8.96084110    2.13211015   -3.96647089    s     16.000     0
          4.33659284    2.01495298   -3.71030358    sn    50.000     0
          2.80745121    3.75941190   -7.04612259    c      6.000     0
          2.65591350    2.38422569   -9.31678538    c      6.000     0
          1.53858893    3.49276870  -11.45437422    c      6.000     0
          0.57661364    5.96176203  -11.32450752    c      6.000     0
          0.73629153    7.33188131   -9.05842051    c      6.000     0
          1.85014052    6.23641917   -6.91438922    c      6.000     0
          1.93599720    7.31266695   -5.13641299    h      1.000     0
         -0.01863931    9.26637240   -8.95217217    h      1.000     0
         -0.30437932    6.82149350  -12.99874950    h      1.000     0
          1.41578848    2.41795579  -13.23027251    h      1.000     0
          3.37845388    0.43641373   -9.42522146    h      1.000     0
          2.79599456    4.54693107   -0.16941546    s     16.000     0
          4.37672457    2.25232073    3.52480145    sn    50.000     0
          2.84911155    4.22407627    6.73376183    c      6.000     0
          1.90638368    2.83800449    8.79731649    c      6.000     0
          0.76149065    4.10985272   10.82416303    c      6.000     0
          0.55431355    6.75447474   10.79206944    c      6.000     0
          1.50199231    8.13522014    8.73445645    c      6.000     0
          2.65167088    6.87524770    6.70069786    c      6.000     0
          3.36163135    7.97030090    5.08046085    h      1.000     0
          1.34108799   10.20800914    8.70668655    h      1.000     0
         -0.35410803    7.74494180   12.37706551    h      1.000     0
          0.01632402    3.02244913   12.43231883    h      1.000     0
          2.02205798    0.76116657    8.82283837    h      1.000     0
          2.86917477   -2.09446718    3.96567305    s     16.000     0
          4.37662479   -4.15429228    0.11203487    sn    50.000     0
          2.89854281   -7.93597516    0.26016256    c      6.000     0
          2.74679365   -9.21677163    2.58536474    c      6.000     0
          1.64381247  -11.62922964    2.68912431    c      6.000     0
          0.69604679  -12.75618614    0.48239171    c      6.000     0
          0.85655559  -11.47698725   -1.83625708    c      6.000     0
          1.95582837   -9.06523638   -1.95484250    c      6.000     0
          2.03763650   -8.06161039   -3.77537932    h      1.000     0
          0.11202561  -12.35453959   -3.56822868    h      1.000     0
         -0.17528400  -14.64053959    0.57041270    h      1.000     0
          1.52061783  -12.63085724    4.50727044    h      1.000     0
          3.45730308   -8.33286565    4.32948142    h      1.000     0
          9.01113069   -4.41688957    0.11668019    s     16.000     0
         10.29090915    0.01998537   -0.06430662    sn    50.000     0
         14.35748601    0.02040111   -0.03462186    c      6.000     0
         15.69479020   -2.27661977   -0.11243719    c      6.000     0
         18.34807585   -2.25951586   -0.07431310    c      6.000     0
         19.66130871    0.04178525    0.04072039    c      6.000     0
         18.32678355    2.33316812    0.11870579    c      6.000     0
         15.67437209    2.32963471    0.08189487    c      6.000     0
         14.64369449    4.13504088    0.15033565    h      1.000     0
         19.35485145    4.13733822    0.21150968    h      1.000     0
         21.73930315    0.05021966    0.07166087    h      1.000     0
         19.39190123   -4.05604447   -0.13338008    h      1.000     0
         14.67494867   -4.08819438   -0.19938160    h      1.000     0
          9.00349071    2.43912091    3.67022703    s     16.000     0
          2.83321460   -2.36118029   -3.84617451    s     16.000     0
 
       center of nuclear mass  :    5.76423554    0.02698146   -0.02799280
       center of nuclear charge:    5.75147276    0.02601942   -0.02703694

   *************************************************************************
   test_job                                                                 
   *************************************************************************



              +--------------------------------------------------+
              |               basis set information              |
              +--------------------------------------------------+

              we will work with the 1s 3p 5d 7f 9g ... basis set
              ...i.e. with spherical basis functions...

   type   atoms  prim   cont   basis
   ---------------------------------------------------------------------------
    s        6     84     18   cc-pVDZ   [4s3p1d|34s15p1d]
    sn       4     77     23   cc-pVDZ-PP   [4s3p2d|14s11p6d]
    c       24     34     14   cc-pVDZ   [3s2p1d|17s4p1d]
    h       20      7      5   cc-pVDZ   [2s1p|4s1p]
   ---------------------------------------------------------------------------
   total:   54   1768    636
   ---------------------------------------------------------------------------

   total number of primitive shells          :  108
   total number of contracted shells         :  288
   total number of cartesian basis functions :  674
   total number of SCF-basis functions       :  636


 integral neglect threshold       :  0.49E-10
 integral storage threshold THIZE :  0.10E-04
 integral storage threshold THIME :         5

 number of unique ecp types :                     1

 symmetry group of the molecule :   c1 

 the group has the following generators :
   c1(z)

    1 symmetry operations found

 there are 1 real representations :   a   

 maximum number of shells which are related by symmetry :  1


    mo occupation :
   irrep   mo's   occupied
    a      636      174
 
 number of basis functions   :                    636
 number of occupied orbitals :                    174
 

 automatic virtual orbital shift switched on 
      shift if e(lumo)-e(homo) < 0.10000000    


 keyword $2e-ints_shell_statistics missing in file <control>

 ! One task per shell generated
  No pre-computed optimal task distribution found
  ... using automatic task generation
  
           ------------------
           density functional
           ------------------
 PBE functional
 exchange:    LDA + PBE
 correlation: LDA (PW) + PBE

 iterations will be done with small grid
  
 spherical integration : Lebedev's spherical grid
 spherical gridsize    :                     3
    i.e. gridpoints    :                   302
 value for diffuse not defined
 radial integration    : Chebyshev 2nd kind (scaling 3)
 radial gridsize       :                     3
 integration cells     :                    54
 partition function    : becke
 partition sharpness   :                     3
  

 <rddim> : input of entry tasksize
           from data group '$pardft' failed !

               Default values taken

 <rddim> : input of entry memdiv
           from data group '$pardft' failed !

               Default values taken
  DSCF: memory allocation for DFT gridpoints
  MEMORY is divided by 1 as DEFAULT
 Each node can hold at most  the                      1 -th part
 of the gridpoints    

          ------------------------
          nuclear repulsion energy  :   6332.62823846    
          ------------------------

  _________________________________
 |                                 |
 |         DFTD3 V3.1 Rev 0        |
 | S.Grimme, University Bonn       |
 |            June  2014           |
 |   see standalone version        |
 |       dftd3 -h for options      |
 |_________________________________|
 
 Please cite DFT-D3 work done with this code as:
 S. Grimme, J. Antony, S. Ehrlich and H. Krieg,
 J. Chem. Phys, 132 (2010), 154104.
 If used with BJ-damping cite also
 S. Grimme, S. Ehrlich and L. Goerigk,
 J. Comput. Chem. 32 (2011), 1456-1465
 For DFT-D2 the reference is
 S. Grimme, J. Comput. Chem., 27 (2006), 1787-1799
 
C6 coefficients used:
                     2  C6 for element                      1
Z=  1 CN= 0.912     C6(AA)=    3.03
Z=  1 CN= 0.000     C6(AA)=    7.59
                     5  C6 for element                      6
Z=  6 CN= 0.000     C6(AA)=   49.11
Z=  6 CN= 0.987     C6(AA)=   43.25
Z=  6 CN= 1.998     C6(AA)=   29.36
Z=  6 CN= 2.999     C6(AA)=   25.78
Z=  6 CN= 3.984     C6(AA)=   18.21
                     3  C6 for element                     16
Z= 16 CN= 0.000     C6(AA)=  134.01
Z= 16 CN= 0.995     C6(AA)=  131.00
Z= 16 CN= 1.990     C6(AA)=  125.81
                     5  C6 for element                     50
Z= 50 CN= 0.000     C6(AA)=  627.57
Z= 50 CN= 0.951     C6(AA)=  542.04
Z= 50 CN= 1.950     C6(AA)=  505.41
Z= 50 CN= 2.926     C6(AA)=  409.15
Z= 50 CN= 3.912     C6(AA)=  336.10

#           XYZ [au]              R0(AA) [Ang.]  CN          C6(AA)     C8(AA)   C10(AA) [au]
  1   8.96084   2.13211  -3.96647   s   0.794  1.996       125.9      6168.1    370173.7
  2   4.33659   2.01495  -3.71030   sn  1.271  4.511       336.1     42186.1   6486155.9
  3   2.80745   3.75941  -7.04612   c   0.610  3.118        25.4       734.2     26012.7
  4   2.65591   2.38423  -9.31679   c   0.610  3.215        24.9       721.3     25555.2
  5   1.53859   3.49277 -11.45437   c   0.610  3.120        25.4       734.0     26005.0
  6   0.57661   5.96176 -11.32451   c   0.610  3.118        25.4       734.2     26012.2
  7   0.73629   7.33188  -9.05842   c   0.610  3.120        25.4       734.0     26004.0
  8   1.85014   6.23642  -6.91439   c   0.610  3.218        24.9       720.8     25535.8
  9   1.93600   7.31267  -5.13641   h   0.395  1.006         3.1        37.3       552.8
 10  -0.01864   9.26637  -8.95217   h   0.395  1.000         3.1        37.4       553.2
 11  -0.30438   6.82149 -12.99875   h   0.395  1.000         3.1        37.4       553.2
 12   1.41579   2.41796 -13.23027   h   0.395  1.000         3.1        37.4       553.2
 13   3.37845   0.43641  -9.42522   h   0.395  1.005         3.1        37.3       552.8
 14   2.79599   4.54693  -0.16942   s   0.794  2.002       125.9      6167.9    370161.7
 15   4.37672   2.25232   3.52480   sn  1.271  4.509       336.1     42186.1   6486160.8
 16   2.84911   4.22408   6.73376   c   0.610  3.117        25.4       734.2     26013.3
 17   1.90638   2.83800   8.79732   c   0.610  3.219        24.9       720.6     25530.6
 18   0.76149   4.10985  10.82416   c   0.610  3.120        25.4       734.0     26003.7
 19   0.55431   6.75447  10.79207   c   0.610  3.118        25.4       734.2     26012.3
 20   1.50199   8.13522   8.73446   c   0.610  3.120        25.4       734.0     26004.7
 21   2.65167   6.87525   6.70070   c   0.610  3.215        24.9       721.4     25559.1
 22   3.36163   7.97030   5.08046   h   0.395  1.005         3.1        37.3       552.8
 23   1.34109  10.20801   8.70669   h   0.395  1.000         3.1        37.4       553.2
 24  -0.35411   7.74494  12.37707   h   0.395  1.000         3.1        37.4       553.2
 25   0.01632   3.02245  12.43232   h   0.395  1.000         3.1        37.4       553.2
 26   2.02206   0.76117   8.82284   h   0.395  1.006         3.1        37.3       552.8
 27   2.86917  -2.09447   3.96567   s   0.794  2.003       125.9      6167.9    370160.2
 28   4.37662  -4.15429   0.11203   sn  1.271  4.512       336.1     42186.1   6486155.1
 29   2.89854  -7.93598   0.26016   c   0.610  3.117        25.4       734.2     26012.9
 30   2.74679  -9.21677   2.58536   c   0.610  3.215        24.9       721.4     25556.9
 31   1.64381 -11.62923   2.68912   c   0.610  3.120        25.4       734.0     26005.0
 32   0.69605 -12.75619   0.48239   c   0.610  3.118        25.4       734.2     26012.6
 33   0.85656 -11.47699  -1.83626   c   0.610  3.120        25.4       734.0     26004.1
 34   1.95583  -9.06524  -1.95484   c   0.610  3.219        24.9       720.7     25534.3
 35   2.03764  -8.06161  -3.77538   h   0.395  1.006         3.1        37.3       552.8
 36   0.11203 -12.35454  -3.56823   h   0.395  1.000         3.1        37.4       553.2
 37  -0.17528 -14.64054   0.57041   h   0.395  1.000         3.1        37.4       553.2
 38   1.52062 -12.63086   4.50727   h   0.395  1.000         3.1        37.4       553.2
 39   3.45730  -8.33287   4.32948   h   0.395  1.005         3.1        37.3       552.8
 40   9.01113  -4.41689   0.11668   s   0.794  1.999       125.9      6168.0    370168.0
 41  10.29091   0.01999  -0.06431   sn  1.271  4.506       336.1     42186.1   6486166.6
 42  14.35749   0.02040  -0.03462   c   0.610  3.117        25.4       734.3     26016.2
 43  15.69479  -2.27662  -0.11244   c   0.610  3.215        24.9       721.4     25558.7
 44  18.34808  -2.25952  -0.07431   c   0.610  3.120        25.4       734.0     26005.7
 45  19.66131   0.04179   0.04072   c   0.610  3.118        25.4       734.2     26010.3
 46  18.32678   2.33317   0.11871   c   0.610  3.120        25.4       734.0     26005.7
 47  15.67437   2.32963   0.08189   c   0.610  3.216        24.9       721.1     25548.3
 48  14.64369   4.13504   0.15034   h   0.395  1.005         3.1        37.3       552.8
 49  19.35485   4.13734   0.21151   h   0.395  1.000         3.1        37.4       553.2
 50  21.73930   0.05022   0.07166   h   0.395  1.000         3.1        37.4       553.2
 51  19.39190  -4.05604  -0.13338   h   0.395  1.000         3.1        37.4       553.2
 52  14.67495  -4.08819  -0.19938   h   0.395  1.006         3.1        37.3       552.8
 53   9.00349   2.43912   3.67023   s   0.794  1.997       125.9      6168.1    370172.3
 54   2.83321  -2.36118  -3.84617   s   0.794  2.003       125.9      6167.9    370160.0

molecular C6(AA) [au] =     87526.37

           DFT-D V3(BJ)
 DF pbe                                               
 parameters
 s6       :    1.0000
 s8       :    0.7875
 a1       :    0.4289
 a2       :    4.4407
 k1-k3    :   16.0000    1.3333   -4.0000
 
 Edisp /kcal,au:   -65.2387 -0.10396451

 E6    /kcal :   -40.7347
 E8    /kcal :   -24.5040
 % E8        : 37.56
 nuclear repulsion energy                  =    6332.628238457
 empirical dispersive energy correction    =      -0.103964509
 nuclear repulsion + dispersion correction =    6332.524273948


         -----------------
         -S,T+V- integrals
         -----------------

 1e-integrals will be neglected if expon. factor < 0.495840E-11


          ----------------
          -ecp-  integrals
          ----------------
 
   Difference densities algorithm switched on.
   The maximal number of linear combinations of
   difference densities is                    20 .

 DIIS switched on: error vector is FDS-SDF
 Max. Iterations for DIIS is     :   4
 DIIS matrix (see manual) 
    Scaling factor of diagonals  :  1.200
    threshold for scaling factor :  0.000

 scf convergence criterion : increment of total energy < .1000000D-05
                  and increment of one-electron energy < .1000000D-02

  MOs are in ASCII format !


 reading orbital data $scfmo  from file mos
 orbital characterization : expanded
 mo provided and orthogonalized by Cholesky decomposition

 DSCF restart information will be dumped onto file mos

 
                                              current damping :  0.700
 ITERATION  ENERGY          1e-ENERGY        2e-ENERGY     NORM[dD(SAO)]  TOL
   1  -4166.8127871848    -18641.545356     8142.2082952    0.000D+00 0.495D-10
                            Exc =  -360.377119083077     N = 347.99824855    
          max. resid. norm for Fia-block=  8.637D-01 for orbital      4a         
          max. resid. fock norm         =  1.447D+01 for orbital    568a         
          Delta Eig. =   808.4161005164 eV 
 
                                              current damping :  0.650
 ITERATION  ENERGY          1e-ENERGY        2e-ENERGY     NORM[dD(SAO)]  TOL
   2  -4170.1791560340    -18671.012208     8168.3087781    0.270D+01 0.314D-10
                            Exc =  -361.328797731854     N = 347.99877312    
          Norm of current diis error:  2.8295    
          max. resid. norm for Fia-block=  3.695D-01 for orbital      3a         
          max. resid. fock norm         =  6.618D-01 for orbital      3a         
          Delta Eig. =   348.1464933642 eV 
 
                                              current damping :  0.550
 ITERATION  ENERGY          1e-ENERGY        2e-ENERGY     NORM[dD(SAO)]  TOL
   3  -4170.9771939718    -18681.457858     8177.9563902    0.860D+00 0.243D-10
                            Exc =  -361.528233821412     N = 347.99875485    
          Norm of current diis error:  1.3676    
          max. resid. norm for Fia-block=  1.469D-01 for orbital      3a         
          max. resid. fock norm         =  2.602D-01 for orbital      3a         
          Delta Eig. =   147.3108181393 eV 
 
                                              current damping :  0.450
 ITERATION  ENERGY          1e-ENERGY        2e-ENERGY     NORM[dD(SAO)]  TOL
   4  -4171.1966514497    -18688.560965     8184.8400400    0.317D+00 0.207D-10
                            Exc =  -361.800468265605     N = 347.99867581    
          Norm of current diis error: 0.52712    
          max. resid. norm for Fia-block=  5.231D-02 for orbital      2a         
          max. resid. fock norm         =  9.295D-02 for orbital      2a         
          Delta Eig. =    55.5840309304 eV 
 
                                              current damping :  0.350
 ITERATION  ENERGY          1e-ENERGY        2e-ENERGY     NORM[dD(SAO)]  TOL
   5  -4171.2394109217    -18692.299301     8188.5356161    0.216D+00 0.187D-10
                            Exc =  -361.794608902284     N = 347.99851742    
          Norm of current diis error: 0.20766    
          max. resid. norm for Fia-block=  1.620D-02 for orbital      3a         
          max. resid. fock norm         =  2.879D-02 for orbital      2a         
 mo-orthogonalization: Cholesky decomposition
          Delta Eig. =    19.1177560631 eV 
 
                                              current damping :  0.400
 ITERATION  ENERGY          1e-ENERGY        2e-ENERGY     NORM[dD(SAO)]  TOL
   6  -4171.2429325097    -18691.650898     8187.8836920    0.846D-01 0.180D-10
                            Exc =  -361.896946619397     N = 347.99854311    
          Norm of current diis error: 0.12526    
          max. resid. norm for Fia-block=  4.421D-03 for orbital    132a         
          max. resid. fock norm         =  7.557D-03 for orbital      6a         
          Delta Eig. =     4.4474509718 eV 
 
                                              current damping :  0.450
 ITERATION  ENERGY          1e-ENERGY        2e-ENERGY     NORM[dD(SAO)]  TOL
   7  -4171.2454942694    -18692.935657     8189.1658887    0.172D-01 0.177D-10
                            Exc =  -361.872361199415     N = 347.99848862    
          Norm of current diis error: 0.16965E-01
          max. resid. norm for Fia-block=  1.208D-03 for orbital      3a         
          max. resid. fock norm         =  2.169D-03 for orbital      3a         
          Delta Eig. =     1.3040235850 eV 
 
                                              current damping :  0.500
 ITERATION  ENERGY          1e-ENERGY        2e-ENERGY     NORM[dD(SAO)]  TOL
   8  -4171.2455187138    -18692.870696     8189.1009031    0.815D-02 0.176D-10
                            Exc =  -361.867820871639     N = 347.99848476    
          Norm of current diis error: 0.14101E-01
          max. resid. norm for Fia-block=  4.052D-04 for orbital    162a         
          max. resid. fock norm         =  6.635D-04 for orbital      6a         
          Delta Eig. =     0.3977392586 eV 
 
                                              current damping :  0.350
 ITERATION  ENERGY          1e-ENERGY        2e-ENERGY     NORM[dD(SAO)]  TOL
   9  -4171.2455399284    -18692.788188     8189.0183741    0.248D-02 0.175D-10
                            Exc =  -361.869552958960     N = 347.99848514    
          Norm of current diis error: 0.39869E-02
          max. resid. norm for Fia-block=  1.519D-04 for orbital    132a         
          max. resid. fock norm         =  2.367D-04 for orbital    137a         
          Delta Eig. =     0.1383694977 eV 
 
                                              current damping :  0.400
 ITERATION  ENERGY          1e-ENERGY        2e-ENERGY     NORM[dD(SAO)]  TOL
  10  -4171.2455407884    -18692.912884     8189.1430688    0.124D-02 0.174D-10
                            Exc =  -361.872736631037     N = 347.99848396    
          Norm of current diis error: 0.32587E-02
          max. resid. norm for Fia-block=  8.448D-05 for orbital    165a         
          max. resid. fock norm         =  9.839D-05 for orbital    110a         
 mo-orthogonalization: Cholesky decomposition
          Delta Eig. =     0.0370688898 eV 
 
                                              current damping :  0.450
 ITERATION  ENERGY          1e-ENERGY        2e-ENERGY     NORM[dD(SAO)]  TOL
  11  -4171.2455418899    -18692.882880     8189.1130641    0.429D-03 0.174D-10
                            Exc =  -361.871666503931     N = 347.99848359    
          Norm of current diis error: 0.82849E-03
          max. resid. norm for Fia-block=  3.824D-05 for orbital    160a         
          max. resid. fock norm         =  6.239D-05 for orbital    123a         
          Delta Eig. =     0.0123682418 eV 
 
                                              current damping :  0.300
 ITERATION  ENERGY          1e-ENERGY        2e-ENERGY     NORM[dD(SAO)]  TOL
  12  -4171.2455419781    -18692.862724     8189.0929076    0.207D-03 0.173D-10
                            Exc =  -361.871481649259     N = 347.99848400    
          Norm of current diis error: 0.39939E-03
          max. resid. norm for Fia-block=  1.060D-05 for orbital    159a         
          max. resid. fock norm         =  1.803D-05 for orbital    184a         
          Delta Eig. =     0.0030864947 eV 

 ENERGY CONVERGED !

 Big Grid 
 e2xc, e2xcold =   -361.87136902   -361.87136902
 
                                              current damping :  0.500
 ITERATION  ENERGY          1e-ENERGY        2e-ENERGY     NORM[dD(SAO)]  TOL
  13  -4171.2504466613    -18692.864007     8189.0892865    0.951D-04 0.173D-10
                            Exc =  -361.876273653362     N = 347.99999172    
          max. resid. norm for Fia-block=  1.395D-05 for orbital    167a         
          max. resid. fock norm         =  2.311D-05 for orbital    102a         

 convergence criteria satisfied after    13 iterations


   *************************************************************************
   test_job                                                                 
   *************************************************************************


                  ------------------------------------------ 
                 |  total energy      =  -4171.25044666132  |
                  ------------------------------------------ 
                 :  kinetic energy    =   3631.90255720319  :
                 :  potential energy  =  -7803.15300386451  :
                 :  virial theorem    =      1.87069875176  :
                 :  wavefunction norm =      1.00000000000  :
                  .......................................... 


 <geterg> : there is no data group $energy 


 <skperg> : $end is missing 


 orbitals $scfmo  will be written to file mos

    irrep                170a        171a        172a        173a        174a   
 eigenvalues H         -0.22798    -0.22600    -0.21453    -0.21415    -0.21142
            eV          -6.2038     -6.1499     -5.8377     -5.8274     -5.7531
 occupation              2.0000      2.0000      2.0000      2.0000      2.0000 

    irrep                175a        176a        177a        178a        179a   
 eigenvalues H         -0.09980    -0.09286    -0.09230    -0.09063    -0.06909
            eV          -2.7156     -2.5269     -2.5117     -2.4663     -1.8801
 
 
 
 
 ==============================================================================
                           electrostatic moments
 ==============================================================================

 reference point for electrostatic moments:    0.00000   0.00000   0.00000

 
              nuc           elec       ->  total
 ------------------------------------------------------------------------------
                          charge      
 ------------------------------------------------------------------------------
         348.000000    -348.000000       0.000000
 
 ------------------------------------------------------------------------------
                       dipole moment  
 ------------------------------------------------------------------------------
   x    1991.013633   -1991.334445      -0.320811
   y       8.245862      -8.262660      -0.016798
   z      -8.579323       8.593263       0.013940
 
   | dipole moment | =     0.3216 a.u. =     0.8173 debye 
 
 ------------------------------------------------------------------------------
                     quadrupole moment
 ------------------------------------------------------------------------------
  xx   20505.446085  -20732.011305    -226.565220
  yy    8966.650542   -9178.745417    -212.094875
  zz    8774.507252   -8992.308110    -217.800859
  xy      10.420187     -10.419794       0.000393
  xz     -34.735133      34.859134       0.124001
  yz      -8.919672       9.107603       0.187931
 
     1/3  trace=    -218.820318
     anisotropy=      12.630664
 
 ==============================================================================
 

    dscf profiling
  --------------------------------------------------------------------
             module   cpu total (s)       %  wall total (s)       %

          dscf.total           238.6  100.00            85.9  100.00
        dscf.prepare             0.5    0.21             0.6    0.72
      prepare.oneint             0.1    0.04             0.1    0.13
     prepare.moinput             0.1    0.03             0.1    0.13
     moinput_orthmos             0.2    0.07             0.2    0.19
            dscf.scf           238.1   99.77            85.1   99.14
             scf.pre             0.0    0.00             0.0    0.01
        scf.makedmat             0.4    0.17             4.0    4.71
          scf.shloop            55.1   23.09            61.3   71.42
          shloop_omp            55.0   23.03            61.2   71.25
          scf.symcar             0.1    0.03             0.1    0.09
        scf.makefock             0.1    0.06             8.1    9.49
          scf.energy             0.0    0.00             0.0    0.00
             scf.dft             2.7    1.13             3.0    3.49
        dft_grid_con             0.0    0.02             0.1    0.07
          scf.newerg             0.0    0.00             0.0    0.00
          scf.newcnv            49.2   20.60             1.5    1.77
           scf.fdiag            69.9   29.28             2.1    2.49
         diag_tritrn             3.7    1.55             0.1    0.13
          diag_rdiag            21.0    8.78             0.6    0.70
          scf.modump            30.0   12.56             3.2    3.74
           ortho_all             7.2    3.03             0.2    0.25
     scf_loop_mkdmat             0.0    0.00             0.0    0.00
            scf.post             1.8    0.75             0.6    0.72
        dscf.postscf             0.1    0.02             0.1    0.14
 


    ------------------------------------------------------------------------
         total  cpu-time :  3 minutes and 59 seconds
         total wall-time :  1 minutes and 27 seconds
    ------------------------------------------------------------------------

   ****  dscf : all done  ****


    2020-07-31 11:39:54.266 

