STARTING dscf ON 36 PROCESSORS!
RUNNING PROGRAM /shared/apps/turbomole/regular/7.3/bin/em64t-unknown-linux-gnu_mpi/dscf_mpi.
/shared/apps/turbomole/regular/7.3/mpirun_scripts/PMPI/bin/mpirun -machinefile NodeFile.16716 -e OMP_NUM_THREADS=1 -e TURBODIR=/shared/apps/turbomole/regular/7.3 -e OMP_STACK_SIZE=256M -e LD_LIBRARY_PATH=/shared/apps/turbomole/regular/7.3/libso/em64t-unknown-linux-gnu_mpi:/shared/apps/python/3.6-anaconda/lib:/shared/apps/gcc/4.9.0/lib:/shared/apps/gcc/4.9.0/lib64:/shared/apps/gaussian09/D.01/g09/bsd:/shared/apps/gaussian09/D.01/g09/local:/shared/apps/gaussian09/D.01/g09/extras:/shared/apps/gaussian09/D.01/g09:/shared/apps/intel/composer_xe_2013_sp1.2.144/compiler/lib/intel64:/shared/apps/openmpi/1.8.1/intel/2013.sp1.2.144/lib:/shared/apps/slurm/current/lib:/shared/apps/turbomole/regular/6.6/libso/em64t-unknown-linux-gnu_mpi:/shared/apps/intel/composer_xe_2013_sp1.2.144/mkl/lib/intel64:/shared/apps/gaussian09/D.01/gv/lib:/shared/apps/intel/parallel_studio_xe_2016/compilers_and_libraries_2016.0.109/linux/compiler/lib/intel64:/shared/apps/intel/parallel_studio_xe_2016/compilers_and_libraries_2016.0.109/linux/mpi/intel64/lib:/shared/apps/intel/parallel_studio_xe_2016/compilers_and_libraries_2016.0.109/linux/ipp/../compiler/lib/intel64:/shared/apps/intel/parallel_studio_xe_2016/compilers_and_libraries_2016.0.109/linux/ipp/lib/intel64:/shared/apps/intel/parallel_studio_xe_2016/compilers_and_libraries_2016.0.109/linux/compiler/lib/intel64:/shared/apps/intel/parallel_studio_xe_2016/compilers_and_libraries_2016.0.109/linux/mkl/lib/intel64:/shared/apps/intel/parallel_studio_xe_2016/compilers_and_libraries_2016.0.109/linux/tbb/lib/intel64/gcc4.4:/shared/apps/intel/parallel_studio_xe_2016/debugger_2016/libipt/intel64/lib:/shared/apps/intel/parallel_studio_xe_2016/compilers_and_libraries_2016.0.109/linux/daal/lib/intel64_lin:/shared/apps/intel/parallel_studio_xe_2016/compilers_and_libraries_2016.0.109/linux/daal/../tbb/lib/intel64_lin/gcc4.4:/shared/apps/intel/parallel_studio_xe_2016/compilers_and_libraries_2016.0.109/linux/daal/../compiler/lib/intel64_lin:/shared/apps/R/3.3.1/lib64:/shared/apps/R/3.3.1/3rdparty:/shared/apps/R/3.3.1/lib64/R/lib:/shared/apps/turbomole/regular/7.3/libso/em64t-unknown-linux-gnu_mpi /shared/apps/turbomole/regular/7.3/bin/em64t-unknown-linux-gnu_mpi/dscf_mpi
 this is node-proc. number 1 running on node yac01
 the total number of node-proc. spawned is  37
  parallel platform: MPP or cluster with fast interconnect

   OpenMP run-time library returned nthreads =  1

 dscf (yac01) : TURBOMOLE V7.3 ( 22135 ) 4 Jul 2018 at 10:54:32
 Copyright (C) 2018 TURBOMOLE GmbH, Karlsruhe


    2020-08-03 09:04:58.026 


 SCF run will be profiled !



                             d s c f - program

                   idea & directorship : reinhart ahlrichs
                   program development : marco haeser
                                         michael baer
                           dft version : oliver treutler
           parallelized version : malte v. arnim, gina corongiu, GMD 


                          quantum chemistry group
                          universitaet  karlsruhe
                                  germany




                          References             
                                                 
          TURBOMOLE:                             
              R. Ahlrichs, M. Baer, M. Haeser, H. Horn, and
              C. Koelmel
              Electronic structure calculations on workstation
              computers: the program system TURBOMOLE
              Chem. Phys. Lett. 162: 165 (1989)
          Density Functional:                              
              O. Treutler and R. Ahlrichs                      
              Efficient Molecular Numerical Integration Schemes
              J. Chem. Phys. 102: 346 (1995)                   
          Parallel Version:                                
              Performance of parallel TURBOMOLE for Density    
              Functional Calculations                          
              M. v. Arnim and R. Ahlrichs                      
              J. Comp. Chem. 19: 1746 (1998)                   
                                         




              +--------------------------------------------------+
              | Atomic coordinate, charge and isotop information |
              +--------------------------------------------------+

                    atomic coordinates            atom    charge  isotop
         -9.30873950   -0.19111008   -3.34928463    s     16.000     0
         -9.15572062    0.28014623    3.81380596    s     16.000     0
         -3.67546932   -4.60617153    0.32523169    ge    32.000     0
         -7.77007648   -5.85981754    0.51816309    s     16.000     0
         -5.16528234    0.85394418   -3.28144932    ge    32.000     0
         -4.28855335    3.49260921   -0.04803079    s     16.000     0
         -4.99406767    1.19251205    3.45199012    ge    32.000     0
         -2.67872533   -2.60474086   -3.30894635    s     16.000     0
         -2.60674585   -2.33270533    3.75416715    s     16.000     0
         -9.91489731   -2.17955663    0.39224781    ge    32.000     0
         -2.06997030   -6.99665023    0.33497257    h      1.000     0
         -4.56345380    2.29267324   -5.70218711    h      1.000     0
         -4.16418437    2.85216406    5.65402536    h      1.000     0
        -12.72388027   -2.79405530    0.54754248    h      1.000     0
 
       center of nuclear mass  :   -5.94907576   -1.19165361    0.22504543
       center of nuclear charge:   -5.94933947   -1.19189677    0.22512716

   *************************************************************************
   test_job                                                                 
   *************************************************************************



              +--------------------------------------------------+
              |               basis set information              |
              +--------------------------------------------------+

              we will work with the 1s 3p 5d 7f 9g ... basis set
              ...i.e. with spherical basis functions...

   type   atoms  prim   cont   basis
   ---------------------------------------------------------------------------
    s        6     84     18   cc-pVDZ   [4s3p1d|34s15p1d]
    ge       4    176     27   cc-pVDZ   [5s4p2d|53s31p6d]
    h        4      7      5   cc-pVDZ   [2s1p|4s1p]
   ---------------------------------------------------------------------------
   total:   14   1236    236
   ---------------------------------------------------------------------------

   total number of primitive shells          :  145
   total number of contracted shells         :  104
   total number of cartesian basis functions :  250
   total number of SCF-basis functions       :  236


 integral neglect threshold       :  0.13E-09
 integral storage threshold THIZE :  0.10E-04
 integral storage threshold THIME :         5


 symmetry group of the molecule :   c1 

 the group has the following generators :
   c1(z)

    1 symmetry operations found

 there are 1 real representations :   a   

 maximum number of shells which are related by symmetry :  1


    mo occupation :
   irrep   mo's   occupied
    a      236      114
 
 number of basis functions   :                    236
 number of occupied orbitals :                    114
 

 automatic virtual orbital shift switched on 
      shift if e(lumo)-e(homo) < 0.10000000    


 keyword $2e-ints_shell_statistics missing in file <control>

 ! One task per shell generated
  No pre-computed optimal task distribution found
  ... using automatic task generation
  
           ------------------
           density functional
           ------------------
 PBE functional
 exchange:    LDA + PBE
 correlation: LDA (PW) + PBE

 iterations will be done with small grid
  
 spherical integration : Lebedev's spherical grid
 spherical gridsize    :                     3
    i.e. gridpoints    :                   302
 value for diffuse not defined
 radial integration    : Chebyshev 2nd kind (scaling 3)
 radial gridsize       :                     3
 integration cells     :                    14
 partition function    : becke
 partition sharpness   :                     3
  

 <rddim> : input of entry tasksize
           from data group '$pardft' failed !

               Default values taken

 <rddim> : input of entry memdiv
           from data group '$pardft' failed !

               Default values taken
  DSCF: memory allocation for DFT gridpoints
  MEMORY is divided by 1 as DEFAULT
 Each node can hold at most  the                      1 -th part
 of the gridpoints    

          ------------------------
          nuclear repulsion energy  :   3760.07795674    
          ------------------------

  _________________________________
 |                                 |
 |         DFTD3 V3.1 Rev 0        |
 | S.Grimme, University Bonn       |
 |            June  2014           |
 |   see standalone version        |
 |       dftd3 -h for options      |
 |_________________________________|
 
 Please cite DFT-D3 work done with this code as:
 S. Grimme, J. Antony, S. Ehrlich and H. Krieg,
 J. Chem. Phys, 132 (2010), 154104.
 If used with BJ-damping cite also
 S. Grimme, S. Ehrlich and L. Goerigk,
 J. Comput. Chem. 32 (2011), 1456-1465
 For DFT-D2 the reference is
 S. Grimme, J. Comput. Chem., 27 (2006), 1787-1799
 
C6 coefficients used:
                     2  C6 for element                      1
Z=  1 CN= 0.912     C6(AA)=    3.03
Z=  1 CN= 0.000     C6(AA)=    7.59
                     3  C6 for element                     16
Z= 16 CN= 0.000     C6(AA)=  134.01
Z= 16 CN= 0.995     C6(AA)=  131.00
Z= 16 CN= 1.990     C6(AA)=  125.81
                     5  C6 for element                     32
Z= 32 CN= 0.000     C6(AA)=  363.55
Z= 32 CN= 0.943     C6(AA)=  316.85
Z= 32 CN= 1.945     C6(AA)=  286.65
Z= 32 CN= 2.919     C6(AA)=  229.95
Z= 32 CN= 3.897     C6(AA)=  180.29

#           XYZ [au]              R0(AA) [Ang.]  CN          C6(AA)     C8(AA)   C10(AA) [au]
  1  -9.30874  -0.19111  -3.34928   s   0.794  2.020       125.9      6167.3    370127.4
  2  -9.15572   0.28015   3.81381   s   0.794  2.020       125.9      6167.4    370128.9
  3  -3.67547  -4.60617   0.32523   ge  1.089  4.088       180.5     16625.8   1875814.4
  4  -7.77008  -5.85982   0.51816   s   0.794  2.020       125.9      6167.3    370127.6
  5  -5.16528   0.85394  -3.28145   ge  1.089  4.082       180.5     16626.7   1875916.1
  6  -4.28855   3.49261  -0.04803   s   0.794  2.025       125.9      6167.2    370119.2
  7  -4.99407   1.19251   3.45199   ge  1.089  4.085       180.5     16626.3   1875873.7
  8  -2.67873  -2.60474  -3.30895   s   0.794  2.022       125.9      6167.3    370125.2
  9  -2.60675  -2.33271   3.75417   s   0.794  2.024       125.9      6167.2    370121.6
 10  -9.91490  -2.17956   0.39225   ge  1.089  4.087       180.5     16626.0   1875835.1
 11  -2.06997  -6.99665   0.33497   h   0.395  0.981         3.1        37.5       554.9
 12  -4.56345   2.29267  -5.70219   h   0.395  0.981         3.1        37.5       554.9
 13  -4.16418   2.85216   5.65403   h   0.395  0.981         3.1        37.5       554.9
 14 -12.72388  -2.79406   0.54754   h   0.395  0.981         3.1        37.5       554.9

molecular C6(AA) [au] =     16390.11

           DFT-D V3(BJ)
 DF pbe                                               
 parameters
 s6       :    1.0000
 s8       :    0.7875
 a1       :    0.4289
 a2       :    4.4407
 k1-k3    :   16.0000    1.3333   -4.0000
 
 Edisp /kcal,au:   -23.7572 -0.03785947

 E6    /kcal :   -13.4201
 E8    /kcal :   -10.3371
 % E8        : 43.51
 nuclear repulsion energy                  =    3760.077956744
 empirical dispersive energy correction    =      -0.037859475
 nuclear repulsion + dispersion correction =    3760.040097269


         -----------------
         -S,T+V- integrals
         -----------------

 1e-integrals will be neglected if expon. factor < 0.133678E-10
 
   Difference densities algorithm switched on.
   The maximal number of linear combinations of
   difference densities is                    20 .

 DIIS switched on: error vector is FDS-SDF
 Max. Iterations for DIIS is     :   4
 DIIS matrix (see manual) 
    Scaling factor of diagonals  :  1.200
    threshold for scaling factor :  0.000

 scf convergence criterion : increment of total energy < .1000000D-05
                  and increment of one-electron energy < .1000000D-02

  MOs are in ASCII format !


 reading orbital data $scfmo  from file mos
 orbital characterization : expanded
 mo provided and orthogonalized by Cholesky decomposition

 DSCF restart information will be dumped onto file mos

 
                                              current damping :  0.700
 ITERATION  ENERGY          1e-ENERGY        2e-ENERGY     NORM[dD(SAO)]  TOL
   1  -10695.463158222    -22353.742913     7898.2396577    0.000D+00 0.133D-09
                            Exc =  -471.422477419562     N = 228.00111494    
          max. resid. norm for Fia-block=  8.714D-01 for orbital      8a         
          max. resid. fock norm         =  1.605D+00 for orbital      8a         
          Delta Eig. =   123.6665586304 eV 
 
                                              current damping :  0.650
 ITERATION  ENERGY          1e-ENERGY        2e-ENERGY     NORM[dD(SAO)]  TOL
   2  -10697.057604748    -22373.282736     7916.1850343    0.121D+01 0.847D-10
                            Exc =  -470.354550576947     N = 228.00131018    
          Norm of current diis error:  1.8871    
          max. resid. norm for Fia-block=  3.705D-01 for orbital      5a         
          max. resid. fock norm         =  6.629D-01 for orbital      5a         
          Delta Eig. =    57.6540490059 eV 
 
                                              current damping :  0.550
 ITERATION  ENERGY          1e-ENERGY        2e-ENERGY     NORM[dD(SAO)]  TOL
   3  -10697.438152250    -22379.584262     7922.1060126    0.366D+00 0.649D-10
                            Exc =  -469.843883026787     N = 228.00144433    
          Norm of current diis error: 0.82250    
          max. resid. norm for Fia-block=  1.474D-01 for orbital      6a         
          max. resid. fock norm         =  2.610D-01 for orbital      6a         
          Delta Eig. =    24.6001449038 eV 
 
                                              current damping :  0.450
 ITERATION  ENERGY          1e-ENERGY        2e-ENERGY     NORM[dD(SAO)]  TOL
   4  -10697.537436808    -22385.012481     7927.4349470    0.149D+00 0.544D-10
                            Exc =  -469.646543478518     N = 228.00160984    
          Norm of current diis error: 0.29198    
          max. resid. norm for Fia-block=  5.252D-02 for orbital      6a         
          max. resid. fock norm         =  9.288D-02 for orbital      6a         
          Delta Eig. =     9.6181572528 eV 
 
                                              current damping :  0.300
 ITERATION  ENERGY          1e-ENERGY        2e-ENERGY     NORM[dD(SAO)]  TOL
   5  -10697.552944338    -22385.275280     7927.6822382    0.620D-01 0.493D-10
                            Exc =  -469.544019974830     N = 228.00168704    
          Norm of current diis error: 0.10444    
          max. resid. norm for Fia-block=  1.625D-02 for orbital      8a         
          max. resid. fock norm         =  2.872D-02 for orbital      8a         
 mo-orthogonalization: Cholesky decomposition
          Delta Eig. =     3.1668651944 eV 
 
                                              current damping :  0.200
 ITERATION  ENERGY          1e-ENERGY        2e-ENERGY     NORM[dD(SAO)]  TOL
   6  -10697.555039451    -22387.085250     7929.4901129    0.172D-01 0.467D-10
                            Exc =  -469.533046294675     N = 228.00176337    
          Norm of current diis error: 0.34435E-01
          max. resid. norm for Fia-block=  3.759D-03 for orbital      9a         
          max. resid. fock norm         =  6.701D-03 for orbital      9a         
          Delta Eig. =     0.9469788019 eV 
 
                                              current damping :  0.250
 ITERATION  ENERGY          1e-ENERGY        2e-ENERGY     NORM[dD(SAO)]  TOL
   7  -10697.555178254    -22386.036225     7928.4409500    0.419D-02 0.459D-10
                            Exc =  -469.512967217485     N = 228.00175061    
          Norm of current diis error: 0.21270E-01
          max. resid. norm for Fia-block=  7.951D-04 for orbital     97a         
          max. resid. fock norm         =  1.091D-03 for orbital      5a         
          Delta Eig. =     0.1004581384 eV 
 
                                              current damping :  0.300
 ITERATION  ENERGY          1e-ENERGY        2e-ENERGY     NORM[dD(SAO)]  TOL
   8  -10697.555241435    -22386.463682     7928.8683431    0.132D-02 0.456D-10
                            Exc =  -469.516138322822     N = 228.00176305    
          Norm of current diis error: 0.16581E-02
          max. resid. norm for Fia-block=  1.237D-04 for orbital      7a         
          max. resid. fock norm         =  2.174D-04 for orbital      7a         
          Delta Eig. =     0.0327610627 eV 
 
                                              current damping :  0.150
 ITERATION  ENERGY          1e-ENERGY        2e-ENERGY     NORM[dD(SAO)]  TOL
   9  -10697.555241470    -22386.487978     7928.8926395    0.840D-03 0.455D-10
                            Exc =  -469.516693799367     N = 228.00176362    
          Norm of current diis error: 0.14935E-02
          max. resid. norm for Fia-block=  7.216D-05 for orbital    107a         
          max. resid. fock norm         =  1.151D-04 for orbital    112a         
          Delta Eig. =     0.0113221661 eV 
 
                                              current damping :  0.050
 ITERATION  ENERGY          1e-ENERGY        2e-ENERGY     NORM[dD(SAO)]  TOL
  10  -10697.555241903    -22386.494072     7928.8987324    0.256D-03 0.454D-10
                            Exc =  -469.516546321420     N = 228.00176415    
          Norm of current diis error: 0.38598E-03
          max. resid. norm for Fia-block=  2.124D-05 for orbital    114a         
          max. resid. fock norm         =  3.682D-05 for orbital    112a         
 mo-orthogonalization: Cholesky decomposition
          Delta Eig. =     0.0036028994 eV 

 ENERGY CONVERGED !

 Big Grid 
 e2xc, e2xcold =   -469.51639976   -469.51639976
 
                                              current damping :  0.500
 ITERATION  ENERGY          1e-ENERGY        2e-ENERGY     NORM[dD(SAO)]  TOL
  11  -10697.559603933    -22386.490439     7928.8907377    0.811D-04 0.453D-10
                            Exc =  -469.520761771159     N = 227.99985897    
          max. resid. norm for Fia-block=  2.925D-05 for orbital    100a         
          max. resid. fock norm         =  4.655D-05 for orbital    112a         

 convergence criteria satisfied after    11 iterations


   *************************************************************************
   test_job                                                                 
   *************************************************************************


                  ------------------------------------------ 
                 |  total energy      = -10697.55960393349  |
                  ------------------------------------------ 
                 :  kinetic energy    =  10677.97640524206  :
                 :  potential energy  = -21375.53600917555  :
                 :  virial theorem    =      1.99816937700  :
                 :  wavefunction norm =      1.00000000000  :
                  .......................................... 


 <geterg> : there is no data group $energy 


 <skperg> : $end is missing 


 orbitals $scfmo  will be written to file mos

    irrep                110a        111a        112a        113a        114a   
 eigenvalues H         -0.24611    -0.24524    -0.22770    -0.22712    -0.22672
            eV          -6.6971     -6.6733     -6.1961     -6.1803     -6.1693
 occupation              2.0000      2.0000      2.0000      2.0000      2.0000 

    irrep                115a        116a        117a        118a        119a   
 eigenvalues H         -0.09074    -0.09023    -0.08943    -0.07061    -0.06559
            eV          -2.4691     -2.4554     -2.4336     -1.9214     -1.7848
 
 
 
 
 ==============================================================================
                           electrostatic moments
 ==============================================================================

 reference point for electrostatic moments:    0.00000   0.00000   0.00000

 
              nuc           elec       ->  total
 ------------------------------------------------------------------------------
                          charge      
 ------------------------------------------------------------------------------
         228.000000    -228.000000      -0.000000
 
 ------------------------------------------------------------------------------
                       dipole moment  
 ------------------------------------------------------------------------------
   x   -1356.449399    1356.495841       0.046441
   y    -271.752464     271.773494       0.021030
   z      51.328993     -51.337166      -0.008172
 
   | dipole moment | =     0.0516 a.u. =     0.1312 debye 
 
 ------------------------------------------------------------------------------
                     quadrupole moment
 ------------------------------------------------------------------------------
  xx    9645.732354   -9756.533344    -110.800990
  yy    1911.977491   -2022.183768    -110.206277
  zz    1616.320217   -1726.374472    -110.054255
  xy    1614.452165   -1614.577593      -0.125428
  xz    -312.891479     312.925749       0.034271
  yz     -60.200987      60.200271      -0.000716
 
     1/3  trace=    -110.353841
     anisotropy=       0.719670
 
 ==============================================================================
 

    dscf profiling
  --------------------------------------------------------------------
             module   cpu total (s)       %  wall total (s)       %

          dscf.total           128.9  100.00            40.7  100.00
        dscf.prepare             0.3    0.25             0.4    1.04
      prepare.oneint             0.0    0.01             0.0    0.03
     prepare.moinput             0.0    0.01             0.0    0.08
     moinput_orthmos             0.0    0.01             0.0    0.02
            dscf.scf           128.5   99.73            40.2   98.71
             scf.pre             0.0    0.00             0.0    0.03
        scf.makedmat            12.1    9.36             0.7    1.74
          scf.shloop            34.5   26.77            29.3   72.04
          shloop_omp            34.0   26.39            29.3   71.98
          scf.symcar             0.0    0.00             0.0    0.01
        scf.makefock             0.0    0.02             6.4   15.78
          scf.energy             0.0    0.00             0.0    0.00
             scf.dft             0.6    0.45             0.6    1.44
        dft_grid_con             0.0    0.00             0.0    0.01
          scf.newerg             0.0    0.00             0.0    0.00
          scf.newcnv             6.4    4.95             0.2    0.58
           scf.fdiag            39.6   30.72             1.3    3.22
         diag_tritrn             0.2    0.15             0.0    0.01
          diag_rdiag             4.9    3.78             0.2    0.38
          scf.modump            16.0   12.45             0.9    2.13
           ortho_all             0.2    0.19             0.0    0.02
     scf_loop_mkdmat             0.0    0.00             0.0    0.00
            scf.post             2.8    2.16             0.2    0.39
        dscf.postscf             0.0    0.02             0.1    0.24
 


    ------------------------------------------------------------------------
         total  cpu-time :  2 minutes and  9 seconds
         total wall-time :  41.61 seconds
    ------------------------------------------------------------------------

   ****  dscf : all done  ****


    2020-08-03 09:05:38.903 

