STARTING dscf ON 12 PROCESSORS!
RUNNING PROGRAM /shared/apps/turbomole/regular/7.3/bin/em64t-unknown-linux-gnu_mpi/dscf_mpi.
/shared/apps/turbomole/regular/7.3/mpirun_scripts/PMPI/bin/mpirun -machinefile NodeFile.27223 -e OMP_NUM_THREADS=1 -e TURBODIR=/shared/apps/turbomole/regular/7.3 -e OMP_STACK_SIZE=256M -e LD_LIBRARY_PATH=/shared/apps/turbomole/regular/7.3/libso/em64t-unknown-linux-gnu_mpi:/shared/apps/python/3.6-anaconda/lib:/shared/apps/gcc/4.9.0/lib:/shared/apps/gcc/4.9.0/lib64:/shared/apps/gaussian09/D.01/g09/bsd:/shared/apps/gaussian09/D.01/g09/local:/shared/apps/gaussian09/D.01/g09/extras:/shared/apps/gaussian09/D.01/g09:/shared/apps/intel/composer_xe_2013_sp1.2.144/compiler/lib/intel64:/shared/apps/openmpi/1.8.1/intel/2013.sp1.2.144/lib:/shared/apps/slurm/current/lib:/shared/apps/turbomole/regular/6.6/libso/em64t-unknown-linux-gnu_mpi:/shared/apps/intel/composer_xe_2013_sp1.2.144/mkl/lib/intel64:/shared/apps/gaussian09/D.01/gv/lib:/shared/apps/intel/parallel_studio_xe_2016/compilers_and_libraries_2016.0.109/linux/compiler/lib/intel64:/shared/apps/intel/parallel_studio_xe_2016/compilers_and_libraries_2016.0.109/linux/mpi/intel64/lib:/shared/apps/intel/parallel_studio_xe_2016/compilers_and_libraries_2016.0.109/linux/ipp/../compiler/lib/intel64:/shared/apps/intel/parallel_studio_xe_2016/compilers_and_libraries_2016.0.109/linux/ipp/lib/intel64:/shared/apps/intel/parallel_studio_xe_2016/compilers_and_libraries_2016.0.109/linux/compiler/lib/intel64:/shared/apps/intel/parallel_studio_xe_2016/compilers_and_libraries_2016.0.109/linux/mkl/lib/intel64:/shared/apps/intel/parallel_studio_xe_2016/compilers_and_libraries_2016.0.109/linux/tbb/lib/intel64/gcc4.4:/shared/apps/intel/parallel_studio_xe_2016/debugger_2016/libipt/intel64/lib:/shared/apps/intel/parallel_studio_xe_2016/compilers_and_libraries_2016.0.109/linux/daal/lib/intel64_lin:/shared/apps/intel/parallel_studio_xe_2016/compilers_and_libraries_2016.0.109/linux/daal/../tbb/lib/intel64_lin/gcc4.4:/shared/apps/intel/parallel_studio_xe_2016/compilers_and_libraries_2016.0.109/linux/daal/../compiler/lib/intel64_lin:/shared/apps/R/3.3.1/lib64:/shared/apps/R/3.3.1/3rdparty:/shared/apps/R/3.3.1/lib64/R/lib:/shared/apps/turbomole/regular/7.3/libso/em64t-unknown-linux-gnu_mpi /shared/apps/turbomole/regular/7.3/bin/em64t-unknown-linux-gnu_mpi/dscf_mpi
 this is node-proc. number 1 running on node node116
 the total number of node-proc. spawned is  13
  parallel platform: MPP or cluster with fast interconnect

   OpenMP run-time library returned nthreads =  1

 dscf (node116) : TURBOMOLE V7.3 ( 22135 ) 4 Jul 2018 at 10:54:32
 Copyright (C) 2018 TURBOMOLE GmbH, Karlsruhe


    2020-07-30 16:11:36.803 


 SCF run will be profiled !



                             d s c f - program

                   idea & directorship : reinhart ahlrichs
                   program development : marco haeser
                                         michael baer
                           dft version : oliver treutler
           parallelized version : malte v. arnim, gina corongiu, GMD 


                          quantum chemistry group
                          universitaet  karlsruhe
                                  germany




                          References             
                                                 
          TURBOMOLE:                             
              R. Ahlrichs, M. Baer, M. Haeser, H. Horn, and
              C. Koelmel
              Electronic structure calculations on workstation
              computers: the program system TURBOMOLE
              Chem. Phys. Lett. 162: 165 (1989)
          Density Functional:                              
              O. Treutler and R. Ahlrichs                      
              Efficient Molecular Numerical Integration Schemes
              J. Chem. Phys. 102: 346 (1995)                   
          Parallel Version:                                
              Performance of parallel TURBOMOLE for Density    
              Functional Calculations                          
              M. v. Arnim and R. Ahlrichs                      
              J. Comp. Chem. 19: 1746 (1998)                   
                                         




              +--------------------------------------------------+
              | Atomic coordinate, charge and isotop information |
              +--------------------------------------------------+

                    atomic coordinates            atom    charge  isotop
          8.87741877    0.60235814    4.05760803    s     16.000     0
         10.07203484    0.00496752    0.00424395    ge    32.000     0
         13.77326055   -0.00213993   -0.00195719    c      6.000     0
         14.46121988    1.83427211    0.72350206    h      1.000     0
         14.45440874   -1.55359695    1.22346161    h      1.000     0
         14.44778148   -0.29255814   -1.95990129    h      1.000     0
          8.88335912    3.22055932   -2.53732431    s     16.000     0
          4.61696904    3.04457518   -2.40645189    ge    32.000     0
          3.40226594    5.78175957   -4.57547198    c      6.000     0
          1.31116852    5.76232525   -4.56389344    h      1.000     0
          4.11610337    5.47605120   -6.51692369    h      1.000     0
          4.11299231    7.60222175   -3.83199703    h      1.000     0
          3.12001607   -0.58929541   -4.06409641    s     16.000     0
          4.60561425   -3.59374924   -1.42811365    ge    32.000     0
          3.38919319   -6.83909422   -2.71462843    c      6.000     0
          1.29849602   -6.81754661   -2.70039747    h      1.000     0
          4.10578244   -8.36775831   -1.48065201    h      1.000     0
          4.09740774   -7.10523134   -4.66401226    h      1.000     0
          3.11402639   -3.20917051    2.54727050    s     16.000     0
          4.61086712    0.57065364    3.83523659    ge    32.000     0
          3.39416147    1.07718074    7.29030450    c      6.000     0
          1.30332408    1.07138457    7.26781090    h      1.000     0
          4.10843543   -0.47409449    8.49751012    h      1.000     0
          4.10551259    2.91315776    7.99423145    h      1.000     0
          3.12571907    3.82688589    1.51338944    s     16.000     0
          8.87085953   -3.80121906   -1.50631184    s     16.000     0
         -8.87744447   -0.60494574   -4.05724313    s     16.000     0
        -10.07204844   -0.00491140   -0.00425944    ge    32.000     0
        -13.77328758    0.00237104    0.00199801    c      6.000     0
        -14.44772459    0.29258346    1.95998444    h      1.000     0
        -14.46141037   -1.83391458   -0.72365871    h      1.000     0
        -14.45440818    1.55402592   -1.22320026    h      1.000     0
         -8.88337707   -3.21893000    2.53930777    s     16.000     0
         -4.61703235   -3.04298554    2.40846218    ge    32.000     0
         -3.40228011   -5.77860089    4.57942812    c      6.000     0
         -4.11453206   -5.47052999    6.52109280    h      1.000     0
         -4.11448860   -7.59948769    3.83838582    h      1.000     0
         -1.31119913   -5.76030173    4.56631626    h      1.000     0
         -3.12010073    0.59185693    4.06374284    s     16.000     0
         -4.60555113    3.59459754    1.42575660    ge    32.000     0
         -3.38910910    6.84090325    2.70983892    c      6.000     0
         -1.29838792    6.81845538    2.69785730    h      1.000     0
         -4.10373946    8.36833675    1.47322406    h      1.000     0
         -4.09929690    7.10967938    4.65813862    h      1.000     0
         -3.11393266    3.20752891   -2.54939115    s     16.000     0
         -4.61082649   -0.57320968   -3.83493121    ge    32.000     0
         -3.39425293   -1.08227185   -7.28969563    c      6.000     0
         -4.11014676    0.46704789   -8.49845177    h      1.000     0
         -4.10412780   -2.91966693   -7.99146433    h      1.000     0
         -1.30342669   -1.07460164   -7.26756505    h      1.000     0
         -3.12555826   -3.82780260   -1.51081827    s     16.000     0
         -8.87079358    3.80215788    1.50391926    s     16.000     0
 
       center of nuclear mass  :    0.00000669   -0.00000320   -0.00000484
       center of nuclear charge:    0.00000651   -0.00000258   -0.00000515

   *************************************************************************
   test_job                                                                 
   *************************************************************************



              +--------------------------------------------------+
              |               basis set information              |
              +--------------------------------------------------+

              we will work with the 1s 3p 5d 7f 9g ... basis set
              ...i.e. with spherical basis functions...

   type   atoms  prim   cont   basis
   ---------------------------------------------------------------------------
    s       12     84     18   cc-pVDZ   [4s3p1d|34s15p1d]
    ge       8    176     27   cc-pVDZ   [5s4p2d|53s31p6d]
    c        8     34     14   cc-pVDZ   [3s2p1d|17s4p1d]
    h       24      7      5   cc-pVDZ   [2s1p|4s1p]
   ---------------------------------------------------------------------------
   total:   52   2856    664
   ---------------------------------------------------------------------------

   total number of primitive shells          :  167
   total number of contracted shells         :  304
   total number of cartesian basis functions :  700
   total number of SCF-basis functions       :  664


 integral neglect threshold       :  0.48E-10
 integral storage threshold THIZE :  0.10E-04
 integral storage threshold THIME :         5


 symmetry group of the molecule :   c1 

 the group has the following generators :
   c1(z)

    1 symmetry operations found

 there are 1 real representations :   a   

 maximum number of shells which are related by symmetry :  1


    mo occupation :
   irrep   mo's   occupied
    a      664      260
 
 number of basis functions   :                    664
 number of occupied orbitals :                    260
 

 automatic virtual orbital shift switched on 
      shift if e(lumo)-e(homo) < 0.10000000    


 keyword $2e-ints_shell_statistics missing in file <control>

 ! One task per shell generated
  No pre-computed optimal task distribution found
  ... using automatic task generation
  
           ------------------
           density functional
           ------------------
 PBE functional
 exchange:    LDA + PBE
 correlation: LDA (PW) + PBE

 iterations will be done with small grid
  
 spherical integration : Lebedev's spherical grid
 spherical gridsize    :                     3
    i.e. gridpoints    :                   302
 value for diffuse not defined
 radial integration    : Chebyshev 2nd kind (scaling 3)
 radial gridsize       :                     3
 integration cells     :                    52
 partition function    : becke
 partition sharpness   :                     3
  

 <rddim> : input of entry tasksize
           from data group '$pardft' failed !

               Default values taken

 <rddim> : input of entry memdiv
           from data group '$pardft' failed !

               Default values taken
  DSCF: memory allocation for DFT gridpoints
  MEMORY is divided by 1 as DEFAULT
 Each node can hold at most  the                      1 -th part
 of the gridpoints    

          ------------------------
          nuclear repulsion energy  :   14852.7865836    
          ------------------------

  _________________________________
 |                                 |
 |         DFTD3 V3.1 Rev 0        |
 | S.Grimme, University Bonn       |
 |            June  2014           |
 |   see standalone version        |
 |       dftd3 -h for options      |
 |_________________________________|
 
 Please cite DFT-D3 work done with this code as:
 S. Grimme, J. Antony, S. Ehrlich and H. Krieg,
 J. Chem. Phys, 132 (2010), 154104.
 If used with BJ-damping cite also
 S. Grimme, S. Ehrlich and L. Goerigk,
 J. Comput. Chem. 32 (2011), 1456-1465
 For DFT-D2 the reference is
 S. Grimme, J. Comput. Chem., 27 (2006), 1787-1799
 
C6 coefficients used:
                     2  C6 for element                      1
Z=  1 CN= 0.912     C6(AA)=    3.03
Z=  1 CN= 0.000     C6(AA)=    7.59
                     5  C6 for element                      6
Z=  6 CN= 0.000     C6(AA)=   49.11
Z=  6 CN= 0.987     C6(AA)=   43.25
Z=  6 CN= 1.998     C6(AA)=   29.36
Z=  6 CN= 2.999     C6(AA)=   25.78
Z=  6 CN= 3.984     C6(AA)=   18.21
                     3  C6 for element                     16
Z= 16 CN= 0.000     C6(AA)=  134.01
Z= 16 CN= 0.995     C6(AA)=  131.00
Z= 16 CN= 1.990     C6(AA)=  125.81
                     5  C6 for element                     32
Z= 32 CN= 0.000     C6(AA)=  363.55
Z= 32 CN= 0.943     C6(AA)=  316.85
Z= 32 CN= 1.945     C6(AA)=  286.65
Z= 32 CN= 2.919     C6(AA)=  229.95
Z= 32 CN= 3.897     C6(AA)=  180.29

#           XYZ [au]              R0(AA) [Ang.]  CN          C6(AA)     C8(AA)   C10(AA) [au]
  1   8.87742   0.60236   4.05761   s   0.794  2.037       125.9      6166.9    370100.5
  2  10.07203   0.00497   0.00424   ge  1.089  4.144       180.4     16618.5   1874990.9
  3  13.77326  -0.00214  -0.00196   c   0.610  3.979        18.3       530.6     18799.9
  4  14.46122   1.83427   0.72350   h   0.395  1.007         3.1        37.3       552.7
  5  14.45441  -1.55360   1.22346   h   0.395  1.007         3.1        37.3       552.7
  6  14.44778  -0.29256  -1.95990   h   0.395  1.007         3.1        37.3       552.7
  7   8.88336   3.22056  -2.53732   s   0.794  2.037       125.9      6166.9    370100.4
  8   4.61697   3.04458  -2.40645   ge  1.089  4.152       180.4     16617.8   1874910.0
  9   3.40227   5.78176  -4.57547   c   0.610  3.981        18.3       530.6     18797.2
 10   1.31117   5.76233  -4.56389   h   0.395  1.010         3.1        37.3       552.5
 11   4.11610   5.47605  -6.51692   h   0.395  1.007         3.1        37.3       552.7
 12   4.11299   7.60222  -3.83200   h   0.395  1.007         3.1        37.3       552.7
 13   3.12002  -0.58930  -4.06410   s   0.794  2.063       125.9      6166.3    370064.8
 14   4.60561  -3.59375  -1.42811   ge  1.089  4.152       180.4     16617.7   1874906.8
 15   3.38919  -6.83909  -2.71463   c   0.610  3.981        18.3       530.6     18797.0
 16   1.29850  -6.81755  -2.70040   h   0.395  1.010         3.1        37.3       552.4
 17   4.10578  -8.36776  -1.48065   h   0.395  1.007         3.1        37.3       552.6
 18   4.09741  -7.10523  -4.66401   h   0.395  1.007         3.1        37.3       552.7
 19   3.11403  -3.20917   2.54727   s   0.794  2.063       125.9      6166.3    370064.3
 20   4.61087   0.57065   3.83524   ge  1.089  4.151       180.4     16617.8   1874912.8
 21   3.39416   1.07718   7.29030   c   0.610  3.981        18.3       530.6     18797.2
 22   1.30332   1.07138   7.26781   h   0.395  1.010         3.1        37.3       552.5
 23   4.10844  -0.47409   8.49751   h   0.395  1.007         3.1        37.3       552.7
 24   4.10551   2.91316   7.99423   h   0.395  1.007         3.1        37.3       552.6
 25   3.12572   3.82689   1.51339   s   0.794  2.062       125.9      6166.3    370065.1
 26   8.87086  -3.80122  -1.50631   s   0.794  2.037       125.9      6166.9    370099.8
 27  -8.87744  -0.60495  -4.05724   s   0.794  2.037       125.9      6166.9    370100.5
 28 -10.07205  -0.00491  -0.00426   ge  1.089  4.144       180.4     16618.5   1874991.0
 29 -13.77329   0.00237   0.00200   c   0.610  3.979        18.3       530.6     18799.9
 30 -14.44772   0.29258   1.95998   h   0.395  1.007         3.1        37.3       552.7
 31 -14.46141  -1.83391  -0.72366   h   0.395  1.007         3.1        37.3       552.7
 32 -14.45441   1.55403  -1.22320   h   0.395  1.007         3.1        37.3       552.7
 33  -8.88338  -3.21893   2.53931   s   0.794  2.037       125.9      6166.9    370100.4
 34  -4.61703  -3.04299   2.40846   ge  1.089  4.152       180.4     16617.8   1874909.8
 35  -3.40228  -5.77860   4.57943   c   0.610  3.981        18.3       530.6     18797.2
 36  -4.11453  -5.47053   6.52109   h   0.395  1.007         3.1        37.3       552.7
 37  -4.11449  -7.59949   3.83839   h   0.395  1.007         3.1        37.3       552.7
 38  -1.31120  -5.76030   4.56632   h   0.395  1.010         3.1        37.3       552.5
 39  -3.12010   0.59186   4.06374   s   0.794  2.063       125.9      6166.3    370064.8
 40  -4.60555   3.59460   1.42576   ge  1.089  4.152       180.4     16617.7   1874906.7
 41  -3.38911   6.84090   2.70984   c   0.610  3.981        18.3       530.6     18797.0
 42  -1.29839   6.81846   2.69786   h   0.395  1.010         3.1        37.3       552.4
 43  -4.10374   8.36834   1.47322   h   0.395  1.007         3.1        37.3       552.6
 44  -4.09930   7.10968   4.65814   h   0.395  1.007         3.1        37.3       552.7
 45  -3.11393   3.20753  -2.54939   s   0.794  2.063       125.9      6166.3    370064.4
 46  -4.61083  -0.57321  -3.83493   ge  1.089  4.151       180.4     16617.8   1874913.1
 47  -3.39425  -1.08227  -7.28970   c   0.610  3.981        18.3       530.6     18797.2
 48  -4.11015   0.46705  -8.49845   h   0.395  1.007         3.1        37.3       552.7
 49  -4.10413  -2.91967  -7.99146   h   0.395  1.007         3.1        37.3       552.6
 50  -1.30343  -1.07460  -7.26757   h   0.395  1.010         3.1        37.3       552.5
 51  -3.12556  -3.82780  -1.51082   s   0.794  2.062       125.9      6166.3    370065.1
 52  -8.87079   3.80216   1.50392   s   0.794  2.037       125.9      6166.9    370099.7

molecular C6(AA) [au] =    100947.05

           DFT-D V3(BJ)
 DF pbe                                               
 parameters
 s6       :    1.0000
 s8       :    0.7875
 a1       :    0.4289
 a2       :    4.4407
 k1-k3    :   16.0000    1.3333   -4.0000
 
 Edisp /kcal,au:   -79.5055 -0.12670000

 E6    /kcal :   -48.0431
 E8    /kcal :   -31.4624
 % E8        : 39.57
 nuclear repulsion energy                  =   14852.786583630
 empirical dispersive energy correction    =      -0.126699997
 nuclear repulsion + dispersion correction =   14852.659883633


         -----------------
         -S,T+V- integrals
         -----------------

 1e-integrals will be neglected if expon. factor < 0.477423E-11
 
   Difference densities algorithm switched on.
   The maximal number of linear combinations of
   difference densities is                    20 .

 DIIS switched on: error vector is FDS-SDF
 Max. Iterations for DIIS is     :   4
 DIIS matrix (see manual) 
    Scaling factor of diagonals  :  1.200
    threshold for scaling factor :  0.000

 scf convergence criterion : increment of total energy < .1000000D-05
                  and increment of one-electron energy < .1000000D-02

  MOs are in ASCII format !


 reading orbital data $scfmo  from file mos
 orbital characterization : expanded
 mo provided and orthogonalized by Cholesky decomposition

 DSCF restart information will be dumped onto file mos

 
                                              current damping :  0.700
 ITERATION  ENERGY          1e-ENERGY        2e-ENERGY     NORM[dD(SAO)]  TOL
   1  -21704.263934447    -59776.508922     23219.585104    0.000D+00 0.476D-10
                            Exc =  -990.816343679006     N = 520.00070359    
          max. resid. norm for Fia-block=  8.854D-01 for orbital     18a         
          max. resid. fock norm         =  1.614D+00 for orbital     18a         
          Delta Eig. =   123.6889839273 eV 
 
                                              current damping :  0.650
 ITERATION  ENERGY          1e-ENERGY        2e-ENERGY     NORM[dD(SAO)]  TOL
   2  -21708.101582425    -59828.637834     23267.876368    0.211D+01 0.303D-10
                            Exc =  -989.224442689787     N = 520.00049608    
          Norm of current diis error:  2.8924    
          max. resid. norm for Fia-block=  3.767D-01 for orbital     20a         
          max. resid. fock norm         =  6.658D-01 for orbital     20a         
          Delta Eig. =    58.1024796854 eV 
 
                                              current damping :  0.550
 ITERATION  ENERGY          1e-ENERGY        2e-ENERGY     NORM[dD(SAO)]  TOL
   3  -21709.034393630    -59843.580980     23281.886702    0.646D+00 0.234D-10
                            Exc =  -988.425245032664     N = 520.00050383    
          Norm of current diis error:  1.3135    
          max. resid. norm for Fia-block=  1.509D-01 for orbital     14a         
          max. resid. fock norm         =  2.625D-01 for orbital     14a         
          Delta Eig. =    24.7366536068 eV 
 
                                              current damping :  0.450
 ITERATION  ENERGY          1e-ENERGY        2e-ENERGY     NORM[dD(SAO)]  TOL
   4  -21709.289591065    -59856.503063     23294.553588    0.256D+00 0.196D-10
                            Exc =  -988.208199087161     N = 520.00045769    
          Norm of current diis error: 0.48102    
          max. resid. norm for Fia-block=  5.354D-02 for orbital     14a         
          max. resid. fock norm         =  9.338D-02 for orbital     14a         
          Delta Eig. =     9.6474842535 eV 
 
                                              current damping :  0.350
 ITERATION  ENERGY          1e-ENERGY        2e-ENERGY     NORM[dD(SAO)]  TOL
   5  -21709.332237707    -59857.816774     23295.824652    0.106D+00 0.176D-10
                            Exc =  -988.054940987647     N = 520.00044269    
          Norm of current diis error: 0.17096    
          max. resid. norm for Fia-block=  1.646D-02 for orbital     13a         
          max. resid. fock norm         =  2.888D-02 for orbital     18a         
 mo-orthogonalization: Cholesky decomposition
          Delta Eig. =     3.1472006683 eV 
 
                                              current damping :  0.250
 ITERATION  ENERGY          1e-ENERGY        2e-ENERGY     NORM[dD(SAO)]  TOL
   6  -21709.337644715    -59861.725115     23299.727586    0.426D-01 0.167D-10
                            Exc =  -988.057285646729     N = 520.00042345    
          Norm of current diis error: 0.57272E-01
          max. resid. norm for Fia-block=  4.299D-03 for orbital     13a         
          max. resid. fock norm         =  7.608D-03 for orbital     10a         
          Delta Eig. =     1.0193428007 eV 
 
                                              current damping :  0.300
 ITERATION  ENERGY          1e-ENERGY        2e-ENERGY     NORM[dD(SAO)]  TOL
   7  -21709.337866172    -59859.388508     23297.390758    0.257D-01 0.164D-10
                            Exc =  -988.023674275225     N = 520.00042137    
          Norm of current diis error: 0.50028E-01
          max. resid. norm for Fia-block=  1.412D-03 for orbital    249a         
          max. resid. fock norm         =  2.515D-03 for orbital    199a         
          Delta Eig. =     0.1809923299 eV 
 
                                              current damping :  0.350
 ITERATION  ENERGY          1e-ENERGY        2e-ENERGY     NORM[dD(SAO)]  TOL
   8  -21709.338285239    -59860.450172     23298.452003    0.460D-02 0.163D-10
                            Exc =  -988.023047719466     N = 520.00042456    
          Norm of current diis error: 0.12316E-01
          max. resid. norm for Fia-block=  3.942D-04 for orbital    215a         
          max. resid. fock norm         =  5.909D-04 for orbital    239a         
          Delta Eig. =     0.0324015016 eV 
 
                                              current damping :  0.200
 ITERATION  ENERGY          1e-ENERGY        2e-ENERGY     NORM[dD(SAO)]  TOL
   9  -21709.338304198    -59860.680349     23298.682161    0.129D-02 0.163D-10
                            Exc =  -988.029412664903     N = 520.00042085    
          Norm of current diis error: 0.45574E-02
          max. resid. norm for Fia-block=  1.151D-04 for orbital    244a         
          max. resid. fock norm         =  2.207D-04 for orbital    239a         
          Delta Eig. =     0.0228573996 eV 
 
                                              current damping :  0.250
 ITERATION  ENERGY          1e-ENERGY        2e-ENERGY     NORM[dD(SAO)]  TOL
  10  -21709.338307138    -59860.621213     23298.623022    0.801D-03 0.163D-10
                            Exc =  -988.028872737475     N = 520.00042178    
          Norm of current diis error: 0.14843E-02
          max. resid. norm for Fia-block=  4.859D-05 for orbital    240a         
          max. resid. fock norm         =  6.903D-05 for orbital    190a         
 mo-orthogonalization: Cholesky decomposition
          Delta Eig. =     0.0049248644 eV 
 
                                              current damping :  0.300
 ITERATION  ENERGY          1e-ENERGY        2e-ENERGY     NORM[dD(SAO)]  TOL
  11  -21709.338307380    -59860.645228     23298.647037    0.273D-03 0.162D-10
                            Exc =  -988.028129340018     N = 520.00042172    
          Norm of current diis error: 0.76065E-03
          max. resid. norm for Fia-block=  1.818D-05 for orbital    240a         
          max. resid. fock norm         =  2.685D-05 for orbital    192a         
          Delta Eig. =     0.0017412490 eV 
 
                                              current damping :  0.350
 ITERATION  ENERGY          1e-ENERGY        2e-ENERGY     NORM[dD(SAO)]  TOL
  12  -21709.338307513    -59860.630121     23298.631930    0.722D-04 0.162D-10
                            Exc =  -988.028211199841     N = 520.00042172    
          Norm of current diis error: 0.15900E-03
          max. resid. norm for Fia-block=  6.659D-06 for orbital    256a         
          max. resid. fock norm         =  1.214D-05 for orbital    194a         
          Delta Eig. =     0.0007546271 eV 
 
                                              current damping :  0.400
 ITERATION  ENERGY          1e-ENERGY        2e-ENERGY     NORM[dD(SAO)]  TOL
  13  -21709.338307683    -59860.636749     23298.638557    0.208D-04 0.162D-10
                            Exc =  -988.028333807398     N = 520.00042171    
          Norm of current diis error: 0.78377E-04
          max. resid. norm for Fia-block=  2.139D-06 for orbital    233a         
          max. resid. fock norm         =  3.539D-06 for orbital    233a         
          Delta Eig. =     0.0001359596 eV 

 ENERGY CONVERGED !

 Big Grid 
 e2xc, e2xcold =   -988.02832519   -988.02832519
 
                                              current damping :  0.500
 ITERATION  ENERGY          1e-ENERGY        2e-ENERGY     NORM[dD(SAO)]  TOL
  14  -21709.348024980    -59860.634048     23298.626140    0.629D-05 0.161D-10
                            Exc =  -988.038042352661     N = 519.99983986    
          max. resid. norm for Fia-block=  1.393D-06 for orbital    232a         
          max. resid. fock norm         =  1.938D-06 for orbital    187a         

 convergence criteria satisfied after    14 iterations


   *************************************************************************
   test_job                                                                 
   *************************************************************************


                  ------------------------------------------ 
                 |  total energy      = -21709.34802498011  |
                  ------------------------------------------ 
                 :  kinetic energy    =  21667.23113742561  :
                 :  potential energy  = -43376.57916240572  :
                 :  virial theorem    =      1.99805996534  :
                 :  wavefunction norm =      1.00000000000  :
                  .......................................... 


 <geterg> : there is no data group $energy 


 <skperg> : $end is missing 


 orbitals $scfmo  will be written to file mos

    irrep                256a        257a        258a        259a        260a   
 eigenvalues H         -0.21366    -0.21076    -0.21017    -0.20573    -0.20554
            eV          -5.8141     -5.7351     -5.7191     -5.5983     -5.5931
 occupation              2.0000      2.0000      2.0000      2.0000      2.0000 

    irrep                261a        262a        263a        264a        265a   
 eigenvalues H         -0.07414    -0.07391    -0.07029    -0.06977    -0.06640
            eV          -2.0174     -2.0112     -1.9127     -1.8986     -1.8069
 
 
 
 
 ==============================================================================
                           electrostatic moments
 ==============================================================================

 reference point for electrostatic moments:    0.00000   0.00000   0.00000

 
              nuc           elec       ->  total
 ------------------------------------------------------------------------------
                          charge      
 ------------------------------------------------------------------------------
         520.000000    -520.000000       0.000000
 
 ------------------------------------------------------------------------------
                       dipole moment  
 ------------------------------------------------------------------------------
   x       0.003386      -0.003426      -0.000039
   y      -0.001344       0.001311      -0.000033
   z      -0.002681       0.002634      -0.000046
 
   | dipole moment | =     0.0001 a.u. =     0.0002 debye 
 
 ------------------------------------------------------------------------------
                     quadrupole moment
 ------------------------------------------------------------------------------
  xx   23232.392522  -23485.606432    -253.213910
  yy    4639.545756   -4890.797650    -251.251894
  zz    4642.979018   -4894.170892    -251.191873
  xy      25.667183     -25.689505      -0.022323
  xz       4.666085      -4.680272      -0.014187
  yz      -0.737206       0.704493      -0.032714
 
     1/3  trace=    -251.885892
     anisotropy=       1.994035
 
 ==============================================================================
 

    dscf profiling
  --------------------------------------------------------------------
             module   cpu total (s)       %  wall total (s)       %

          dscf.total           860.0  100.00           946.5  100.00
        dscf.prepare             0.5    0.06             0.7    0.07
      prepare.oneint             0.0    0.01             0.0    0.00
     prepare.moinput             0.1    0.01             0.2    0.02
     moinput_orthmos             0.2    0.02             0.2    0.02
            dscf.scf           859.3   99.92           945.6   99.90
             scf.pre             0.0    0.00             0.0    0.00
        scf.makedmat             0.5    0.06            10.3    1.09
          scf.shloop           780.2   90.72           900.2   95.11
          shloop_omp           780.1   90.71           900.2   95.10
          scf.symcar             0.1    0.01             0.1    0.01
        scf.makefock             0.1    0.02             8.9    0.94
          scf.energy             0.0    0.00             0.0    0.00
             scf.dft            10.4    1.21            10.6    1.12
        dft_grid_con             0.2    0.02             0.2    0.03
          scf.newerg             0.0    0.00             0.0    0.00
          scf.newcnv            18.8    2.19             1.8    0.19
           scf.fdiag            25.3    2.94             2.3    0.24
         diag_tritrn             1.3    0.15             0.1    0.01
          diag_rdiag             7.5    0.88             0.7    0.07
          scf.modump            16.4    1.91             4.0    0.42
           ortho_all             1.5    0.17             0.1    0.01
     scf_loop_mkdmat             0.0    0.00             0.0    0.00
            scf.post             0.3    0.03             0.7    0.08
        dscf.postscf             0.1    0.01             0.2    0.03
 


    ------------------------------------------------------------------------
         total  cpu-time : 14 minutes and 20 seconds
         total wall-time : 15 minutes and 47 seconds
    ------------------------------------------------------------------------

   ****  dscf : all done  ****


    2020-07-30 16:27:23.398 

