STARTING dscf ON 12 PROCESSORS!
RUNNING PROGRAM /shared/apps/turbomole/regular/7.3/bin/em64t-unknown-linux-gnu_mpi/dscf_mpi.
/shared/apps/turbomole/regular/7.3/mpirun_scripts/PMPI/bin/mpirun -machinefile NodeFile.26377 -e OMP_NUM_THREADS=1 -e TURBODIR=/shared/apps/turbomole/regular/7.3 -e OMP_STACK_SIZE=256M -e LD_LIBRARY_PATH=/shared/apps/turbomole/regular/7.3/libso/em64t-unknown-linux-gnu_mpi:/shared/apps/python/3.6-anaconda/lib:/shared/apps/gcc/4.9.0/lib:/shared/apps/gcc/4.9.0/lib64:/shared/apps/gaussian09/D.01/g09/bsd:/shared/apps/gaussian09/D.01/g09/local:/shared/apps/gaussian09/D.01/g09/extras:/shared/apps/gaussian09/D.01/g09:/shared/apps/intel/composer_xe_2013_sp1.2.144/compiler/lib/intel64:/shared/apps/openmpi/1.8.1/intel/2013.sp1.2.144/lib:/shared/apps/slurm/current/lib:/shared/apps/turbomole/regular/6.6/libso/em64t-unknown-linux-gnu_mpi:/shared/apps/intel/composer_xe_2013_sp1.2.144/mkl/lib/intel64:/shared/apps/gaussian09/D.01/gv/lib:/shared/apps/intel/parallel_studio_xe_2016/compilers_and_libraries_2016.0.109/linux/compiler/lib/intel64:/shared/apps/intel/parallel_studio_xe_2016/compilers_and_libraries_2016.0.109/linux/mpi/intel64/lib:/shared/apps/intel/parallel_studio_xe_2016/compilers_and_libraries_2016.0.109/linux/ipp/../compiler/lib/intel64:/shared/apps/intel/parallel_studio_xe_2016/compilers_and_libraries_2016.0.109/linux/ipp/lib/intel64:/shared/apps/intel/parallel_studio_xe_2016/compilers_and_libraries_2016.0.109/linux/compiler/lib/intel64:/shared/apps/intel/parallel_studio_xe_2016/compilers_and_libraries_2016.0.109/linux/mkl/lib/intel64:/shared/apps/intel/parallel_studio_xe_2016/compilers_and_libraries_2016.0.109/linux/tbb/lib/intel64/gcc4.4:/shared/apps/intel/parallel_studio_xe_2016/debugger_2016/libipt/intel64/lib:/shared/apps/intel/parallel_studio_xe_2016/compilers_and_libraries_2016.0.109/linux/daal/lib/intel64_lin:/shared/apps/intel/parallel_studio_xe_2016/compilers_and_libraries_2016.0.109/linux/daal/../tbb/lib/intel64_lin/gcc4.4:/shared/apps/intel/parallel_studio_xe_2016/compilers_and_libraries_2016.0.109/linux/daal/../compiler/lib/intel64_lin:/shared/apps/R/3.3.1/lib64:/shared/apps/R/3.3.1/3rdparty:/shared/apps/R/3.3.1/lib64/R/lib:/shared/apps/turbomole/regular/7.3/libso/em64t-unknown-linux-gnu_mpi /shared/apps/turbomole/regular/7.3/bin/em64t-unknown-linux-gnu_mpi/dscf_mpi
 this is node-proc. number 1 running on node node116
 the total number of node-proc. spawned is  13
  parallel platform: MPP or cluster with fast interconnect

   OpenMP run-time library returned nthreads =  1

 dscf (node116) : TURBOMOLE V7.3 ( 22135 ) 4 Jul 2018 at 10:54:32
 Copyright (C) 2018 TURBOMOLE GmbH, Karlsruhe


    2020-07-30 16:09:06.259 


 SCF run will be profiled !



                             d s c f - program

                   idea & directorship : reinhart ahlrichs
                   program development : marco haeser
                                         michael baer
                           dft version : oliver treutler
           parallelized version : malte v. arnim, gina corongiu, GMD 


                          quantum chemistry group
                          universitaet  karlsruhe
                                  germany




                          References             
                                                 
          TURBOMOLE:                             
              R. Ahlrichs, M. Baer, M. Haeser, H. Horn, and
              C. Koelmel
              Electronic structure calculations on workstation
              computers: the program system TURBOMOLE
              Chem. Phys. Lett. 162: 165 (1989)
          Density Functional:                              
              O. Treutler and R. Ahlrichs                      
              Efficient Molecular Numerical Integration Schemes
              J. Chem. Phys. 102: 346 (1995)                   
          Parallel Version:                                
              Performance of parallel TURBOMOLE for Density    
              Functional Calculations                          
              M. v. Arnim and R. Ahlrichs                      
              J. Comp. Chem. 19: 1746 (1998)                   
                                         




              +--------------------------------------------------+
              | Atomic coordinate, charge and isotop information |
              +--------------------------------------------------+

                    atomic coordinates            atom    charge  isotop
         13.77326055   -0.00213993   -0.00195719    c      6.000     0
         14.46121988    1.83427211    0.72350206    h      1.000     0
         14.45440874   -1.55359695    1.22346161    h      1.000     0
         14.44778148   -0.29255814   -1.95990129    h      1.000     0
         11.73621195    0.00330568    0.00508612    h      1.000     0
          3.40226594    5.78175957   -4.57547198    c      6.000     0
          1.31116852    5.76232525   -4.56389344    h      1.000     0
          4.11610337    5.47605120   -6.51692369    h      1.000     0
          4.11299231    7.60222175   -3.83199703    h      1.000     0
          4.07382375    4.27516865   -3.38013094    h      1.000     0
          3.38919319   -6.83909422   -2.71462843    c      6.000     0
          1.29849602   -6.81754661   -2.70039747    h      1.000     0
          4.10578244   -8.36775831   -1.48065201    h      1.000     0
          4.09740774   -7.10523134   -4.66401226    h      1.000     0
          4.06078789   -5.05065817   -2.00744856    h      1.000     0
          3.39416147    1.07718074    7.29030450    c      6.000     0
          1.30332408    1.07138457    7.26781090    h      1.000     0
          4.10843543   -0.47409449    8.49751012    h      1.000     0
          4.10551259    2.91315776    7.99423145    h      1.000     0
          4.06443191    0.79615439    5.38730475    h      1.000     0
        -13.77328758    0.00237104    0.00199801    c      6.000     0
        -14.44772459    0.29258346    1.95998444    h      1.000     0
        -14.46141037   -1.83391458   -0.72365871    h      1.000     0
        -14.45440818    1.55402592   -1.22320026    h      1.000     0
        -11.73623950   -0.00319252   -0.00511029    h      1.000     0
         -3.40228011   -5.77860089    4.57942812    c      6.000     0
         -4.11453206   -5.47052999    6.52109280    h      1.000     0
         -4.11448860   -7.59948769    3.83838582    h      1.000     0
         -1.31119913   -5.76030173    4.56631626    h      1.000     0
         -4.07389624   -4.27288439    3.38301853    h      1.000     0
         -3.38910910    6.84090325    2.70983892    c      6.000     0
         -1.29838792    6.81845538    2.69785730    h      1.000     0
         -4.10373946    8.36833675    1.47322406    h      1.000     0
         -4.09929690    7.10967938    4.65813862    h      1.000     0
         -4.06073398    5.05190019    2.00412340    h      1.000     0
         -3.39425293   -1.08227185   -7.28969563    c      6.000     0
         -4.11014676    0.46704789   -8.49845177    h      1.000     0
         -4.10412780   -2.91966693   -7.99146433    h      1.000     0
         -1.30342669   -1.07460164   -7.26756505    h      1.000     0
         -4.06439134   -0.79972452   -5.38687461    h      1.000     0
 
       center of nuclear mass  :   -0.00000660    0.00001261   -0.00002216
       center of nuclear charge:   -0.00000691    0.00001211   -0.00002169

   *************************************************************************
   test_job                                                                 
   *************************************************************************



              +--------------------------------------------------+
              |               basis set information              |
              +--------------------------------------------------+

              we will work with the 1s 3p 5d 7f 9g ... basis set
              ...i.e. with spherical basis functions...

   type   atoms  prim   cont   basis
   ---------------------------------------------------------------------------
    c        8     34     14   cc-pVDZ   [3s2p1d|17s4p1d]
    h       32      7      5   cc-pVDZ   [2s1p|4s1p]
   ---------------------------------------------------------------------------
   total:   40    496    272
   ---------------------------------------------------------------------------

   total number of primitive shells          :   27
   total number of contracted shells         :  144
   total number of cartesian basis functions :  280
   total number of SCF-basis functions       :  272


 integral neglect threshold       :  0.12E-09
 integral storage threshold THIZE :  0.10E-04
 integral storage threshold THIME :         5


 symmetry group of the molecule :   c1 

 the group has the following generators :
   c1(z)

    1 symmetry operations found

 there are 1 real representations :   a   

 maximum number of shells which are related by symmetry :  1


    mo occupation :
   irrep   mo's   occupied
    a      272       40
 
 number of basis functions   :                    272
 number of occupied orbitals :                     40
 

 automatic virtual orbital shift switched on 
      shift if e(lumo)-e(homo) < 0.10000000    


 keyword $2e-ints_shell_statistics missing in file <control>

 ! One task per shell generated
  No pre-computed optimal task distribution found
  ... using automatic task generation
  
           ------------------
           density functional
           ------------------
 PBE functional
 exchange:    LDA + PBE
 correlation: LDA (PW) + PBE

 iterations will be done with small grid
  
 spherical integration : Lebedev's spherical grid
 spherical gridsize    :                     3
    i.e. gridpoints    :                   302
 value for diffuse not defined
 radial integration    : Chebyshev 2nd kind (scaling 3)
 radial gridsize       :                     3
 integration cells     :                    40
 partition function    : becke
 partition sharpness   :                     3
  

 <rddim> : input of entry tasksize
           from data group '$pardft' failed !

               Default values taken

 <rddim> : input of entry memdiv
           from data group '$pardft' failed !

               Default values taken
  DSCF: memory allocation for DFT gridpoints
  MEMORY is divided by 1 as DEFAULT
 Each node can hold at most  the                      1 -th part
 of the gridpoints    

          ------------------------
          nuclear repulsion energy  :   314.786381729    
          ------------------------

  _________________________________
 |                                 |
 |         DFTD3 V3.1 Rev 0        |
 | S.Grimme, University Bonn       |
 |            June  2014           |
 |   see standalone version        |
 |       dftd3 -h for options      |
 |_________________________________|
 
 Please cite DFT-D3 work done with this code as:
 S. Grimme, J. Antony, S. Ehrlich and H. Krieg,
 J. Chem. Phys, 132 (2010), 154104.
 If used with BJ-damping cite also
 S. Grimme, S. Ehrlich and L. Goerigk,
 J. Comput. Chem. 32 (2011), 1456-1465
 For DFT-D2 the reference is
 S. Grimme, J. Comput. Chem., 27 (2006), 1787-1799
 
C6 coefficients used:
                     2  C6 for element                      1
Z=  1 CN= 0.912     C6(AA)=    3.03
Z=  1 CN= 0.000     C6(AA)=    7.59
                     5  C6 for element                      6
Z=  6 CN= 0.000     C6(AA)=   49.11
Z=  6 CN= 0.987     C6(AA)=   43.25
Z=  6 CN= 1.998     C6(AA)=   29.36
Z=  6 CN= 2.999     C6(AA)=   25.78
Z=  6 CN= 3.984     C6(AA)=   18.21

#           XYZ [au]              R0(AA) [Ang.]  CN          C6(AA)     C8(AA)   C10(AA) [au]
  1  13.77326  -0.00214  -0.00196   c   0.610  3.965        18.4       531.1     18815.2
  2  14.46122   1.83427   0.72350   h   0.395  0.991         3.1        37.4       554.0
  3  14.45441  -1.55360   1.22346   h   0.395  0.991         3.1        37.4       554.0
  4  14.44778  -0.29256  -1.95990   h   0.395  0.991         3.1        37.4       554.0
  5  11.73621   0.00331   0.00509   h   0.395  0.995         3.1        37.4       553.6
  6   3.40227   5.78176  -4.57547   c   0.610  3.966        18.4       531.1     18815.0
  7   1.31117   5.76233  -4.56389   h   0.395  0.991         3.1        37.4       554.0
  8   4.11610   5.47605  -6.51692   h   0.395  0.991         3.1        37.4       554.0
  9   4.11299   7.60222  -3.83200   h   0.395  0.991         3.1        37.4       554.0
 10   4.07382   4.27517  -3.38013   h   0.395  0.995         3.1        37.4       553.6
 11   3.38919  -6.83909  -2.71463   c   0.610  3.966        18.4       531.1     18815.0
 12   1.29850  -6.81755  -2.70040   h   0.395  0.991         3.1        37.4       554.0
 13   4.10578  -8.36776  -1.48065   h   0.395  0.991         3.1        37.4       554.0
 14   4.09741  -7.10523  -4.66401   h   0.395  0.991         3.1        37.4       554.0
 15   4.06079  -5.05066  -2.00745   h   0.395  0.995         3.1        37.4       553.6
 16   3.39416   1.07718   7.29030   c   0.610  3.966        18.4       531.1     18815.1
 17   1.30332   1.07138   7.26781   h   0.395  0.991         3.1        37.4       554.0
 18   4.10844  -0.47409   8.49751   h   0.395  0.991         3.1        37.4       554.0
 19   4.10551   2.91316   7.99423   h   0.395  0.991         3.1        37.4       554.0
 20   4.06443   0.79615   5.38730   h   0.395  0.995         3.1        37.4       553.6
 21 -13.77329   0.00237   0.00200   c   0.610  3.965        18.4       531.1     18815.2
 22 -14.44772   0.29258   1.95998   h   0.395  0.991         3.1        37.4       554.0
 23 -14.46141  -1.83391  -0.72366   h   0.395  0.991         3.1        37.4       554.0
 24 -14.45441   1.55403  -1.22320   h   0.395  0.991         3.1        37.4       554.0
 25 -11.73624  -0.00319  -0.00511   h   0.395  0.995         3.1        37.4       553.6
 26  -3.40228  -5.77860   4.57943   c   0.610  3.966        18.4       531.1     18815.0
 27  -4.11453  -5.47053   6.52109   h   0.395  0.991         3.1        37.4       554.0
 28  -4.11449  -7.59949   3.83839   h   0.395  0.991         3.1        37.4       554.0
 29  -1.31120  -5.76030   4.56632   h   0.395  0.991         3.1        37.4       554.0
 30  -4.07390  -4.27288   3.38302   h   0.395  0.995         3.1        37.4       553.6
 31  -3.38911   6.84090   2.70984   c   0.610  3.966        18.4       531.1     18815.0
 32  -1.29839   6.81846   2.69786   h   0.395  0.991         3.1        37.4       554.0
 33  -4.10374   8.36834   1.47322   h   0.395  0.991         3.1        37.4       554.0
 34  -4.09930   7.10968   4.65814   h   0.395  0.991         3.1        37.4       554.0
 35  -4.06073   5.05190   2.00412   h   0.395  0.995         3.1        37.4       553.6
 36  -3.39425  -1.08227  -7.28970   c   0.610  3.966        18.4       531.1     18815.1
 37  -4.11015   0.46705  -8.49845   h   0.395  0.991         3.1        37.4       554.0
 38  -4.10413  -2.91967  -7.99146   h   0.395  0.991         3.1        37.4       554.0
 39  -1.30343  -1.07460  -7.26757   h   0.395  0.991         3.1        37.4       554.0
 40  -4.06439  -0.79972  -5.38687   h   0.395  0.995         3.1        37.4       553.6

molecular C6(AA) [au] =      8172.63

           DFT-D V3(BJ)
 DF pbe                                               
 parameters
 s6       :    1.0000
 s8       :    0.7875
 a1       :    0.4289
 a2       :    4.4407
 k1-k3    :   16.0000    1.3333   -4.0000
 
 Edisp /kcal,au:    -6.8754 -0.01095670

 E6    /kcal :    -5.2950
 E8    /kcal :    -1.5804
 % E8        : 22.99
 nuclear repulsion energy                  =     314.786381729
 empirical dispersive energy correction    =      -0.010956703
 nuclear repulsion + dispersion correction =     314.775425026


         -----------------
         -S,T+V- integrals
         -----------------

 1e-integrals will be neglected if expon. factor < 0.119356E-10
 
   Difference densities algorithm switched on.
   The maximal number of linear combinations of
   difference densities is                    20 .

 DIIS switched on: error vector is FDS-SDF
 Max. Iterations for DIIS is     :   4
 DIIS matrix (see manual) 
    Scaling factor of diagonals  :  1.200
    threshold for scaling factor :  0.000

 scf convergence criterion : increment of total energy < .1000000D-05
                  and increment of one-electron energy < .1000000D-02

  MOs are in ASCII format !


 reading orbital data $scfmo  from file mos
 orbital characterization : expanded
 mo provided and orthogonalized by Cholesky decomposition

 DSCF restart information will be dumped onto file mos

 
                                              current damping :  0.700
 ITERATION  ENERGY          1e-ENERGY        2e-ENERGY     NORM[dD(SAO)]  TOL
   1  -322.30118822742    -1039.7867774     402.71016410    0.000D+00 0.119D-09
                            Exc =   -52.040708884901     N = 79.999558071    
          max. resid. norm for Fia-block=  2.213D-01 for orbital     16a         
          max. resid. fock norm         =  8.635D-01 for orbital    263a         
          Delta Eig. =    32.6677763712 eV 
 
                                              current damping :  0.650
 ITERATION  ENERGY          1e-ENERGY        2e-ENERGY     NORM[dD(SAO)]  TOL
   2  -323.22882159710    -1048.2644245     410.26017784    0.898D+00 0.755D-10
                            Exc =   -53.337256882161     N = 79.999683612    
          Norm of current diis error:  1.3130    
          max. resid. norm for Fia-block=  1.005D-01 for orbital     16a         
          max. resid. fock norm         =  1.108D-01 for orbital     16a         
          Delta Eig. =    12.9184104731 eV 
 
                                              current damping :  0.550
 ITERATION  ENERGY          1e-ENERGY        2e-ENERGY     NORM[dD(SAO)]  TOL
   3  -323.47712043954    -1050.7065075     412.45396202    0.322D+00 0.578D-10
                            Exc =   -53.918805862728     N = 79.999798555    
          Norm of current diis error: 0.64335    
          max. resid. norm for Fia-block=  4.362D-02 for orbital     16a         
          max. resid. fock norm         =  4.719D-02 for orbital     16a         
          Delta Eig. =     5.4607152018 eV 
 
                                              current damping :  0.450
 ITERATION  ENERGY          1e-ENERGY        2e-ENERGY     NORM[dD(SAO)]  TOL
   4  -323.54423007688    -1052.3912919     414.07163680    0.917D-01 0.491D-10
                            Exc =   -54.302165951004     N = 79.999851870    
          Norm of current diis error: 0.23934    
          max. resid. norm for Fia-block=  1.620D-02 for orbital     13a         
          max. resid. fock norm         =  1.746D-02 for orbital     13a         
          Delta Eig. =     2.2676474308 eV 
 
                                              current damping :  0.350
 ITERATION  ENERGY          1e-ENERGY        2e-ENERGY     NORM[dD(SAO)]  TOL
   5  -323.55471708951    -1053.0122009     414.68205876    0.107D-01 0.447D-10
                            Exc =   -54.459443132056     N = 79.999875523    
          Norm of current diis error: 0.76619E-01
          max. resid. norm for Fia-block=  5.066D-03 for orbital      9a         
          max. resid. fock norm         =  5.495D-03 for orbital     45a         
 mo-orthogonalization: Cholesky decomposition
          Delta Eig. =     0.7662429763 eV 
 
                                              current damping :  0.200
 ITERATION  ENERGY          1e-ENERGY        2e-ENERGY     NORM[dD(SAO)]  TOL
   6  -323.55582099334    -1053.2613592     414.93011317    0.182D-02 0.425D-10
                            Exc =   -54.517369856099     N = 79.999882648    
          Norm of current diis error: 0.17349E-01
          max. resid. norm for Fia-block=  1.307D-03 for orbital      9a         
          max. resid. fock norm         =  1.428D-03 for orbital      9a         
          Delta Eig. =     0.2565577373 eV 
 
                                              current damping :  0.050
 ITERATION  ENERGY          1e-ENERGY        2e-ENERGY     NORM[dD(SAO)]  TOL
   7  -323.55588694110    -1053.2837068     414.95239485    0.776D-03 0.416D-10
                            Exc =   -54.528591884958     N = 79.999885558    
          Norm of current diis error: 0.56090E-02
          max. resid. norm for Fia-block=  2.592D-04 for orbital      9a         
          max. resid. fock norm         =  2.882D-04 for orbital     45a         
          Delta Eig. =     0.0352430110 eV 
 
                                              current damping :  0.050
 ITERATION  ENERGY          1e-ENERGY        2e-ENERGY     NORM[dD(SAO)]  TOL
   8  -323.55588998071    -1053.3248778     414.99356278    0.902D-04 0.412D-10
                            Exc =   -54.534651225858     N = 79.999885394    
          Norm of current diis error: 0.28951E-02
          max. resid. norm for Fia-block=  7.945D-05 for orbital     23a         
          max. resid. fock norm         =  1.001D-04 for orbital     99a         
          Delta Eig. =     0.0107855915 eV 
 
                                              current damping :  0.100
 ITERATION  ENERGY          1e-ENERGY        2e-ENERGY     NORM[dD(SAO)]  TOL
   9  -323.55589079487    -1053.3095688     414.97825296    0.122D-04 0.410D-10
                            Exc =   -54.533017563819     N = 79.999885688    
          Norm of current diis error: 0.38867E-03
          max. resid. norm for Fia-block=  1.039D-05 for orbital     23a         
          max. resid. fock norm         =  1.128D-05 for orbital     98a         
          Delta Eig. =     0.0008467263 eV 

 ENERGY CONVERGED !

 Big Grid 
 e2xc, e2xcold =    -54.53322196    -54.53322196
 
                                              current damping :  0.500
 ITERATION  ENERGY          1e-ENERGY        2e-ENERGY     NORM[dD(SAO)]  TOL
  10  -323.55660383246    -1053.3114783     414.97944947    0.336D-05 0.406D-10
                            Exc =   -54.533934981168     N = 79.999959907    
          max. resid. norm for Fia-block=  1.103D-06 for orbital     26a         
          max. resid. fock norm         =  1.386D-06 for orbital    120a         

 convergence criteria satisfied after    10 iterations


   *************************************************************************
   test_job                                                                 
   *************************************************************************


                  ------------------------------------------ 
                 |  total energy      =   -323.55660383246  |
                  ------------------------------------------ 
                 :  kinetic energy    =    320.33844840891  :
                 :  potential energy  =   -643.89505224137  :
                 :  virial theorem    =      1.99005381010  :
                 :  wavefunction norm =      1.00000000000  :
                  .......................................... 


 <geterg> : there is no data group $energy 


 <skperg> : $end is missing 


 orbitals $scfmo  will be written to file mos

    irrep                 36a         37a         38a         39a         40a   
 eigenvalues H         -0.33924    -0.33919    -0.33910    -0.33908    -0.33903
            eV          -9.2313     -9.2298     -9.2276     -9.2270     -9.2255
 occupation              2.0000      2.0000      2.0000      2.0000      2.0000 

    irrep                 41a         42a         43a         44a         45a   
 eigenvalues H          0.02874     0.04513     0.04521     0.05362     0.05555
            eV           0.7821      1.2279      1.2303      1.4590      1.5117
 
 
 
 
 ==============================================================================
                           electrostatic moments
 ==============================================================================

 reference point for electrostatic moments:    0.00000   0.00000   0.00000

 
              nuc           elec       ->  total
 ------------------------------------------------------------------------------
                          charge      
 ------------------------------------------------------------------------------
          80.000000     -80.000000       0.000000
 
 ------------------------------------------------------------------------------
                       dipole moment  
 ------------------------------------------------------------------------------
   x      -0.000553       0.000548      -0.000005
   y       0.000969      -0.000971      -0.000003
   z      -0.001736       0.001756       0.000020
 
   | dipole moment | =     0.0000 a.u. =     0.0001 debye 
 
 ------------------------------------------------------------------------------
                     quadrupole moment
 ------------------------------------------------------------------------------
  xx    4532.397741   -4582.136026     -49.738286
  yy    1672.561561   -1722.378528     -49.816967
  zz    1674.439912   -1724.252494     -49.812582
  xy       2.352762      -2.344641       0.008120
  xz      -0.980751       0.972846      -0.007904
  yz      -0.737574       0.735270      -0.002303
 
     1/3  trace=     -49.789278
     anisotropy=       0.079159
 
 ==============================================================================
 

    dscf profiling
  --------------------------------------------------------------------
             module   cpu total (s)       %  wall total (s)       %

          dscf.total            28.5  100.00             6.3  100.00
        dscf.prepare             0.1    0.38             0.2    2.61
      prepare.oneint             0.0    0.01             0.0    0.06
     prepare.moinput             0.0    0.02             0.0    0.29
     moinput_orthmos             0.0    0.05             0.0    0.24
            dscf.scf            28.3   99.32             6.1   96.91
             scf.pre             0.0    0.00             0.0    0.14
        scf.makedmat             2.8    9.81             0.5    7.45
          scf.shloop             3.7   13.08             2.6   40.90
          shloop_omp             3.6   12.77             2.6   40.71
          scf.symcar             0.0    0.01             0.0    0.19
        scf.makefock             0.0    0.08             0.3    4.70
          scf.energy             0.0    0.00             0.0    0.00
             scf.dft             0.5    1.85             0.6    8.84
        dft_grid_con             0.1    0.24             0.1    1.31
          scf.newerg             0.0    0.00             0.0    0.00
          scf.newcnv             2.5    8.85             0.2    3.79
           scf.fdiag            10.9   38.34             0.9   14.91
         diag_tritrn             0.1    0.52             0.0    0.21
          diag_rdiag             2.2    7.87             0.2    2.99
          scf.modump             3.1   10.74             0.5    8.47
           ortho_all             0.1    0.24             0.0    0.10
     scf_loop_mkdmat             0.0    0.00             0.0    0.00
            scf.post             0.8    2.67             0.1    1.69
        dscf.postscf             0.1    0.30             0.0    0.41
 


    ------------------------------------------------------------------------
         total  cpu-time :  28.56 seconds
         total wall-time :   6.51 seconds
    ------------------------------------------------------------------------

   ****  dscf : all done  ****


    2020-07-30 16:09:12.583 

