      -----------------------------------------------------------      
     |                   =====================                   |     
     |                           x T B                           |     
     |                   =====================                   |     
     |                         S. Grimme                         |     
     |          Mulliken Center for Theoretical Chemistry        |     
     |                    University of Bonn                     |     
      -----------------------------------------------------------      

   * xtb version 6.2.3 (830e466) compiled by 'ehlert@majestix' on 2020-03-16

   xtb is free software: you can redistribute it and/or modify it under
   the terms of the GNU Lesser General Public License as published by
   the Free Software Foundation, either version 3 of the License, or
   (at your option) any later version.
   
   xtb is distributed in the hope that it will be useful,
   but WITHOUT ANY WARRANTY; without even the implied warranty of
   MERCHANTABILITY or FITNESS FOR A PARTICULAR PURPOSE.  See the
   GNU Lesser General Public License for more details.
   
   Cite this work as:
   * S. Grimme, C. Bannwarth, P. Shushkov, J. Chem. Theory Comput., 2017,
     13, 1989-2009. DOI: 10.1021/acs.jctc.7b00118
   * C. Bannwarth, S. Ehlert and S. Grimme., J. Chem. Theory Comput., 2019,
     15, 1652-1671. DOI: 10.1021/acs.jctc.8b01176
   * P. Pracht, E. Caldeweyher, S. Ehlert, S. Grimme, ChemRxiv, 2019, preprint.
     DOI: 10.26434/chemrxiv.8326202.v1
   
   for DFT-D4:
   * E. Caldeweyher, C. Bannwarth and S. Grimme, J. Chem. Phys., 2017,
     147, 034112. DOI: 10.1063/1.4993215
   * E. Caldeweyher, S. Ehlert, A. Hansen, H. Neugebauer, S. Spicher,
     C. Bannwarth and S. Grimme, J. Chem. Phys., 2019, 150, 154122.
     DOI: 10.1063/1.5090222
   
   for sTDA-xTB:
   * S. Grimme and C. Bannwarth, J. Chem. Phys., 2016, 145, 054103.
     DOI: 10.1063/1.4959605
   
   in the mass-spec context:
   * V. Asgeirsson, C. Bauer and S. Grimme, Chem. Sci., 2017, 8, 4879.
     DOI: 10.1039/c7sc00601b
   
   for metadynamics refer to:
   * S. Grimme, J. Chem. Theory Comput., 2019, 155, 2847-2862
     DOI: 10.1021/acs.jctc.9b00143
   
   with help from (in alphabetical order)
   C. Bannwarth, F. Bohle, G. Brandenburg, E. Caldeweyher, M. Checinski,
   S. Dohm, S. Ehlert, S. Ehrlich, F. MÃ¤rz, H. Neugebauer, J. Pisarek,
   P. Pracht, P. Shushkov, and S. Spicher.
   
 * started run on 2020/09/25 at 10:01:13.575     

           -------------------------------------------------
          |                Calculation Setup                |
           -------------------------------------------------

          program call               : xtb start.xyz -P 1
          coordinate file            : start.xyz
          omp threads                :                     1
          number of atoms            :                   132
          number of electrons        :                   336
          charge                     :                     0
          spin                       :                   0.0
          first test random number   :      0.76507518022851


molecular fragmentation (1/2 indicates fragments):
111111111111111111111111111111111111111111111111111111111111111111222222
222222222222222222222222222222222222222222222222222222222222
# atoms in fragment 1/2:    66    66
 fragment masses (1/2) :      440.62      440.62
CMA distance (Bohr)    :  12.542
constraining FC (au)   :  0.0500
########################################################################
[WARNING] Please study the warnings concerning your input carefully
-2- prog_main: XTBPATH is not set, using XTBHOME instead
-1- prog_main: XTBHOME is not set, using HOME instead
########################################################################
           ------------------------------------------------- 
          |                 G F N 2 - x T B                 |
          | Geometry, Frequencies, Noncovalent interactions |
          |            JCTC 2019 parametrisation            |
           ------------------------------------------------- 
             k(s)              :                1.8500
             k(p)              :                2.2300
             k(d)              :                2.2300
             k(f)              :                2.0000
             kEN (H0ij)        :               -2.0000
             D4 a1             :                0.5200
             D4 a2             :                5.0000
             D4 s6             :                1.0000
             D4 s8             :                2.7000
             D4 s9             :                5.0000
             alphaj            :                2.0000

  Z AO/shell   Hii/eV     exponent
  1     Wed Apr 25 08:07:45 CEST 2018   EN: 2.200 GM2: 0.406  GM3: 0.0800  RAES: 1.40
     1s    -10.707211    1.230000
  6     Wed Apr 25 08:07:45 CEST 2018   EN: 2.550 GM2: 0.538  GM3: 0.1500  RAES: 3.00
     2s    -13.970922    2.096432
     2p    -10.063292    1.800000

           ------------------------------------------------- 
          |        Self-Consistent Charge Iterations        |
           ------------------------------------------------- 

          ...................................................
          :                      SETUP                      :
          :.................................................:
          :  # basis functions                 336          :
          :  # atomic orbitals                 336          :
          :  # shells                          200          :
          :  # electrons                       336          :
          :  max. iterations                   250          :
          :  Hamiltonian                  GFN2-xTB          :
          :  restarted?                      false          :
          :  GBSA solvation                  false          :
          :  PC potential                    false          :
          :  electronic temp.          300.0000000     K    :
          :  accuracy                    1.0000000          :
          :  -> integral cutoff          0.2500000E+02      :
          :  -> integral neglect         0.1000000E-07      :
          :  -> SCF convergence          0.1000000E-05 Eh   :
          :  -> wf. convergence          0.1000000E-03 e    :
          :  Broyden damping             0.4000000          :
          ...................................................

 iter      E             dE          RMSdq      gap      omega  full diag
   1   -181.4307288 -0.181431E+03  0.343E+00    4.47       0.0  T
   2   -181.5499942 -0.119265E+00  0.202E+00    4.44       1.0  T
   3   -181.5520337 -0.203945E-02  0.484E-01    4.35       1.0  T
   4   -181.5552367 -0.320300E-02  0.202E-01    4.40       1.0  T
   5   -181.5589538 -0.371708E-02  0.463E-02    4.39       1.0  T
   6   -181.5590109 -0.570924E-04  0.252E-02    4.39       1.0  T
   7   -181.5590218 -0.109179E-04  0.453E-03    4.39       1.9  T
   8   -181.5590227 -0.874302E-06  0.158E-03    4.39       5.5  T
   9   -181.5590227 -0.552769E-07  0.916E-04    4.39       9.5  T
  10   -181.5590228 -0.668802E-07  0.281E-04    4.39      31.0  T

   *** convergence criteria satisfied after 10 iterations ***

         #    Occupation            Energy/Eh            Energy/eV
      -------------------------------------------------------------
         1        2.0000           -0.6534726             -17.7819
       ...           ...                  ...                  ...
       162        2.0000           -0.3914169             -10.6510
       163        2.0000           -0.3886367             -10.5753
       164        2.0000           -0.3884135             -10.5693
       165        2.0000           -0.3879295             -10.5561
       166        2.0000           -0.3866902             -10.5224
       167        2.0000           -0.3857134             -10.4958
       168        2.0000           -0.3853232             -10.4852 (HOMO)
       169                         -0.2239120              -6.0930 (LUMO)
       170                         -0.2229842              -6.0677
       171                         -0.2200990              -5.9892
       172                         -0.2200606              -5.9882
       173                         -0.2196033              -5.9757
       ...                                ...                  ...
       336                          0.6761094              18.3979
      -------------------------------------------------------------
                  HL-Gap            0.1614112 Eh            4.3922 eV
             Fermi-level           -0.3046176 Eh           -8.2891 eV

 SCC (total)                   0 d,  0 h,  0 min,  0.933 sec
 SCC setup                      ...        0 min,  0.003 sec (  0.338%)
 Dispersion                     ...        0 min,  0.009 sec (  0.966%)
 integral evaluation            ...        0 min,  0.236 sec ( 25.324%)
 zeroth order Hamiltonian       ...        0 min,  0.002 sec (  0.227%)
 iterations                     ...        0 min,  0.456 sec ( 48.815%)
 molecular gradient             ...        0 min,  0.220 sec ( 23.524%)
 printout                       ...        0 min,  0.007 sec (  0.801%)

         :::::::::::::::::::::::::::::::::::::::::::::::::::::
         ::                     SUMMARY                     ::
         :::::::::::::::::::::::::::::::::::::::::::::::::::::
         :: total energy            -178.333161613913 Eh    ::
         :: gradient norm              0.000208304091 Eh/a0 ::
         :: HOMO-LUMO gap              4.392222796415 eV    ::
         ::.................................................::
         :: SCC energy              -181.559022780815 Eh    ::
         :: -> isotropic ES            0.010035450217 Eh    ::
         :: -> anisotropic ES          0.032761236121 Eh    ::
         :: -> anisotropic XC          0.107137047124 Eh    ::
         :: -> dispersion             -0.202377166339 Eh    ::
         :: repulsion energy           3.213906589174 Eh    ::
         :: add. restraining           0.000000000000 Eh    ::
         :::::::::::::::::::::::::::::::::::::::::::::::::::::

           -------------------------------------------------
          |                Property Printout                |
           -------------------------------------------------

    * Orbital Energies and Occupations

         #    Occupation            Energy/Eh            Energy/eV
      -------------------------------------------------------------
         1        2.0000           -0.6534726             -17.7819
       ...           ...                  ...                  ...
       156        2.0000           -0.3999905             -10.8843
       157        2.0000           -0.3993956             -10.8681
       158        2.0000           -0.3987480             -10.8505
       159        2.0000           -0.3971867             -10.8080
       160        2.0000           -0.3970338             -10.8038
       161        2.0000           -0.3914939             -10.6531
       162        2.0000           -0.3914169             -10.6510
       163        2.0000           -0.3886367             -10.5753
       164        2.0000           -0.3884135             -10.5693
       165        2.0000           -0.3879295             -10.5561
       166        2.0000           -0.3866902             -10.5224
       167        2.0000           -0.3857134             -10.4958
       168        2.0000           -0.3853232             -10.4852 (HOMO)
       169                         -0.2239120              -6.0930 (LUMO)
       170                         -0.2229842              -6.0677
       171                         -0.2200990              -5.9892
       172                         -0.2200606              -5.9882
       173                         -0.2196033              -5.9757
       174                         -0.2191692              -5.9639
       175                         -0.2191551              -5.9635
       176                         -0.2191451              -5.9632
       177                         -0.2187661              -5.9529
       178                         -0.2183148              -5.9406
       179                         -0.2181164              -5.9352
       ...                                ...                  ...
       336                          0.6761094              18.3979
      -------------------------------------------------------------
                  HL-Gap            0.1614112 Eh            4.3922 eV
             Fermi-level           -0.3046176 Eh           -8.2891 eV

     #   Z        covCN         q      C6AA      Î±(0)
     1   6 C      3.822    -0.055    21.542     6.605
     2   6 C      3.910     0.016    20.244     6.395
     3   6 C      3.825    -0.056    21.552     6.606
     4   6 C      3.911     0.017    20.235     6.394
     5   6 C      3.825    -0.056    21.552     6.606
     6   6 C      3.910     0.016    20.241     6.395
     7   6 C      3.821    -0.053    21.504     6.599
     8   6 C      3.910     0.016    20.241     6.395
     9   6 C      3.822    -0.055    21.542     6.605
    10   6 C      3.820    -0.060    21.632     6.619
    11   1 H      0.925     0.034     2.536     2.490
    12   1 H      0.924     0.030     2.591     2.517
    13   1 H      0.925     0.034     2.536     2.490
    14   1 H      0.924     0.030     2.591     2.517
    15   1 H      0.924     0.030     2.589     2.516
    16   1 H      0.924     0.026     2.638     2.540
    17   1 H      0.924     0.030     2.587     2.515
    18   1 H      0.924     0.030     2.581     2.512
    19   1 H      0.924     0.030     2.587     2.515
    20   1 H      0.924     0.030     2.581     2.512
    21   1 H      0.924     0.032     2.553     2.499
    22   1 H      0.924     0.032     2.553     2.499
    23   6 C      2.973     0.005    27.903     8.665
    24   6 C      2.928    -0.036    28.888     8.814
    25   6 C      2.926    -0.039    28.979     8.828
    26   6 C      2.920    -0.031    28.785     8.798
    27   6 C      2.919    -0.031    28.774     8.796
    28   6 C      2.919    -0.033    28.826     8.804
    29   1 H      0.926     0.031     2.574     2.509
    30   1 H      0.926     0.027     2.635     2.539
    31   1 H      0.926     0.027     2.622     2.532
    32   1 H      0.926     0.028     2.622     2.532
    33   1 H      0.926     0.027     2.622     2.532
    34   6 C      2.973     0.005    27.909     8.666
    35   6 C      2.926    -0.039    28.974     8.827
    36   6 C      2.929    -0.034    28.843     8.808
    37   6 C      2.919    -0.031    28.770     8.796
    38   6 C      2.920    -0.031    28.779     8.797
    39   6 C      2.920    -0.033    28.828     8.805
    40   1 H      0.926     0.024     2.679     2.559
    41   1 H      0.926     0.031     2.578     2.511
    42   1 H      0.926     0.027     2.626     2.534
    43   1 H      0.926     0.027     2.624     2.533
    44   1 H      0.926     0.027     2.624     2.533
    45   6 C      2.972     0.004    27.930     8.669
    46   6 C      2.928    -0.038    28.942     8.823
    47   6 C      2.929    -0.035    28.877     8.813
    48   6 C      2.920    -0.030    28.745     8.792
    49   6 C      2.920    -0.030    28.758     8.794
    50   6 C      2.920    -0.032    28.792     8.799
    51   1 H      0.926     0.027     2.634     2.538
    52   1 H      0.926     0.027     2.622     2.532
    53   1 H      0.926     0.028     2.622     2.532
    54   1 H      0.926     0.028     2.615     2.529
    55   1 H      0.926     0.027     2.624     2.533
    56   6 C      2.972     0.004    27.930     8.669
    57   6 C      2.928    -0.038    28.942     8.823
    58   6 C      2.929    -0.035    28.877     8.813
    59   6 C      2.920    -0.030    28.745     8.792
    60   6 C      2.920    -0.030    28.758     8.794
    61   6 C      2.920    -0.032    28.792     8.799
    62   1 H      0.926     0.027     2.634     2.538
    63   1 H      0.926     0.027     2.622     2.532
    64   1 H      0.926     0.028     2.622     2.532
    65   1 H      0.926     0.028     2.615     2.529
    66   1 H      0.926     0.027     2.624     2.533
    67   6 C      3.822    -0.055    21.542     6.605
    68   6 C      3.910     0.016    20.244     6.395
    69   6 C      3.825    -0.056    21.552     6.606
    70   6 C      3.911     0.017    20.235     6.394
    71   6 C      3.825    -0.056    21.552     6.606
    72   6 C      3.910     0.016    20.241     6.395
    73   6 C      3.821    -0.053    21.504     6.599
    74   6 C      3.910     0.016    20.241     6.395
    75   6 C      3.822    -0.055    21.542     6.605
    76   6 C      3.820    -0.060    21.632     6.619
    77   1 H      0.925     0.034     2.536     2.490
    78   1 H      0.924     0.030     2.591     2.517
    79   1 H      0.925     0.034     2.536     2.490
    80   1 H      0.924     0.030     2.591     2.517
    81   1 H      0.924     0.030     2.589     2.516
    82   1 H      0.924     0.026     2.638     2.540
    83   1 H      0.924     0.030     2.587     2.515
    84   1 H      0.924     0.030     2.581     2.512
    85   1 H      0.924     0.030     2.587     2.515
    86   1 H      0.924     0.030     2.581     2.512
    87   1 H      0.924     0.032     2.553     2.499
    88   1 H      0.924     0.032     2.553     2.499
    89   6 C      2.973     0.005    27.903     8.665
    90   6 C      2.928    -0.036    28.888     8.814
    91   6 C      2.926    -0.039    28.979     8.828
    92   6 C      2.920    -0.031    28.785     8.798
    93   6 C      2.919    -0.031    28.774     8.796
    94   6 C      2.919    -0.033    28.826     8.804
    95   1 H      0.926     0.031     2.574     2.509
    96   1 H      0.926     0.027     2.635     2.539
    97   1 H      0.926     0.027     2.622     2.532
    98   1 H      0.926     0.028     2.622     2.532
    99   1 H      0.926     0.027     2.622     2.532
   100   6 C      2.973     0.005    27.909     8.666
   101   6 C      2.926    -0.039    28.974     8.827
   102   6 C      2.929    -0.034    28.843     8.808
   103   6 C      2.919    -0.031    28.770     8.796
   104   6 C      2.920    -0.031    28.779     8.797
   105   6 C      2.920    -0.033    28.828     8.805
   106   1 H      0.926     0.024     2.679     2.559
   107   1 H      0.926     0.031     2.578     2.511
   108   1 H      0.926     0.027     2.626     2.534
   109   1 H      0.926     0.027     2.624     2.533
   110   1 H      0.926     0.027     2.624     2.533
   111   6 C      2.972     0.004    27.930     8.669
   112   6 C      2.928    -0.038    28.942     8.823
   113   6 C      2.929    -0.035    28.877     8.813
   114   6 C      2.920    -0.030    28.745     8.792
   115   6 C      2.920    -0.030    28.758     8.794
   116   6 C      2.920    -0.032    28.792     8.799
   117   1 H      0.926     0.027     2.634     2.538
   118   1 H      0.926     0.027     2.622     2.532
   119   1 H      0.926     0.028     2.622     2.532
   120   1 H      0.926     0.028     2.615     2.529
   121   1 H      0.926     0.027     2.624     2.533
   122   6 C      2.972     0.004    27.930     8.669
   123   6 C      2.928    -0.038    28.942     8.823
   124   6 C      2.929    -0.035    28.877     8.813
   125   6 C      2.920    -0.030    28.745     8.792
   126   6 C      2.920    -0.030    28.758     8.794
   127   6 C      2.920    -0.032    28.792     8.799
   128   1 H      0.926     0.027     2.634     2.538
   129   1 H      0.926     0.027     2.622     2.532
   130   1 H      0.926     0.028     2.622     2.532
   131   1 H      0.926     0.028     2.615     2.529
   132   1 H      0.926     0.027     2.624     2.533

 Mol. C6AA /auÂ·bohrâ¶  :     203905.956671
 Mol. C8AA /auÂ·bohrâ¸  :    4983047.217860
 Mol. Î±(0) /au        :        713.536327


Wiberg/Mayer (AO) data.
largest (>0.10) Wiberg bond orders for each atom
          total WBO             WBO to atom ...
     1  C   3.995        C    2 0.974    C    8 0.974    H   19 0.973    H   20 0.972
     2  C   3.989        C   10 0.986    C   23 0.982    C    1 0.974    C    9 0.974
     3  C   3.995        C    8 0.975    C    4 0.974    H   12 0.970    H   11 0.967
     4  C   3.989        C   10 0.986    C   34 0.981    C    5 0.974    C    3 0.974
     5  C   3.995        C    6 0.975    C    4 0.974    H   14 0.970    H   13 0.967
     6  C   3.989        C    7 0.986    C   56 0.981    C    5 0.975    C    9 0.974
     7  C   3.997        C    8 0.986    C    6 0.986    H   15 0.969    H   16 0.967
     8  C   3.989        C    7 0.986    C   45 0.981    C    3 0.975    C    1 0.974
     9  C   3.995        C    2 0.974    C    6 0.974    H   17 0.973    H   18 0.972
    10  C   3.997        C    2 0.986    C    4 0.986    H   21 0.971    H   22 0.971
    11  H   0.998        C    3 0.967
    12  H   0.999        C    3 0.970
    13  H   0.998        C    5 0.967
    14  H   0.999        C    5 0.970
    15  H   0.999        C    7 0.969
    16  H   0.999        C    7 0.967
    17  H   0.999        C    9 0.973
    18  H   0.999        C    9 0.972
    19  H   0.999        C    1 0.973
    20  H   0.999        C    1 0.972
    21  H   0.999        C   10 0.971
    22  H   0.999        C   10 0.971
    23  C   3.984        C   25 1.420    C   24 1.404    C    2 0.982    C   28 0.111
    24  C   3.991        C   27 1.454    C   23 1.404    H   30 0.965    C   26 0.112
    25  C   3.991        C   26 1.437    C   23 1.420    H   29 0.966    C   27 0.109
    26  C   3.992        C   28 1.445    C   25 1.437    H   31 0.971    C   24 0.112
    27  C   3.992        C   24 1.454    C   28 1.431    H   32 0.971    C   25 0.109
    28  C   3.991        C   26 1.445    C   27 1.431    H   33 0.972    C   23 0.111
    29  H   0.999        C   25 0.966
    30  H   0.999        C   24 0.965
    31  H   0.999        C   26 0.971
    32  H   0.999        C   27 0.971
    33  H   0.999        C   28 0.972
    34  C   3.984        C   35 1.421    C   36 1.403    C    4 0.981    C   39 0.111
    35  C   3.990        C   38 1.436    C   34 1.421    H   41 0.966    C   37 0.109
    36  C   3.991        C   37 1.455    C   34 1.403    H   40 0.960    C   38 0.112
    37  C   3.992        C   36 1.455    C   39 1.430    H   42 0.971    C   35 0.109
    38  C   3.992        C   39 1.446    C   35 1.436    H   43 0.971    C   36 0.112
    39  C   3.991        C   38 1.446    C   37 1.430    H   44 0.972    C   34 0.111
    40  H   0.999        C   36 0.960
    41  H   0.999        C   35 0.966
    42  H   0.999        C   37 0.971
    43  H   0.999        C   38 0.971
    44  H   0.999        C   39 0.972
    45  C   3.983        C   46 1.419    C   47 1.404    C    8 0.981    C   50 0.111
    46  C   3.990        C   49 1.436    C   45 1.419    H   52 0.960    C   48 0.109
    47  C   3.991        C   48 1.454    C   45 1.404    H   51 0.965    C   49 0.112
    48  C   3.992        C   47 1.454    C   50 1.431    H   53 0.971    C   46 0.109
    49  C   3.992        C   50 1.445    C   46 1.436    H   54 0.971    C   47 0.112
    50  C   3.991        C   49 1.445    C   48 1.431    H   55 0.971    C   45 0.111
    51  H   0.999        C   47 0.965
    52  H   0.999        C   46 0.960
    53  H   0.999        C   48 0.971
    54  H   0.999        C   49 0.971
    55  H   0.999        C   50 0.971
    56  C   3.983        C   57 1.419    C   58 1.404    C    6 0.981    C   61 0.111
    57  C   3.990        C   60 1.436    C   56 1.419    H   63 0.960    C   59 0.109
    58  C   3.991        C   59 1.454    C   56 1.404    H   62 0.965    C   60 0.112
    59  C   3.992        C   58 1.454    C   61 1.431    H   64 0.971    C   57 0.109
    60  C   3.992        C   61 1.445    C   57 1.436    H   65 0.971    C   58 0.112
    61  C   3.991        C   60 1.445    C   59 1.431    H   66 0.971    C   56 0.111
    62  H   0.999        C   58 0.965
    63  H   0.999        C   57 0.960
    64  H   0.999        C   59 0.971
    65  H   0.999        C   60 0.971
    66  H   0.999        C   61 0.971
    67  C   3.995        C   68 0.974    C   74 0.974    H   85 0.973    H   86 0.972
    68  C   3.989        C   76 0.986    C   89 0.982    C   75 0.974    C   67 0.974
    69  C   3.995        C   74 0.975    C   70 0.974    H   78 0.970    H   77 0.967
    70  C   3.989        C   76 0.986    C  100 0.981    C   69 0.974    C   71 0.974
    71  C   3.995        C   72 0.975    C   70 0.974    H   80 0.970    H   79 0.967
    72  C   3.989        C   73 0.986    C  122 0.981    C   71 0.975    C   75 0.974
    73  C   3.997        C   74 0.986    C   72 0.986    H   81 0.969    H   82 0.967
    74  C   3.989        C   73 0.986    C  111 0.981    C   69 0.975    C   67 0.974
    75  C   3.995        C   68 0.974    C   72 0.974    H   83 0.973    H   84 0.972
    76  C   3.997        C   68 0.986    C   70 0.986    H   87 0.971    H   88 0.971
    77  H   0.998        C   69 0.967
    78  H   0.999        C   69 0.970
    79  H   0.998        C   71 0.967
    80  H   0.999        C   71 0.970
    81  H   0.999        C   73 0.969
    82  H   0.999        C   73 0.967
    83  H   0.999        C   75 0.973
    84  H   0.999        C   75 0.972
    85  H   0.999        C   67 0.973
    86  H   0.999        C   67 0.972
    87  H   0.999        C   76 0.971
    88  H   0.999        C   76 0.971
    89  C   3.984        C   91 1.420    C   90 1.404    C   68 0.982    C   94 0.111
    90  C   3.991        C   93 1.454    C   89 1.404    H   96 0.965    C   92 0.112
    91  C   3.991        C   92 1.437    C   89 1.420    H   95 0.966    C   93 0.109
    92  C   3.992        C   94 1.445    C   91 1.437    H   97 0.971    C   90 0.112
    93  C   3.992        C   90 1.454    C   94 1.431    H   98 0.971    C   91 0.109
    94  C   3.991        C   92 1.445    C   93 1.431    H   99 0.972    C   89 0.111
    95  H   0.999        C   91 0.966
    96  H   0.999        C   90 0.965
    97  H   0.999        C   92 0.971
    98  H   0.999        C   93 0.971
    99  H   0.999        C   94 0.972
   100  C   3.984        C  101 1.421    C  102 1.403    C   70 0.981    C  105 0.111
   101  C   3.990        C  104 1.436    C  100 1.421    H  107 0.966    C  103 0.109
   102  C   3.991        C  103 1.455    C  100 1.403    H  106 0.960    C  104 0.112
   103  C   3.992        C  102 1.455    C  105 1.430    H  108 0.971    C  101 0.109
   104  C   3.992        C  105 1.446    C  101 1.436    H  109 0.971    C  102 0.112
   105  C   3.991        C  104 1.446    C  103 1.430    H  110 0.972    C  100 0.111
   106  H   0.999        C  102 0.960
   107  H   0.999        C  101 0.966
   108  H   0.999        C  103 0.971
   109  H   0.999        C  104 0.971
   110  H   0.999        C  105 0.972
   111  C   3.983        C  112 1.419    C  113 1.404    C   74 0.981    C  116 0.111
   112  C   3.990        C  115 1.436    C  111 1.419    H  118 0.960    C  114 0.109
   113  C   3.991        C  114 1.454    C  111 1.404    H  117 0.965    C  115 0.112
   114  C   3.992        C  113 1.454    C  116 1.431    H  119 0.971    C  112 0.109
   115  C   3.992        C  116 1.445    C  112 1.436    H  120 0.971    C  113 0.112
   116  C   3.991        C  115 1.445    C  114 1.431    H  121 0.971    C  111 0.111
   117  H   0.999        C  113 0.965
   118  H   0.999        C  112 0.960
   119  H   0.999        C  114 0.971
   120  H   0.999        C  115 0.971
   121  H   0.999        C  116 0.971
   122  C   3.983        C  123 1.419    C  124 1.404    C   72 0.981    C  127 0.111
   123  C   3.990        C  126 1.436    C  122 1.419    H  129 0.960    C  125 0.109
   124  C   3.991        C  125 1.454    C  122 1.404    H  128 0.965    C  126 0.112
   125  C   3.992        C  124 1.454    C  127 1.431    H  130 0.971    C  123 0.109
   126  C   3.992        C  127 1.445    C  123 1.436    H  131 0.971    C  124 0.112
   127  C   3.991        C  126 1.445    C  125 1.431    H  132 0.971    C  122 0.111
   128  H   0.999        C  124 0.965
   129  H   0.999        C  123 0.960
   130  H   0.999        C  125 0.971
   131  H   0.999        C  126 0.971
   132  H   0.999        C  127 0.971

molecular dipole:
                 x           y           z       tot (Debye)
 q only:       -0.000      -0.000       0.000
   full:        0.000      -0.000       0.000       0.000
molecular quadrupole (traceless):
                xx          xy          yy          xz          yz          zz
 q only:       -0.118      -1.540      -0.014      -2.844       2.943       0.132
  q+dip:       -1.454      -8.144      -0.898     -10.919      11.298       2.353
   full:       -0.485      -3.421      -0.253      -5.412       5.601       0.738


           -------------------------------------------------
          | TOTAL ENERGY             -178.333161613913 Eh   |
          | GRADIENT NORM               0.000208304091 Eh/Î± |
          | HOMO-LUMO GAP               4.392222796415 eV   |
           -------------------------------------------------

------------------------------------------------------------------------
 * finished run on 2020/09/25 at 10:01:14.762     
------------------------------------------------------------------------
 total:
 * wall-time:     0 d,  0 h,  0 min,  1.186 sec
 *  cpu-time:     0 d,  0 h,  0 min,  1.168 sec
 * ratio c/w:     0.985 speedup
 SCF:
 * wall-time:     0 d,  0 h,  0 min,  0.934 sec
 *  cpu-time:     0 d,  0 h,  0 min,  0.933 sec
 * ratio c/w:     0.999 speedup

