STARTING dscf ON 36 PROCESSORS!
RUNNING PROGRAM /shared/apps/turbomole/regular/7.3/bin/em64t-unknown-linux-gnu_mpi/dscf_mpi.
/shared/apps/turbomole/regular/7.3/mpirun_scripts/PMPI/bin/mpirun -machinefile NodeFile.14766 -e OMP_NUM_THREADS=1 -e TURBODIR=/shared/apps/turbomole/regular/7.3 -e OMP_STACK_SIZE=256M -e LD_LIBRARY_PATH=/shared/apps/turbomole/regular/7.3/libso/em64t-unknown-linux-gnu_mpi:/shared/apps/python/3.6-anaconda/lib:/shared/apps/gcc/4.9.0/lib:/shared/apps/gcc/4.9.0/lib64:/shared/apps/gaussian09/D.01/g09/bsd:/shared/apps/gaussian09/D.01/g09/local:/shared/apps/gaussian09/D.01/g09/extras:/shared/apps/gaussian09/D.01/g09:/shared/apps/intel/composer_xe_2013_sp1.2.144/compiler/lib/intel64:/shared/apps/openmpi/1.8.1/intel/2013.sp1.2.144/lib:/shared/apps/slurm/current/lib:/shared/apps/turbomole/regular/6.6/libso/em64t-unknown-linux-gnu_mpi:/shared/apps/intel/composer_xe_2013_sp1.2.144/mkl/lib/intel64:/shared/apps/gaussian09/D.01/gv/lib:/shared/apps/intel/parallel_studio_xe_2016/compilers_and_libraries_2016.0.109/linux/compiler/lib/intel64:/shared/apps/intel/parallel_studio_xe_2016/compilers_and_libraries_2016.0.109/linux/mpi/intel64/lib:/shared/apps/intel/parallel_studio_xe_2016/compilers_and_libraries_2016.0.109/linux/ipp/../compiler/lib/intel64:/shared/apps/intel/parallel_studio_xe_2016/compilers_and_libraries_2016.0.109/linux/ipp/lib/intel64:/shared/apps/intel/parallel_studio_xe_2016/compilers_and_libraries_2016.0.109/linux/compiler/lib/intel64:/shared/apps/intel/parallel_studio_xe_2016/compilers_and_libraries_2016.0.109/linux/mkl/lib/intel64:/shared/apps/intel/parallel_studio_xe_2016/compilers_and_libraries_2016.0.109/linux/tbb/lib/intel64/gcc4.4:/shared/apps/intel/parallel_studio_xe_2016/debugger_2016/libipt/intel64/lib:/shared/apps/intel/parallel_studio_xe_2016/compilers_and_libraries_2016.0.109/linux/daal/lib/intel64_lin:/shared/apps/intel/parallel_studio_xe_2016/compilers_and_libraries_2016.0.109/linux/daal/../tbb/lib/intel64_lin/gcc4.4:/shared/apps/intel/parallel_studio_xe_2016/compilers_and_libraries_2016.0.109/linux/daal/../compiler/lib/intel64_lin:/shared/apps/R/3.3.1/lib64:/shared/apps/R/3.3.1/3rdparty:/shared/apps/R/3.3.1/lib64/R/lib:/shared/apps/turbomole/regular/7.3/libso/em64t-unknown-linux-gnu_mpi /shared/apps/turbomole/regular/7.3/bin/em64t-unknown-linux-gnu_mpi/dscf_mpi
 this is node-proc. number 1 running on node yac01
 the total number of node-proc. spawned is  37
  parallel platform: MPP or cluster with fast interconnect

   OpenMP run-time library returned nthreads =  1

 dscf (yac01) : TURBOMOLE V7.3 ( 22135 ) 4 Jul 2018 at 10:54:32
 Copyright (C) 2018 TURBOMOLE GmbH, Karlsruhe


    2020-08-03 08:55:39.574 


 SCF run will be profiled !



                             d s c f - program

                   idea & directorship : reinhart ahlrichs
                   program development : marco haeser
                                         michael baer
                           dft version : oliver treutler
           parallelized version : malte v. arnim, gina corongiu, GMD 


                          quantum chemistry group
                          universitaet  karlsruhe
                                  germany




                          References             
                                                 
          TURBOMOLE:                             
              R. Ahlrichs, M. Baer, M. Haeser, H. Horn, and
              C. Koelmel
              Electronic structure calculations on workstation
              computers: the program system TURBOMOLE
              Chem. Phys. Lett. 162: 165 (1989)
          Density Functional:                              
              O. Treutler and R. Ahlrichs                      
              Efficient Molecular Numerical Integration Schemes
              J. Chem. Phys. 102: 346 (1995)                   
          Parallel Version:                                
              Performance of parallel TURBOMOLE for Density    
              Functional Calculations                          
              M. v. Arnim and R. Ahlrichs                      
              J. Comp. Chem. 19: 1746 (1998)                   
                                         




              +--------------------------------------------------+
              | Atomic coordinate, charge and isotop information |
              +--------------------------------------------------+

                    atomic coordinates            atom    charge  isotop
          3.82849953   -1.46222227   -6.14331161    c      6.000     0
          2.24977262   -0.05072724   -7.71261294    c      6.000     0
          4.57272885   -3.96906076   -6.90814103    c      6.000     0
          1.30498930   -1.04096452  -10.01579394    c      6.000     0
          1.70137372    1.87441575   -7.15584047    h      1.000     0
          6.22476391   -5.52853627   -5.45540273    c      6.000     0
          3.62353945   -4.96043754   -9.26770069    c      6.000     0
          1.96798460   -3.45754383  -10.76574687    c      6.000     0
          0.03520012    0.11657456  -11.18377527    h      1.000     0
          6.97610843   -4.81430672   -3.65772346    h      1.000     0
          6.90689683   -7.92114346   -6.27756531    c      6.000     0
          4.37005629   -7.42247251  -10.06372628    c      6.000     0
          1.22909110   -4.25723190  -12.53704991    h      1.000     0
          5.98121714   -8.88100339   -8.60474829    c      6.000     0
          8.18307159   -9.07941518   -5.11650511    h      1.000     0
          3.63261562   -8.14014741  -11.87005690    h      1.000     0
          6.54622956  -10.77595045   -9.24373329    h      1.000     0
          4.45576955   -0.63888120   -4.38880652    h      1.000     0
          3.64718049   -3.48984209    5.82963918    c      6.000     0
          2.07488244   -2.68107521    7.78590993    c      6.000     0
          4.25158653   -6.14048099    5.61029999    c      6.000     0
          1.02134992   -4.41261803    9.53997867    c      6.000     0
          1.58631605   -0.66904771    7.97458378    h      1.000     0
          3.10102375   -7.90221124    7.35103916    c      6.000     0
          5.93825006   -7.12852410    3.75165136    c      6.000     0
          1.49232334   -6.97194215    9.29786261    c      6.000     0
         -0.20513279   -3.71363876   11.05828555    h      1.000     0
          3.61177874  -10.53582503    7.10347994    c      6.000     0
          6.41558750   -9.70010669    3.57450805    c      6.000     0
          6.88738258   -5.82389838    2.44680095    h      1.000     0
          0.62621026   -8.32871940   10.61507655    h      1.000     0
          5.22892926  -11.42869662    5.24790721    c      6.000     0
          2.70072307  -11.84801438    8.43539009    h      1.000     0
          7.72929431  -10.39950434    2.12410187    h      1.000     0
          5.61200604  -13.46423780    5.08378582    h      1.000     0
          4.37462510   -2.10553489    4.52420275    h      1.000     0
         13.34383276    2.24577037    0.74006324    c      6.000     0
         14.33187493    4.65875731    1.13692708    c      6.000     0
         15.04654460    0.15138596    0.36131526    c      6.000     0
         16.97540544    5.10411247    1.16993965    c      6.000     0
         13.05162441    6.27033352    1.42936787    h      1.000     0
         17.73695468    0.61867781    0.39095920    c      6.000     0
         14.20798317   -2.37873131   -0.04658855    c      6.000     0
         18.64120809    3.12176444    0.79985058    c      6.000     0
         17.68382087    7.03094469    1.48723109    h      1.000     0
         19.44085799   -1.43268849    0.00960793    c      6.000     0
         15.91422463   -4.33347894   -0.41142153    c      6.000     0
         12.17208691   -2.78333774   -0.06905853    h      1.000     0
         20.69572231    3.44750391    0.81505948    h      1.000     0
         18.55447477   -3.86392773   -0.38685321    c      6.000     0
         21.48341344   -1.04123891    0.03851470    h      1.000     0
         15.21126371   -6.26388861   -0.72076913    h      1.000     0
         19.88863993   -5.42930259   -0.68011905    h      1.000     0
         11.32094142    2.00624705    0.72644385    h      1.000     0
          2.41111952    7.96668510    1.49162055    c      6.000     0
          0.77023517    8.25724486    3.53439276    c      6.000     0
          2.63189754    9.97585005   -0.33669534    c      6.000     0
         -0.73902653   10.45056871    3.82562072    c      6.000     0
          0.60432761    6.74308668    4.94765411    h      1.000     0
          4.30309139    9.87914690   -2.45167134    c      6.000     0
          1.09710639   12.21083991   -0.02197355    c      6.000     0
         -0.58957943   12.37969071    2.06762419    c      6.000     0
         -2.04259892   10.58899606    5.43742633    h      1.000     0
          5.50783148    8.21039666   -2.72340129    h      1.000     0
          4.44386711   11.85862519   -4.16258440    c      6.000     0
          1.29429686   14.21517339   -1.80908452    c      6.000     0
         -1.77861363   14.07478374    2.25043440    h      1.000     0
          2.92899008   14.04908838   -3.84583928    c      6.000     0
          5.74828836   11.72860844   -5.77443990    h      1.000     0
          0.11368347   15.90351537   -1.53044157    h      1.000     0
          3.06779727   15.61183463   -5.20920128    h      1.000     0
          3.47806093    6.23887678    1.33049717    h      1.000     0
 
       center of nuclear mass  :    6.51363369    0.00168124   -0.35145012
       center of nuclear charge:    6.51334328    0.00207555   -0.35124871

   *************************************************************************
   test_job                                                                 
   *************************************************************************



              +--------------------------------------------------+
              |               basis set information              |
              +--------------------------------------------------+

              we will work with the 1s 3p 5d 7f 9g ... basis set
              ...i.e. with spherical basis functions...

   type   atoms  prim   cont   basis
   ---------------------------------------------------------------------------
    c       40     34     14   cc-pVDZ   [3s2p1d|17s4p1d]
    h       32      7      5   cc-pVDZ   [2s1p|4s1p]
   ---------------------------------------------------------------------------
   total:   72   1584    720
   ---------------------------------------------------------------------------

   total number of primitive shells          :   27
   total number of contracted shells         :  336
   total number of cartesian basis functions :  760
   total number of SCF-basis functions       :  720


 integral neglect threshold       :  0.44E-10
 integral storage threshold THIZE :  0.10E-04
 integral storage threshold THIME :         5


 symmetry group of the molecule :   c1 

 the group has the following generators :
   c1(z)

    1 symmetry operations found

 there are 1 real representations :   a   

 maximum number of shells which are related by symmetry :  1


    mo occupation :
   irrep   mo's   occupied
    a      720      136
 
 number of basis functions   :                    720
 number of occupied orbitals :                    136
 

 automatic virtual orbital shift switched on 
      shift if e(lumo)-e(homo) < 0.10000000    


 keyword $2e-ints_shell_statistics missing in file <control>

 ! One task per shell generated
  No pre-computed optimal task distribution found
  ... using automatic task generation
  
           ------------------
           density functional
           ------------------
 PBE functional
 exchange:    LDA + PBE
 correlation: LDA (PW) + PBE

 iterations will be done with small grid
  
 spherical integration : Lebedev's spherical grid
 spherical gridsize    :                     3
    i.e. gridpoints    :                   302
 value for diffuse not defined
 radial integration    : Chebyshev 2nd kind (scaling 3)
 radial gridsize       :                     3
 integration cells     :                    72
 partition function    : becke
 partition sharpness   :                     3
  

 <rddim> : input of entry tasksize
           from data group '$pardft' failed !

               Default values taken

 <rddim> : input of entry memdiv
           from data group '$pardft' failed !

               Default values taken
  DSCF: memory allocation for DFT gridpoints
  MEMORY is divided by 1 as DEFAULT
 Each node can hold at most  the                      1 -th part
 of the gridpoints    

          ------------------------
          nuclear repulsion energy  :   3459.44193693    
          ------------------------

  _________________________________
 |                                 |
 |         DFTD3 V3.1 Rev 0        |
 | S.Grimme, University Bonn       |
 |            June  2014           |
 |   see standalone version        |
 |       dftd3 -h for options      |
 |_________________________________|
 
 Please cite DFT-D3 work done with this code as:
 S. Grimme, J. Antony, S. Ehrlich and H. Krieg,
 J. Chem. Phys, 132 (2010), 154104.
 If used with BJ-damping cite also
 S. Grimme, S. Ehrlich and L. Goerigk,
 J. Comput. Chem. 32 (2011), 1456-1465
 For DFT-D2 the reference is
 S. Grimme, J. Comput. Chem., 27 (2006), 1787-1799
 
C6 coefficients used:
                     2  C6 for element                      1
Z=  1 CN= 0.912     C6(AA)=    3.03
Z=  1 CN= 0.000     C6(AA)=    7.59
                     5  C6 for element                      6
Z=  6 CN= 0.000     C6(AA)=   49.11
Z=  6 CN= 0.987     C6(AA)=   43.25
Z=  6 CN= 1.998     C6(AA)=   29.36
Z=  6 CN= 2.999     C6(AA)=   25.78
Z=  6 CN= 3.984     C6(AA)=   18.21

#           XYZ [au]              R0(AA) [Ang.]  CN          C6(AA)     C8(AA)   C10(AA) [au]
  1   3.82850  -1.46222  -6.14331   c   0.610  3.132        25.3       732.7     25959.4
  2   2.24977  -0.05073  -7.71261   c   0.610  3.117        25.4       734.3     26016.0
  3   4.57273  -3.96906  -6.90814   c   0.610  3.207        25.0       722.7     25603.8
  4   1.30499  -1.04096 -10.01579   c   0.610  3.109        25.4       735.1     26042.5
  5   1.70137   1.87442  -7.15584   h   0.395  1.000         3.1        37.4       553.2
  6   6.22476  -5.52854  -5.45540   c   0.610  3.142        25.3       731.7     25923.3
  7   3.62354  -4.96044  -9.26770   c   0.610  3.216        24.9       721.2     25552.7
  8   1.96798  -3.45754 -10.76575   c   0.610  3.148        25.3       731.0     25898.9
  9   0.03520   0.11657 -11.18378   h   0.395  1.000         3.1        37.4       553.2
 10   6.97611  -4.81431  -3.65772   h   0.395  1.001         3.1        37.4       553.1
 11   6.90690  -7.92114  -6.27757   c   0.610  3.115        25.4       734.5     26021.8
 12   4.37006  -7.42247 -10.06373   c   0.610  3.149        25.3       730.9     25895.5
 13   1.22909  -4.25723 -12.53705   h   0.395  1.001         3.1        37.4       553.2
 14   5.98122  -8.88100  -8.60475   c   0.610  3.112        25.4       734.8     26031.9
 15   8.18307  -9.07942  -5.11651   h   0.395  1.000         3.1        37.4       553.2
 16   3.63262  -8.14015 -11.87006   h   0.395  1.001         3.1        37.4       553.2
 17   6.54623 -10.77595  -9.24373   h   0.395  1.000         3.1        37.4       553.2
 18   4.45577  -0.63888  -4.38881   h   0.395  1.004         3.1        37.3       552.9
 19   3.64718  -3.48984   5.82964   c   0.610  3.132        25.3       732.8     25962.5
 20   2.07488  -2.68108   7.78591   c   0.610  3.115        25.4       734.5     26020.9
 21   4.25159  -6.14048   5.61030   c   0.610  3.206        25.0       722.9     25611.7
 22   1.02135  -4.41262   9.53998   c   0.610  3.110        25.4       735.0     26039.1
 23   1.58632  -0.66905   7.97458   h   0.395  1.000         3.1        37.4       553.2
 24   3.10102  -7.90221   7.35104   c   0.610  3.215        24.9       721.4     25557.2
 25   5.93825  -7.12852   3.75165   c   0.610  3.141        25.3       731.8     25925.5
 26   1.49232  -6.97194   9.29786   c   0.610  3.147        25.3       731.1     25900.6
 27  -0.20513  -3.71364  11.05829   h   0.395  1.001         3.1        37.4       553.2
 28   3.61178 -10.53583   7.10348   c   0.610  3.148        25.3       731.0     25898.5
 29   6.41559  -9.70011   3.57451   c   0.610  3.114        25.4       734.5     26023.1
 30   6.88738  -5.82390   2.44680   h   0.395  1.001         3.1        37.4       553.1
 31   0.62621  -8.32872  10.61508   h   0.395  1.001         3.1        37.4       553.2
 32   5.22893 -11.42870   5.24791   c   0.610  3.111        25.4       734.8     26034.0
 33   2.70072 -11.84801   8.43539   h   0.395  1.001         3.1        37.4       553.2
 34   7.72929 -10.39950   2.12410   h   0.395  1.000         3.1        37.4       553.2
 35   5.61201 -13.46424   5.08379   h   0.395  1.000         3.1        37.4       553.2
 36   4.37463  -2.10553   4.52420   h   0.395  1.004         3.1        37.3       552.9
 37  13.34383   2.24577   0.74006   c   0.610  3.132        25.3       732.8     25961.5
 38  14.33187   4.65876   1.13693   c   0.610  3.115        25.4       734.4     26020.8
 39  15.04654   0.15139   0.36132   c   0.610  3.206        25.0       722.8     25608.9
 40  16.97541   5.10411   1.16994   c   0.610  3.108        25.4       735.1     26042.9
 41  13.05162   6.27033   1.42937   h   0.395  1.000         3.1        37.4       553.2
 42  17.73695   0.61868   0.39096   c   0.610  3.215        24.9       721.4     25557.5
 43  14.20798  -2.37873  -0.04659   c   0.610  3.142        25.3       731.7     25924.3
 44  18.64121   3.12176   0.79985   c   0.610  3.147        25.3       731.1     25903.8
 45  17.68382   7.03094   1.48723   h   0.395  1.000         3.1        37.4       553.2
 46  19.44086  -1.43269   0.00961   c   0.610  3.148        25.3       731.0     25898.9
 47  15.91422  -4.33348  -0.41142   c   0.610  3.115        25.4       734.5     26022.4
 48  12.17209  -2.78334  -0.06906   h   0.395  1.001         3.1        37.4       553.2
 49  20.69572   3.44750   0.81506   h   0.395  1.000         3.1        37.4       553.2
 50  18.55447  -3.86393  -0.38685   c   0.610  3.112        25.4       734.8     26031.6
 51  21.48341  -1.04124   0.03851   h   0.395  1.001         3.1        37.4       553.2
 52  15.21126  -6.26389  -0.72077   h   0.395  1.000         3.1        37.4       553.2
 53  19.88864  -5.42930  -0.68012   h   0.395  1.000         3.1        37.4       553.2
 54  11.32094   2.00625   0.72644   h   0.395  1.004         3.1        37.3       552.9
 55   2.41112   7.96669   1.49162   c   0.610  3.132        25.3       732.7     25960.6
 56   0.77024   8.25724   3.53439   c   0.610  3.117        25.4       734.3     26015.7
 57   2.63190   9.97585  -0.33670   c   0.610  3.207        25.0       722.8     25606.6
 58  -0.73903  10.45057   3.82562   c   0.610  3.109        25.4       735.0     26041.1
 59   0.60433   6.74309   4.94765   h   0.395  1.000         3.1        37.4       553.2
 60   4.30309   9.87915  -2.45167   c   0.610  3.141        25.3       731.8     25926.1
 61   1.09711  12.21084  -0.02197   c   0.610  3.216        24.9       721.1     25547.8
 62  -0.58958  12.37969   2.06762   c   0.610  3.148        25.3       730.9     25896.4
 63  -2.04260  10.58900   5.43743   h   0.395  1.000         3.1        37.4       553.2
 64   5.50783   8.21040  -2.72340   h   0.395  1.001         3.1        37.4       553.2
 65   4.44387  11.85863  -4.16258   c   0.610  3.115        25.4       734.5     26021.8
 66   1.29430  14.21517  -1.80908   c   0.610  3.149        25.3       730.9     25893.5
 67  -1.77861  14.07478   2.25043   h   0.395  1.001         3.1        37.4       553.2
 68   2.92899  14.04909  -3.84584   c   0.610  3.112        25.4       734.8     26031.8
 69   5.74829  11.72861  -5.77444   h   0.395  1.000         3.1        37.4       553.2
 70   0.11368  15.90352  -1.53044   h   0.395  1.001         3.1        37.4       553.2
 71   3.06780  15.61183  -5.20920   h   0.395  1.000         3.1        37.4       553.2
 72   3.47806   6.23888   1.33050   h   0.395  1.004         3.1        37.3       552.9

molecular C6(AA) [au] =     66188.59

           DFT-D V3(BJ)
 DF pbe                                               
 parameters
 s6       :    1.0000
 s8       :    0.7875
 a1       :    0.4289
 a2       :    4.4407
 k1-k3    :   16.0000    1.3333   -4.0000
 
 Edisp /kcal,au:   -54.7171 -0.08719725

 E6    /kcal :   -38.2102
 E8    /kcal :   -16.5069
 % E8        : 30.17
 nuclear repulsion energy                  =    3459.441936926
 empirical dispersive energy correction    =      -0.087197246
 nuclear repulsion + dispersion correction =    3459.354739680


         -----------------
         -S,T+V- integrals
         -----------------

 1e-integrals will be neglected if expon. factor < 0.439732E-11
 
   Difference densities algorithm switched on.
   The maximal number of linear combinations of
   difference densities is                    20 .

 DIIS switched on: error vector is FDS-SDF
 Max. Iterations for DIIS is     :   4
 DIIS matrix (see manual) 
    Scaling factor of diagonals  :  1.200
    threshold for scaling factor :  0.000

 scf convergence criterion : increment of total energy < .1000000D-05
                  and increment of one-electron energy < .1000000D-02

  MOs are in ASCII format !


 reading orbital data $scfmo  from file mos
 orbital characterization : expanded
 mo provided and orthogonalized by Cholesky decomposition

 DSCF restart information will be dumped onto file mos

 
                                              current damping :  0.700
 ITERATION  ENERGY          1e-ENERGY        2e-ENERGY     NORM[dD(SAO)]  TOL
   1  -1537.4923576090    -8897.4746497     3900.6275524    0.000D+00 0.439D-10
                            Exc =  -220.623471900620     N = 272.00171944    
          max. resid. norm for Fia-block=  2.303D-01 for orbital     25a         
          max. resid. fock norm         =  9.309D-01 for orbital    624a         
          Delta Eig. =    36.0135538565 eV 
 
                                              current damping :  0.650
 ITERATION  ENERGY          1e-ENERGY        2e-ENERGY     NORM[dD(SAO)]  TOL
   2  -1540.7556324434    -8939.7068233     3939.5964512    0.304D+01 0.279D-10
                            Exc =  -224.199176430745     N = 272.00172333    
          Norm of current diis error:  3.0228    
          max. resid. norm for Fia-block=  1.127D-01 for orbital     47a         
          max. resid. fock norm         =  1.406D-01 for orbital    246a         
          Delta Eig. =    13.4012557678 eV 
 
                                              current damping :  0.550
 ITERATION  ENERGY          1e-ENERGY        2e-ENERGY     NORM[dD(SAO)]  TOL
   3  -1541.4923431209    -8949.6409462     3948.7938634    0.936D+00 0.218D-10
                            Exc =  -225.484248681654     N = 272.00163819    
          Norm of current diis error:  1.5067    
          max. resid. norm for Fia-block=  5.416D-02 for orbital     45a         
          max. resid. fock norm         =  6.199D-02 for orbital     41a         
          Delta Eig. =     5.6014766259 eV 
 
                                              current damping :  0.450
 ITERATION  ENERGY          1e-ENERGY        2e-ENERGY     NORM[dD(SAO)]  TOL
   4  -1541.6985648979    -8958.2241894     3957.1708848    0.346D+00 0.188D-10
                            Exc =  -226.260680059429     N = 272.00146317    
          Norm of current diis error: 0.57625    
          max. resid. norm for Fia-block=  2.121D-02 for orbital     41a         
          max. resid. fock norm         =  2.575D-02 for orbital     43a         
          Delta Eig. =     2.6853739591 eV 
 
                                              current damping :  0.350
 ITERATION  ENERGY          1e-ENERGY        2e-ENERGY     NORM[dD(SAO)]  TOL
   5  -1541.7308535712    -8960.1830263     3959.0974330    0.188D+00 0.174D-10
                            Exc =  -226.559715672386     N = 272.00137688    
          Norm of current diis error: 0.25005    
          max. resid. norm for Fia-block=  7.736D-03 for orbital     46a         
          max. resid. fock norm         =  1.254D-02 for orbital     21a         
 mo-orthogonalization: Cholesky decomposition
          Delta Eig. =     0.7838627681 eV 
 
                                              current damping :  0.250
 ITERATION  ENERGY          1e-ENERGY        2e-ENERGY     NORM[dD(SAO)]  TOL
   6  -1541.7350041253    -8962.5051929     3961.4154491    0.703D-01 0.167D-10
                            Exc =  -226.700407909824     N = 272.00132885    
          Norm of current diis error: 0.15705    
          max. resid. norm for Fia-block=  3.409D-03 for orbital    130a         
          max. resid. fock norm         =  5.660D-03 for orbital     54a         
          Delta Eig. =     0.5429989428 eV 
 
                                              current damping :  0.300
 ITERATION  ENERGY          1e-ENERGY        2e-ENERGY     NORM[dD(SAO)]  TOL
   7  -1541.7372023438    -8962.1059414     3961.0139994    0.320D-01 0.165D-10
                            Exc =  -226.713839438938     N = 272.00133740    
          Norm of current diis error: 0.57078E-01
          max. resid. norm for Fia-block=  1.642D-03 for orbital    134a         
          max. resid. fock norm         =  2.065D-03 for orbital     62a         
          Delta Eig. =     0.0875590581 eV 
 
                                              current damping :  0.150
 ITERATION  ENERGY          1e-ENERGY        2e-ENERGY     NORM[dD(SAO)]  TOL
   8  -1541.7373961442    -8962.0539013     3960.9617655    0.103D-01 0.164D-10
                            Exc =  -226.716503991181     N = 272.00132821    
          Norm of current diis error: 0.37966E-01
          max. resid. norm for Fia-block=  6.995D-04 for orbital    134a         
          max. resid. fock norm         =  1.024D-03 for orbital     49a         
          Delta Eig. =     0.0444904256 eV 
 
                                              current damping :  0.200
 ITERATION  ENERGY          1e-ENERGY        2e-ENERGY     NORM[dD(SAO)]  TOL
   9  -1541.7375245257    -8962.2363941     3961.1441299    0.633D-02 0.163D-10
                            Exc =  -226.719135668948     N = 272.00132880    
          Norm of current diis error: 0.13511E-01
          max. resid. norm for Fia-block=  4.427D-04 for orbital    134a         
          max. resid. fock norm         =  7.060D-04 for orbital     28a         
          Delta Eig. =     0.0249837552 eV 
 
                                              current damping :  0.250
 ITERATION  ENERGY          1e-ENERGY        2e-ENERGY     NORM[dD(SAO)]  TOL
  10  -1541.7375251436    -8962.1538595     3961.0615947    0.151D-02 0.162D-10
                            Exc =  -226.720547945858     N = 272.00133151    
          Norm of current diis error: 0.13462E-01
          max. resid. norm for Fia-block=  2.233D-04 for orbital    136a         
          max. resid. fock norm         =  4.751D-04 for orbital     36a         
 mo-orthogonalization: Cholesky decomposition
          Delta Eig. =     0.0097135800 eV 
 
                                              current damping :  0.300
 ITERATION  ENERGY          1e-ENERGY        2e-ENERGY     NORM[dD(SAO)]  TOL
  11  -1541.7375445646    -8962.1721981     3961.0799138    0.391D-03 0.162D-10
                            Exc =  -226.719236605813     N = 272.00133032    
          Norm of current diis error: 0.15879E-02
          max. resid. norm for Fia-block=  5.195D-05 for orbital    129a         
          max. resid. fock norm         =  8.772D-05 for orbital     19a         
          Delta Eig. =     0.0047908649 eV 
 
                                              current damping :  0.150
 ITERATION  ENERGY          1e-ENERGY        2e-ENERGY     NORM[dD(SAO)]  TOL
  12  -1541.7375446366    -8962.1839368     3961.0916525    0.198D-03 0.162D-10
                            Exc =  -226.719398429375     N = 272.00133009    
          Norm of current diis error: 0.13203E-02
          max. resid. norm for Fia-block=  2.660D-05 for orbital    136a         
          max. resid. fock norm         =  5.065D-05 for orbital     38a         
          Delta Eig. =     0.0019505112 eV 

 ENERGY CONVERGED !

 Big Grid 
 e2xc, e2xcold =   -226.71930807   -226.71930807
 
                                              current damping :  0.500
 ITERATION  ENERGY          1e-ENERGY        2e-ENERGY     NORM[dD(SAO)]  TOL
  13  -1541.7403319558    -8962.1814022     3961.0863305    0.743D-04 0.162D-10
                            Exc =  -226.722095208743     N = 272.00035619    
          max. resid. norm for Fia-block=  2.564D-05 for orbital    136a         
          max. resid. fock norm         =  4.798D-05 for orbital     38a         

 convergence criteria satisfied after    13 iterations


   *************************************************************************
   test_job                                                                 
   *************************************************************************


                  ------------------------------------------ 
                 |  total energy      =  -1541.74033195579  |
                  ------------------------------------------ 
                 :  kinetic energy    =   1530.95102673031  :
                 :  potential energy  =  -3072.69135868610  :
                 :  virial theorem    =      1.99300186614  :
                 :  wavefunction norm =      1.00000000000  :
                  .......................................... 


 <geterg> : there is no data group $energy 


 <skperg> : $end is missing 


 orbitals $scfmo  will be written to file mos

    irrep                132a        133a        134a        135a        136a   
 eigenvalues H         -0.22232    -0.19712    -0.19624    -0.19600    -0.19518
            eV          -6.0497     -5.3638     -5.3399     -5.3334     -5.3113
 occupation              2.0000      2.0000      2.0000      2.0000      2.0000 

    irrep                137a        138a        139a        140a        141a   
 eigenvalues H         -0.07334    -0.07258    -0.07230    -0.07150    -0.04395
            eV          -1.9957     -1.9751     -1.9674     -1.9456     -1.1959
 
 
 
 
 ==============================================================================
                           electrostatic moments
 ==============================================================================

 reference point for electrostatic moments:    0.00000   0.00000   0.00000

 
              nuc           elec       ->  total
 ------------------------------------------------------------------------------
                          charge      
 ------------------------------------------------------------------------------
         272.000000    -272.000000      -0.000000
 
 ------------------------------------------------------------------------------
                       dipole moment  
 ------------------------------------------------------------------------------
   x    1771.629372   -1771.672342      -0.042970
   y       0.564548      -0.515103       0.049446
   z     -95.539650      95.535881      -0.003769
 
   | dipole moment | =     0.0656 a.u. =     0.1668 debye 
 
 ------------------------------------------------------------------------------
                     quadrupole moment
 ------------------------------------------------------------------------------
  xx   21737.476333  -21904.985265    -167.508932
  yy   15590.608247  -15745.684543    -155.076295
  zz    8584.135800   -8752.476134    -168.340335
  xy   -1793.849703    1788.387868      -5.461835
  xz    -658.950942     654.549379      -4.401563
  yz    -720.371721     720.452403       0.080681
 
     1/3  trace=    -163.641854
     anisotropy=      17.698416
 
 ==============================================================================
 

    dscf profiling
  --------------------------------------------------------------------
             module   cpu total (s)       %  wall total (s)       %

          dscf.total           247.2  100.00            63.7  100.00
        dscf.prepare             0.4    0.18             0.5    0.84
      prepare.oneint             0.0    0.01             0.0    0.03
     prepare.moinput             0.1    0.02             0.1    0.15
     moinput_orthmos             0.2    0.09             0.2    0.34
            dscf.scf           246.7   99.81            63.1   99.04
             scf.pre             0.0    0.00             0.0    0.02
        scf.makedmat             0.4    0.17             4.9    7.77
          scf.shloop            36.1   14.60            36.1   56.72
          shloop_omp            36.0   14.55            36.0   56.52
          scf.symcar             0.1    0.03             0.1    0.14
        scf.makefock             0.1    0.06             9.7   15.24
          scf.energy             0.0    0.00             0.0    0.02
             scf.dft             2.4    0.97             2.4    3.78
        dft_grid_con             0.1    0.03             0.1    0.14
          scf.newerg             0.0    0.00             0.0    0.00
          scf.newcnv            59.7   24.16             1.8    2.86
           scf.fdiag            72.2   29.22             2.1    3.38
         diag_tritrn             2.6    1.04             0.1    0.12
          diag_rdiag            24.6    9.97             0.7    1.11
          scf.modump            43.0   17.39             4.0    6.28
           ortho_all            10.5    4.26             0.3    0.54
     scf_loop_mkdmat             0.0    0.00             0.0    0.00
            scf.post             0.8    0.32             0.7    1.16
        dscf.postscf             0.0    0.02             0.1    0.11
 


    ------------------------------------------------------------------------
         total  cpu-time :  4 minutes and  7 seconds
         total wall-time :  1 minutes and  5 seconds
    ------------------------------------------------------------------------

   ****  dscf : all done  ****


    2020-08-03 08:56:43.461 

