STARTING dscf ON 36 PROCESSORS!
RUNNING PROGRAM /shared/apps/turbomole/regular/7.3/bin/em64t-unknown-linux-gnu_mpi/dscf_mpi.
/shared/apps/turbomole/regular/7.3/mpirun_scripts/PMPI/bin/mpirun -machinefile NodeFile.19814 -e OMP_NUM_THREADS=1 -e TURBODIR=/shared/apps/turbomole/regular/7.3 -e OMP_STACK_SIZE=256M -e LD_LIBRARY_PATH=/shared/apps/turbomole/regular/7.3/libso/em64t-unknown-linux-gnu_mpi:/shared/apps/python/3.6-anaconda/lib:/shared/apps/gcc/4.9.0/lib:/shared/apps/gcc/4.9.0/lib64:/shared/apps/gaussian09/D.01/g09/bsd:/shared/apps/gaussian09/D.01/g09/local:/shared/apps/gaussian09/D.01/g09/extras:/shared/apps/gaussian09/D.01/g09:/shared/apps/intel/composer_xe_2013_sp1.2.144/compiler/lib/intel64:/shared/apps/openmpi/1.8.1/intel/2013.sp1.2.144/lib:/shared/apps/slurm/current/lib:/shared/apps/turbomole/regular/6.6/libso/em64t-unknown-linux-gnu_mpi:/shared/apps/intel/composer_xe_2013_sp1.2.144/mkl/lib/intel64:/shared/apps/gaussian09/D.01/gv/lib:/shared/apps/intel/parallel_studio_xe_2016/compilers_and_libraries_2016.0.109/linux/compiler/lib/intel64:/shared/apps/intel/parallel_studio_xe_2016/compilers_and_libraries_2016.0.109/linux/mpi/intel64/lib:/shared/apps/intel/parallel_studio_xe_2016/compilers_and_libraries_2016.0.109/linux/ipp/../compiler/lib/intel64:/shared/apps/intel/parallel_studio_xe_2016/compilers_and_libraries_2016.0.109/linux/ipp/lib/intel64:/shared/apps/intel/parallel_studio_xe_2016/compilers_and_libraries_2016.0.109/linux/compiler/lib/intel64:/shared/apps/intel/parallel_studio_xe_2016/compilers_and_libraries_2016.0.109/linux/mkl/lib/intel64:/shared/apps/intel/parallel_studio_xe_2016/compilers_and_libraries_2016.0.109/linux/tbb/lib/intel64/gcc4.4:/shared/apps/intel/parallel_studio_xe_2016/debugger_2016/libipt/intel64/lib:/shared/apps/intel/parallel_studio_xe_2016/compilers_and_libraries_2016.0.109/linux/daal/lib/intel64_lin:/shared/apps/intel/parallel_studio_xe_2016/compilers_and_libraries_2016.0.109/linux/daal/../tbb/lib/intel64_lin/gcc4.4:/shared/apps/intel/parallel_studio_xe_2016/compilers_and_libraries_2016.0.109/linux/daal/../compiler/lib/intel64_lin:/shared/apps/R/3.3.1/lib64:/shared/apps/R/3.3.1/3rdparty:/shared/apps/R/3.3.1/lib64/R/lib:/shared/apps/turbomole/regular/7.3/libso/em64t-unknown-linux-gnu_mpi /shared/apps/turbomole/regular/7.3/bin/em64t-unknown-linux-gnu_mpi/dscf_mpi
 this is node-proc. number 1 running on node yac01
 the total number of node-proc. spawned is  37
  parallel platform: MPP or cluster with fast interconnect

   OpenMP run-time library returned nthreads =  1

 dscf (yac01) : TURBOMOLE V7.3 ( 22135 ) 4 Jul 2018 at 10:54:32
 Copyright (C) 2018 TURBOMOLE GmbH, Karlsruhe


    2020-08-03 11:37:13.686 


 SCF run will be profiled !



                             d s c f - program

                   idea & directorship : reinhart ahlrichs
                   program development : marco haeser
                                         michael baer
                           dft version : oliver treutler
           parallelized version : malte v. arnim, gina corongiu, GMD 


                          quantum chemistry group
                          universitaet  karlsruhe
                                  germany




                          References             
                                                 
          TURBOMOLE:                             
              R. Ahlrichs, M. Baer, M. Haeser, H. Horn, and
              C. Koelmel
              Electronic structure calculations on workstation
              computers: the program system TURBOMOLE
              Chem. Phys. Lett. 162: 165 (1989)
          Density Functional:                              
              O. Treutler and R. Ahlrichs                      
              Efficient Molecular Numerical Integration Schemes
              J. Chem. Phys. 102: 346 (1995)                   
          Parallel Version:                                
              Performance of parallel TURBOMOLE for Density    
              Functional Calculations                          
              M. v. Arnim and R. Ahlrichs                      
              J. Comp. Chem. 19: 1746 (1998)                   
                                         




              +--------------------------------------------------+
              | Atomic coordinate, charge and isotop information |
              +--------------------------------------------------+

                    atomic coordinates            atom    charge  isotop
          9.40164901    0.18330665   -4.15307945    s     16.000     0
          9.94058095    3.64835968    2.66178129    s     16.000     0
          4.81806425    0.06314066   -3.54770304    sn    50.000     0
         10.06767127   -4.13487137    2.07918572    s     16.000     0
          5.44894044   -4.08054137    2.45639584    sn    50.000     0
          4.32571519   -0.63165192    5.36745733    s     16.000     0
          5.33729466    3.21588490    3.05299107    sn    50.000     0
          3.32746661   -3.88679474   -1.62979505    s     16.000     0
          3.35367598    3.69745137   -1.09838026    s     16.000     0
         11.11174533   -0.05329708    0.14659702    sn    50.000     0
          3.52766159    0.21801026   -6.52836761    h      1.000     0
          4.37080234   -6.89611638    3.67444365    h      1.000     0
          4.03636398    5.58905979    4.85551851    h      1.000     0
         14.35896263    0.06525869    0.02408477    h      1.000     0
         -8.21416912    4.76937810    0.09909913    s     16.000     0
         -9.15545965   -2.01729020    3.42958855    s     16.000     0
         -9.82065270   -1.28027906   -4.25115114    s     16.000     0
         -4.61710775   -2.68525566    2.81982740    sn    50.000     0
         -3.70747995    3.76776656   -0.45728538    sn    50.000     0
         -2.76715091    1.76845881   -4.52595700    s     16.000     0
         -5.26827619   -2.12247141   -4.42648843    sn    50.000     0
         -2.15191315    1.21608241    3.07989170    s     16.000     0
         -3.91283630   -5.04292862   -1.13020211    s     16.000     0
        -10.37819201    0.70705501   -0.11458619    sn    50.000     0
         -3.51299860   -4.46910166    5.30424309    h      1.000     0
         -2.10470107    6.59693447   -0.47712486    h      1.000     0
         -4.68681808   -3.63723400   -7.24444614    h      1.000     0
        -13.57238886    1.23292129    0.19209932    h      1.000     0
 
       center of nuclear mass  :    0.34949601   -0.14685818   -0.00807080
       center of nuclear charge:    0.34996593   -0.14676441   -0.00809519

   *************************************************************************
   sp                                                                       
   *************************************************************************



              +--------------------------------------------------+
              |               basis set information              |
              +--------------------------------------------------+

              we will work with the 1s 3p 5d 7f 9g ... basis set
              ...i.e. with spherical basis functions...

   type   atoms  prim   cont   basis
   ---------------------------------------------------------------------------
    s       12     84     18   cc-pVDZ   [4s3p1d|34s15p1d]
    sn       8     77     23   cc-pVDZ-PP   [4s3p2d|14s11p6d]
    h        8      7      5   cc-pVDZ   [2s1p|4s1p]
   ---------------------------------------------------------------------------
   total:   28   1680    440
   ---------------------------------------------------------------------------

   total number of primitive shells          :   86
   total number of contracted shells         :  192
   total number of cartesian basis functions :  468
   total number of SCF-basis functions       :  440


 integral neglect threshold       :  0.71E-10
 integral storage threshold THIZE :  0.10E-04
 integral storage threshold THIME :         5

 number of unique ecp types :                     1

 symmetry group of the molecule :   c1 

 the group has the following generators :
   c1(z)

    1 symmetry operations found

 there are 1 real representations :   a   

 maximum number of shells which are related by symmetry :  1


    mo occupation :
   irrep   mo's   occupied
    a      440      188
 
 number of basis functions   :                    440
 number of occupied orbitals :                    188
 

 automatic virtual orbital shift switched on 
      shift if e(lumo)-e(homo) < 0.10000000    


 keyword $2e-ints_shell_statistics missing in file <control>

 ! One task per shell generated
  No pre-computed optimal task distribution found
  ... using automatic task generation
  
           ------------------
           density functional
           ------------------
 PBE functional
 exchange:    LDA + PBE
 correlation: LDA (PW) + PBE

 iterations will be done with small grid
  
 spherical integration : Lebedev's spherical grid
 spherical gridsize    :                     3
    i.e. gridpoints    :                   302
 value for diffuse not defined
 radial integration    : Chebyshev 2nd kind (scaling 3)
 radial gridsize       :                     3
 integration cells     :                    28
 partition function    : becke
 partition sharpness   :                     3
  

 <rddim> : input of entry tasksize
           from data group '$pardft' failed !

               Default values taken

 <rddim> : input of entry memdiv
           from data group '$pardft' failed !

               Default values taken
  DSCF: memory allocation for DFT gridpoints
  MEMORY is divided by 1 as DEFAULT
 Each node can hold at most  the                      1 -th part
 of the gridpoints    

          ------------------------
          nuclear repulsion energy  :   7425.31757993    
          ------------------------

  _________________________________
 |                                 |
 |         DFTD3 V3.1 Rev 0        |
 | S.Grimme, University Bonn       |
 |            June  2014           |
 |   see standalone version        |
 |       dftd3 -h for options      |
 |_________________________________|
 
 Please cite DFT-D3 work done with this code as:
 S. Grimme, J. Antony, S. Ehrlich and H. Krieg,
 J. Chem. Phys, 132 (2010), 154104.
 If used with BJ-damping cite also
 S. Grimme, S. Ehrlich and L. Goerigk,
 J. Comput. Chem. 32 (2011), 1456-1465
 For DFT-D2 the reference is
 S. Grimme, J. Comput. Chem., 27 (2006), 1787-1799
 
C6 coefficients used:
                     2  C6 for element                      1
Z=  1 CN= 0.912     C6(AA)=    3.03
Z=  1 CN= 0.000     C6(AA)=    7.59
                     3  C6 for element                     16
Z= 16 CN= 0.000     C6(AA)=  134.01
Z= 16 CN= 0.995     C6(AA)=  131.00
Z= 16 CN= 1.990     C6(AA)=  125.81
                     5  C6 for element                     50
Z= 50 CN= 0.000     C6(AA)=  627.57
Z= 50 CN= 0.951     C6(AA)=  542.04
Z= 50 CN= 1.950     C6(AA)=  505.41
Z= 50 CN= 2.926     C6(AA)=  409.15
Z= 50 CN= 3.912     C6(AA)=  336.10

#           XYZ [au]              R0(AA) [Ang.]  CN          C6(AA)     C8(AA)   C10(AA) [au]
  1   9.40165   0.18331  -4.15308   s   0.794  1.989       125.9      6168.4    370190.4
  2   9.94058   3.64836   2.66178   s   0.794  1.988       125.9      6168.4    370192.7
  3   4.81806   0.06314  -3.54770   sn  1.271  4.267       336.2     42195.1   6487543.5
  4  10.06767  -4.13487   2.07919   s   0.794  1.988       125.9      6168.4    370191.1
  5   5.44894  -4.08054   2.45640   sn  1.271  4.248       336.2     42196.8   6487809.5
  6   4.32572  -0.63165   5.36746   s   0.794  2.004       125.9      6167.8    370158.3
  7   5.33729   3.21588   3.05299   sn  1.271  4.279       336.2     42194.2   6487403.5
  8   3.32747  -3.88679  -1.62980   s   0.794  2.005       125.9      6167.8    370156.3
  9   3.35368   3.69745  -1.09838   s   0.794  2.055       125.9      6166.4    370074.7
 10  11.11175  -0.05330   0.14660   sn  1.271  4.263       336.2     42195.5   6487599.9
 11   3.52766   0.21801  -6.52837   h   0.395  0.975         3.1        37.5       555.4
 12   4.37080  -6.89612   3.67444   h   0.395  0.975         3.1        37.5       555.5
 13   4.03636   5.58906   4.85552   h   0.395  0.975         3.1        37.5       555.5
 14  14.35896   0.06526   0.02408   h   0.395  0.975         3.1        37.5       555.5
 15  -8.21417   4.76938   0.09910   s   0.794  1.989       125.9      6168.3    370188.6
 16  -9.15546  -2.01729   3.42959   s   0.794  1.988       125.9      6168.4    370191.4
 17  -9.82065  -1.28028  -4.25115   s   0.794  1.988       125.9      6168.4    370192.1
 18  -4.61711  -2.68526   2.81983   sn  1.271  4.264       336.2     42195.4   6487592.8
 19  -3.70748   3.76777  -0.45729   sn  1.271  4.306       336.2     42192.4   6487120.3
 20  -2.76715   1.76846  -4.52596   s   0.794  2.013       125.9      6167.6    370141.5
 21  -5.26828  -2.12247  -4.42649   sn  1.271  4.276       336.2     42194.4   6487433.1
 22  -2.15191   1.21608   3.07989   s   0.794  2.029       125.9      6167.1    370113.4
 23  -3.91284  -5.04293  -1.13020   s   0.794  1.998       125.9      6168.0    370169.5
 24 -10.37819   0.70706  -0.11459   sn  1.271  4.256       336.2     42196.1   6487695.3
 25  -3.51300  -4.46910   5.30424   h   0.395  0.975         3.1        37.5       555.5
 26  -2.10470   6.59693  -0.47712   h   0.395  0.976         3.1        37.5       555.4
 27  -4.68682  -3.63723  -7.24445   h   0.395  0.975         3.1        37.5       555.5
 28 -13.57239   1.23292   0.19210   h   0.395  0.975         3.1        37.5       555.5

molecular C6(AA) [au] =     87122.43

           DFT-D V3(BJ)
 DF pbe                                               
 parameters
 s6       :    1.0000
 s8       :    0.7875
 a1       :    0.4289
 a2       :    4.4407
 k1-k3    :   16.0000    1.3333   -4.0000
 
 Edisp /kcal,au:   -56.2612 -0.08965787

 E6    /kcal :   -31.1415
 E8    /kcal :   -25.1196
 % E8        : 44.65
 nuclear repulsion energy                  =    7425.317579926
 empirical dispersive energy correction    =      -0.089657866
 nuclear repulsion + dispersion correction =    7425.227922060


         -----------------
         -S,T+V- integrals
         -----------------

 1e-integrals will be neglected if expon. factor < 0.714094E-11


          ----------------
          -ecp-  integrals
          ----------------
 
   Difference densities algorithm switched on.
   The maximal number of linear combinations of
   difference densities is                    20 .

 DIIS switched on: error vector is FDS-SDF
 Max. Iterations for DIIS is     :   4
 DIIS matrix (see manual) 
    Scaling factor of diagonals  :  1.200
    threshold for scaling factor :  0.000

 scf convergence criterion : increment of total energy < .1000000D-05
                  and increment of one-electron energy < .1000000D-02

  MOs are in ASCII format !


 reading orbital data $scfmo  from file mos
 orbital characterization : expanded
 mo provided and orthogonalized by Cholesky decomposition

 DSCF restart information will be dumped onto file mos

 
                                              current damping :  0.700
 ITERATION  ENERGY          1e-ENERGY        2e-ENERGY     NORM[dD(SAO)]  TOL
   1  -6492.1884120051    -24426.950862     10509.534528    0.000D+00 0.712D-10
                            Exc =  -457.557712623076     N = 375.99991077    
          max. resid. norm for Fia-block=  8.563D-01 for orbital     11a         
          max. resid. fock norm         =  2.434D+01 for orbital    433a         
          Delta Eig. =   807.8471678805 eV 
 
                                              current damping :  0.650
 ITERATION  ENERGY          1e-ENERGY        2e-ENERGY     NORM[dD(SAO)]  TOL
   2  -6495.2108168474    -24439.420539     10518.981801    0.219D+01 0.451D-10
                            Exc =  -455.494407739791     N = 375.99980912    
          Norm of current diis error:  2.3587    
          max. resid. norm for Fia-block=  3.675D-01 for orbital      2a         
          max. resid. fock norm         =  6.611D-01 for orbital      2a         
          Delta Eig. =   348.0266021135 eV 
 
                                              current damping :  0.550
 ITERATION  ENERGY          1e-ENERGY        2e-ENERGY     NORM[dD(SAO)]  TOL
   3  -6495.9450325341    -24446.057851     10524.884896    0.704D+00 0.341D-10
                            Exc =  -454.549827518720     N = 375.99988976    
          Norm of current diis error:  1.0099    
          max. resid. norm for Fia-block=  1.462D-01 for orbital      1a         
          max. resid. fock norm         =  2.601D-01 for orbital      1a         
          Delta Eig. =   146.8906020454 eV 
 
                                              current damping :  0.450
 ITERATION  ENERGY          1e-ENERGY        2e-ENERGY     NORM[dD(SAO)]  TOL
   4  -6496.1358734437    -24451.616530     10530.252735    0.217D+00 0.286D-10
                            Exc =  -454.155565766529     N = 376.00006759    
          Norm of current diis error: 0.36747    
          max. resid. norm for Fia-block=  5.197D-02 for orbital      1a         
          max. resid. fock norm         =  9.245D-02 for orbital      1a         
          Delta Eig. =    55.9869047027 eV 
 
                                              current damping :  0.350
 ITERATION  ENERGY          1e-ENERGY        2e-ENERGY     NORM[dD(SAO)]  TOL
   5  -6496.1688681888    -24452.297463     10530.900673    0.657D-01 0.257D-10
                            Exc =  -453.973574304114     N = 376.00018225    
          Norm of current diis error: 0.12299    
          max. resid. norm for Fia-block=  1.612D-02 for orbital      1a         
          max. resid. fock norm         =  2.868D-02 for orbital     10a         
 mo-orthogonalization: Cholesky decomposition
          Delta Eig. =    18.6024614058 eV 
 
                                              current damping :  0.250
 ITERATION  ENERGY          1e-ENERGY        2e-ENERGY     NORM[dD(SAO)]  TOL
   6  -6496.1729789615    -24454.029975     10532.629074    0.343D-01 0.244D-10
                            Exc =  -453.937305046581     N = 376.00025645    
          Norm of current diis error: 0.37615E-01
          max. resid. norm for Fia-block=  4.194D-03 for orbital      4a         
          max. resid. fock norm         =  7.558D-03 for orbital      3a         
          Delta Eig. =     5.2915237454 eV 
 
                                              current damping :  0.300
 ITERATION  ENERGY          1e-ENERGY        2e-ENERGY     NORM[dD(SAO)]  TOL
   7  -6496.1731136297    -24452.762993     10531.361958    0.216D-01 0.239D-10
                            Exc =  -453.906383959282     N = 376.00025305    
          Norm of current diis error: 0.35123E-01
          max. resid. norm for Fia-block=  9.944D-04 for orbital    187a         
          max. resid. fock norm         =  2.129D-03 for orbital    142a         
          Delta Eig. =     0.9961068075 eV 
 
                                              current damping :  0.350
 ITERATION  ENERGY          1e-ENERGY        2e-ENERGY     NORM[dD(SAO)]  TOL
   8  -6496.1733523941    -24453.413542     10532.012267    0.480D-02 0.239D-10
                            Exc =  -453.908266328185     N = 376.00027041    
          Norm of current diis error: 0.98293E-02
          max. resid. norm for Fia-block=  3.953D-04 for orbital    173a         
          max. resid. fock norm         =  7.017D-04 for orbital    141a         
          Delta Eig. =     0.2174683070 eV 
 
                                              current damping :  0.200
 ITERATION  ENERGY          1e-ENERGY        2e-ENERGY     NORM[dD(SAO)]  TOL
   9  -6496.1733674897    -24453.552249     10532.150959    0.139D-02 0.238D-10
                            Exc =  -453.911285699645     N = 376.00027041    
          Norm of current diis error: 0.52634E-02
          max. resid. norm for Fia-block=  1.324D-04 for orbital    174a         
          max. resid. fock norm         =  2.382D-04 for orbital    139a         
          Delta Eig. =     0.0708957210 eV 
 
                                              current damping :  0.250
 ITERATION  ENERGY          1e-ENERGY        2e-ENERGY     NORM[dD(SAO)]  TOL
  10  -6496.1733731313    -24453.512577     10532.111282    0.979D-03 0.238D-10
                            Exc =  -453.910685506602     N = 376.00027073    
          Norm of current diis error: 0.96008E-03
          max. resid. norm for Fia-block=  6.176D-05 for orbital    159a         
          max. resid. fock norm         =  9.874D-05 for orbital    438a         
 mo-orthogonalization: Cholesky decomposition
          Delta Eig. =     0.0100070583 eV 
 
                                              current damping :  0.100
 ITERATION  ENERGY          1e-ENERGY        2e-ENERGY     NORM[dD(SAO)]  TOL
  11  -6496.1733730524    -24453.506820     10532.105524    0.465D-03 0.236D-10
                            Exc =  -453.909929975197     N = 376.00027127    
          Norm of current diis error: 0.10969E-02
          max. resid. norm for Fia-block=  2.561D-05 for orbital    176a         
          max. resid. fock norm         =  4.586D-05 for orbital    183a         
          Delta Eig. =     0.0033095345 eV 

 ENERGY CONVERGED !

 Big Grid 
 e2xc, e2xcold =   -453.91008491   -453.91008491
 
                                              current damping :  0.500
 ITERATION  ENERGY          1e-ENERGY        2e-ENERGY     NORM[dD(SAO)]  TOL
  12  -6496.1789131766    -24453.504597     10532.097762    0.178D-03 0.237D-10
                            Exc =  -453.915624743683     N = 376.00001211    
          max. resid. norm for Fia-block=  2.424D-05 for orbital    155a         
          max. resid. fock norm         =  4.146D-05 for orbital    438a         

 convergence criteria satisfied after    12 iterations


   *************************************************************************
   sp                                                                       
   *************************************************************************


                  ------------------------------------------ 
                 |  total energy      =  -6496.17891317659  |
                  ------------------------------------------ 
                 :  kinetic energy    =   5430.45552184948  :
                 :  potential energy  = -11926.63443502607  :
                 :  virial theorem    =      1.83594611454  :
                 :  wavefunction norm =      1.00000000000  :
                  .......................................... 


 <geterg> : there is no data group $energy 


 <skperg> : $end is missing 


 orbitals $scfmo  will be written to file mos

    irrep                184a        185a        186a        187a        188a   
 eigenvalues H         -0.22865    -0.22831    -0.22785    -0.22513    -0.22114
            eV          -6.2220     -6.2128     -6.2002     -6.1262     -6.0175
 occupation              2.0000      2.0000      2.0000      2.0000      2.0000 

    irrep                189a        190a        191a        192a        193a   
 eigenvalues H         -0.11449    -0.11382    -0.11131    -0.11117    -0.10800
            eV          -3.1155     -3.0971     -3.0288     -3.0251     -2.9389
 
 
 
 
 ==============================================================================
                           electrostatic moments
 ==============================================================================

 reference point for electrostatic moments:    0.00000   0.00000   0.00000

 
              nuc           elec       ->  total
 ------------------------------------------------------------------------------
                          charge      
 ------------------------------------------------------------------------------
         376.000000    -376.000000       0.000000
 
 ------------------------------------------------------------------------------
                       dipole moment  
 ------------------------------------------------------------------------------
   x     133.119872    -133.055840       0.064031
   y     -54.802534      54.746538      -0.055997
   z      -2.890067       2.922882       0.032815
 
   | dipole moment | =     0.0912 a.u. =     0.2317 debye 
 
 ------------------------------------------------------------------------------
                     quadrupole moment
 ------------------------------------------------------------------------------
  xx   18414.417426  -18684.037878    -269.620452
  yy    3221.915658   -3490.045422    -268.129765
  zz    3345.354531   -3613.774059    -268.419528
  xy    -116.687825     116.546172      -0.141653
  xz    1306.494060   -1306.871951      -0.377890
  yz     -14.308227      14.291009      -0.017218
 
     1/3  trace=    -268.723248
     anisotropy=       1.537419
 
 ==============================================================================
 

    dscf profiling
  --------------------------------------------------------------------
             module   cpu total (s)       %  wall total (s)       %

          dscf.total           196.1  100.00            58.6  100.00
        dscf.prepare             0.4    0.20             0.5    0.94
      prepare.oneint             0.1    0.06             0.1    0.19
     prepare.moinput             0.0    0.02             0.1    0.15
     moinput_orthmos             0.1    0.03             0.1    0.17
            dscf.scf           195.6   99.78            57.9   98.79
             scf.pre             0.0    0.00             0.0    0.02
        scf.makedmat             0.2    0.10             1.7    2.97
          scf.shloop            44.5   22.68            47.5   81.09
          shloop_omp            44.4   22.64            47.4   80.95
          scf.symcar             0.0    0.01             0.0    0.06
        scf.makefock             0.1    0.03             0.9    1.51
          scf.energy             0.0    0.00             0.0    0.00
             scf.dft             1.7    0.87             2.1    3.58
        dft_grid_con             0.0    0.01             0.0    0.03
          scf.newerg             0.0    0.00             0.0    0.00
          scf.newcnv            19.9   10.17             0.7    1.12
           scf.fdiag            74.9   38.18             2.4    4.03
         diag_tritrn             1.2    0.63             0.0    0.06
          diag_rdiag            29.7   15.15             0.9    1.52
          scf.modump            32.9   16.80             1.6    2.78
           ortho_all             1.2    0.64             0.0    0.06
     scf_loop_mkdmat             0.0    0.00             0.0    0.00
            scf.post             0.8    0.43             0.3    0.44
        dscf.postscf             0.0    0.02             0.2    0.26
 


    ------------------------------------------------------------------------
         total  cpu-time :  3 minutes and 16 seconds
         total wall-time :  59.45 seconds
    ------------------------------------------------------------------------

   ****  dscf : all done  ****


    2020-08-03 11:38:12.450 

