STARTING dscf ON 12 PROCESSORS!
RUNNING PROGRAM /shared/apps/turbomole/regular/7.3/bin/em64t-unknown-linux-gnu_mpi/dscf_mpi.
/shared/apps/turbomole/regular/7.3/mpirun_scripts/PMPI/bin/mpirun -machinefile NodeFile.23395 -e OMP_NUM_THREADS=1 -e TURBODIR=/shared/apps/turbomole/regular/7.3 -e OMP_STACK_SIZE=256M -e LD_LIBRARY_PATH=/shared/apps/turbomole/regular/7.3/libso/em64t-unknown-linux-gnu_mpi:/shared/apps/python/3.6-anaconda/lib:/shared/apps/gcc/4.9.0/lib:/shared/apps/gcc/4.9.0/lib64:/shared/apps/gaussian09/D.01/g09/bsd:/shared/apps/gaussian09/D.01/g09/local:/shared/apps/gaussian09/D.01/g09/extras:/shared/apps/gaussian09/D.01/g09:/shared/apps/intel/composer_xe_2013_sp1.2.144/compiler/lib/intel64:/shared/apps/openmpi/1.8.1/intel/2013.sp1.2.144/lib:/shared/apps/slurm/current/lib:/shared/apps/turbomole/regular/6.6/libso/em64t-unknown-linux-gnu_mpi:/shared/apps/intel/composer_xe_2013_sp1.2.144/mkl/lib/intel64:/shared/apps/gaussian09/D.01/gv/lib:/shared/apps/intel/parallel_studio_xe_2016/compilers_and_libraries_2016.0.109/linux/compiler/lib/intel64:/shared/apps/intel/parallel_studio_xe_2016/compilers_and_libraries_2016.0.109/linux/mpi/intel64/lib:/shared/apps/intel/parallel_studio_xe_2016/compilers_and_libraries_2016.0.109/linux/ipp/../compiler/lib/intel64:/shared/apps/intel/parallel_studio_xe_2016/compilers_and_libraries_2016.0.109/linux/ipp/lib/intel64:/shared/apps/intel/parallel_studio_xe_2016/compilers_and_libraries_2016.0.109/linux/compiler/lib/intel64:/shared/apps/intel/parallel_studio_xe_2016/compilers_and_libraries_2016.0.109/linux/mkl/lib/intel64:/shared/apps/intel/parallel_studio_xe_2016/compilers_and_libraries_2016.0.109/linux/tbb/lib/intel64/gcc4.4:/shared/apps/intel/parallel_studio_xe_2016/debugger_2016/libipt/intel64/lib:/shared/apps/intel/parallel_studio_xe_2016/compilers_and_libraries_2016.0.109/linux/daal/lib/intel64_lin:/shared/apps/intel/parallel_studio_xe_2016/compilers_and_libraries_2016.0.109/linux/daal/../tbb/lib/intel64_lin/gcc4.4:/shared/apps/intel/parallel_studio_xe_2016/compilers_and_libraries_2016.0.109/linux/daal/../compiler/lib/intel64_lin:/shared/apps/R/3.3.1/lib64:/shared/apps/R/3.3.1/3rdparty:/shared/apps/R/3.3.1/lib64/R/lib:/shared/apps/turbomole/regular/7.3/libso/em64t-unknown-linux-gnu_mpi /shared/apps/turbomole/regular/7.3/bin/em64t-unknown-linux-gnu_mpi/dscf_mpi
 this is node-proc. number 1 running on node node116
 the total number of node-proc. spawned is  13
  parallel platform: MPP or cluster with fast interconnect

   OpenMP run-time library returned nthreads =  1

 dscf (node116) : TURBOMOLE V7.3 ( 22135 ) 4 Jul 2018 at 10:54:32
 Copyright (C) 2018 TURBOMOLE GmbH, Karlsruhe


    2020-07-30 15:51:35.721 


 SCF run will be profiled !



                             d s c f - program

                   idea & directorship : reinhart ahlrichs
                   program development : marco haeser
                                         michael baer
                           dft version : oliver treutler
           parallelized version : malte v. arnim, gina corongiu, GMD 


                          quantum chemistry group
                          universitaet  karlsruhe
                                  germany




                          References             
                                                 
          TURBOMOLE:                             
              R. Ahlrichs, M. Baer, M. Haeser, H. Horn, and
              C. Koelmel
              Electronic structure calculations on workstation
              computers: the program system TURBOMOLE
              Chem. Phys. Lett. 162: 165 (1989)
          Density Functional:                              
              O. Treutler and R. Ahlrichs                      
              Efficient Molecular Numerical Integration Schemes
              J. Chem. Phys. 102: 346 (1995)                   
          Parallel Version:                                
              Performance of parallel TURBOMOLE for Density    
              Functional Calculations                          
              M. v. Arnim and R. Ahlrichs                      
              J. Comp. Chem. 19: 1746 (1998)                   
                                         




              +--------------------------------------------------+
              | Atomic coordinate, charge and isotop information |
              +--------------------------------------------------+

                    atomic coordinates            atom    charge  isotop
         -8.74139458   -0.27936369    3.93787839    s     16.000     0
         -9.89445595    0.00212726    0.00218471    si    14.000     0
        -13.44648722   -0.00144564    0.00093201    c      6.000     0
        -14.15970955    1.62818387    1.10526547    h      1.000     0
        -14.15268279    0.13970518   -1.96507121    h      1.000     0
        -14.15449258   -1.77549615    0.85834535    h      1.000     0
         -8.74541138    3.55262124   -1.72498925    s     16.000     0
         -4.63593056    3.35387535   -1.62870657    si    14.000     0
         -3.45579546    6.36469208   -3.08845122    c      6.000     0
         -1.36203220    6.35902592   -3.08463567    h      1.000     0
         -4.14835381    6.51471403   -5.05855854    h      1.000     0
         -4.15126097    8.00468674   -1.98798792    h      1.000     0
         -3.18897047    0.28546354   -3.94796423    s     16.000     0
         -4.63680852   -3.08422503   -2.09443846    si    14.000     0
         -3.46008986   -5.85733652   -3.96942396    c      6.000     0
         -4.15499563   -7.63574455   -3.11051604    h      1.000     0
         -4.15475602   -5.72701666   -5.93990905    h      1.000     0
         -1.36605335   -5.85449191   -3.96834039    h      1.000     0
         -3.17745278   -3.55137724    1.71833798    s     16.000     0
         -4.63270820   -0.26726491    3.71451578    si    14.000     0
         -3.45674448   -0.50880989    7.05369870    c      6.000     0
         -1.36261990   -0.50512776    7.05571938    h      1.000     0
         -4.15027226   -2.28513885    7.91812405    h      1.000     0
         -4.15684322    1.11859371    8.16999545    h      1.000     0
         -3.18477623    3.27214280    2.21380225    s     16.000     0
         -8.74625836   -3.26802528   -2.21011936    s     16.000     0
          8.74180295    0.27962202   -3.93753124    s     16.000     0
          9.89449696   -0.00203353   -0.00172815    si    14.000     0
         13.44652577    0.00141994   -0.00011130    c      6.000     0
         14.15248323   -0.13934274    1.96600624    h      1.000     0
         14.15475998    1.77521968   -0.85784854    h      1.000     0
         14.15975452   -1.62851798   -1.10398405    h      1.000     0
          8.74536300   -3.55258628    1.72526288    s     16.000     0
          4.63589673   -3.35395056    1.62848774    si    14.000     0
          3.45562198   -6.36485592    3.08793003    c      6.000     0
          4.14777858   -6.51492946    5.05817417    h      1.000     0
          4.15134979   -8.00479899    1.98755347    h      1.000     0
          1.36186175   -6.35922529    3.08367890    h      1.000     0
          3.18868361   -0.28563569    3.94772348    s     16.000     0
          4.63660443    3.08416494    2.09448192    si    14.000     0
          3.45982870    5.85722332    3.96951316    c      6.000     0
          4.15343151    5.72617762    5.94032686    h      1.000     0
          1.36579162    5.85518374    3.96738249    h      1.000     0
          4.15586642    7.63555841    3.11137832    h      1.000     0
          3.17752062    3.55140634   -1.71838730    s     16.000     0
          4.63309634    0.26744160   -3.71456510    si    14.000     0
          3.45726850    0.50916837   -7.05378827    c      6.000     0
          1.36313712    0.50501022   -7.05584902    h      1.000     0
          4.15038603    2.28578268   -7.91795606    h      1.000     0
          4.15775785   -1.11791832   -8.17029818    h      1.000     0
          3.18516041   -3.27210784   -2.21418190    s     16.000     0
          8.74604954    3.26806288    2.21051999    s     16.000     0
 
       center of nuclear mass  :    0.00002376    0.00001604    0.00003068
       center of nuclear charge:    0.00002338    0.00001565    0.00003102

   *************************************************************************
   test_job                                                                 
   *************************************************************************



              +--------------------------------------------------+
              |               basis set information              |
              +--------------------------------------------------+

              we will work with the 1s 3p 5d 7f 9g ... basis set
              ...i.e. with spherical basis functions...

   type   atoms  prim   cont   basis
   ---------------------------------------------------------------------------
    s       12     84     18   cc-pVDZ   [4s3p1d|34s15p1d]
    si       8     84     18   cc-pVDZ   [4s3p1d|34s15p1d]
    c        8     34     14   cc-pVDZ   [3s2p1d|17s4p1d]
    h       24      7      5   cc-pVDZ   [2s1p|4s1p]
   ---------------------------------------------------------------------------
   total:   52   2120    592
   ---------------------------------------------------------------------------

   total number of primitive shells          :  127
   total number of contracted shells         :  280
   total number of cartesian basis functions :  620
   total number of SCF-basis functions       :  592


 integral neglect threshold       :  0.54E-10
 integral storage threshold THIZE :  0.10E-04
 integral storage threshold THIME :         5


 symmetry group of the molecule :   c1 

 the group has the following generators :
   c1(z)

    1 symmetry operations found

 there are 1 real representations :   a   

 maximum number of shells which are related by symmetry :  1


    mo occupation :
   irrep   mo's   occupied
    a      592      188
 
 number of basis functions   :                    592
 number of occupied orbitals :                    188
 

 automatic virtual orbital shift switched on 
      shift if e(lumo)-e(homo) < 0.10000000    


 keyword $2e-ints_shell_statistics missing in file <control>

 ! One task per shell generated
  No pre-computed optimal task distribution found
  ... using automatic task generation
  
           ------------------
           density functional
           ------------------
 PBE functional
 exchange:    LDA + PBE
 correlation: LDA (PW) + PBE

 iterations will be done with small grid
  
 spherical integration : Lebedev's spherical grid
 spherical gridsize    :                     3
    i.e. gridpoints    :                   302
 value for diffuse not defined
 radial integration    : Chebyshev 2nd kind (scaling 3)
 radial gridsize       :                     3
 integration cells     :                    52
 partition function    : becke
 partition sharpness   :                     3
  

 <rddim> : input of entry tasksize
           from data group '$pardft' failed !

               Default values taken

 <rddim> : input of entry memdiv
           from data group '$pardft' failed !

               Default values taken
  DSCF: memory allocation for DFT gridpoints
  MEMORY is divided by 1 as DEFAULT
 Each node can hold at most  the                      1 -th part
 of the gridpoints    

          ------------------------
          nuclear repulsion energy  :   7815.85081487    
          ------------------------

  _________________________________
 |                                 |
 |         DFTD3 V3.1 Rev 0        |
 | S.Grimme, University Bonn       |
 |            June  2014           |
 |   see standalone version        |
 |       dftd3 -h for options      |
 |_________________________________|
 
 Please cite DFT-D3 work done with this code as:
 S. Grimme, J. Antony, S. Ehrlich and H. Krieg,
 J. Chem. Phys, 132 (2010), 154104.
 If used with BJ-damping cite also
 S. Grimme, S. Ehrlich and L. Goerigk,
 J. Comput. Chem. 32 (2011), 1456-1465
 For DFT-D2 the reference is
 S. Grimme, J. Comput. Chem., 27 (2006), 1787-1799
 
C6 coefficients used:
                     2  C6 for element                      1
Z=  1 CN= 0.912     C6(AA)=    3.03
Z=  1 CN= 0.000     C6(AA)=    7.59
                     5  C6 for element                      6
Z=  6 CN= 0.000     C6(AA)=   49.11
Z=  6 CN= 0.987     C6(AA)=   43.25
Z=  6 CN= 1.998     C6(AA)=   29.36
Z=  6 CN= 2.999     C6(AA)=   25.78
Z=  6 CN= 3.984     C6(AA)=   18.21
                     5  C6 for element                     14
Z= 14 CN= 0.000     C6(AA)=  317.86
Z= 14 CN= 0.951     C6(AA)=  270.26
Z= 14 CN= 1.944     C6(AA)=  233.13
Z= 14 CN= 2.941     C6(AA)=  221.50
Z= 14 CN= 3.868     C6(AA)=  149.77
                     3  C6 for element                     16
Z= 16 CN= 0.000     C6(AA)=  134.01
Z= 16 CN= 0.995     C6(AA)=  131.00
Z= 16 CN= 1.990     C6(AA)=  125.81

#           XYZ [au]              R0(AA) [Ang.]  CN          C6(AA)     C8(AA)   C10(AA) [au]
  1  -8.74139  -0.27936   3.93788   s   0.794  2.083       125.9      6165.9    370041.2
  2  -9.89446   0.00213   0.00218   si  0.960  4.141       150.0     10731.7    940311.8
  3 -13.44649  -0.00145   0.00093   c   0.610  3.995        18.3       530.1     18782.4
  4 -14.15971   1.62818   1.10527   h   0.395  1.005         3.1        37.3       552.8
  5 -14.15268   0.13971  -1.96507   h   0.395  1.005         3.1        37.3       552.8
  6 -14.15449  -1.77550   0.85835   h   0.395  1.005         3.1        37.3       552.8
  7  -8.74541   3.55262  -1.72499   s   0.794  2.083       125.9      6165.9    370041.4
  8  -4.63593   3.35388  -1.62871   si  0.960  4.147       150.0     10730.9    940240.0
  9  -3.45580   6.36469  -3.08845   c   0.610  3.998        18.3       530.1     18780.1
 10  -1.36203   6.35903  -3.08464   h   0.395  1.008         3.1        37.3       552.6
 11  -4.14835   6.51471  -5.05856   h   0.395  1.005         3.1        37.3       552.8
 12  -4.15126   8.00469  -1.98799   h   0.395  1.005         3.1        37.3       552.8
 13  -3.18897   0.28546  -3.94796   s   0.794  2.105       125.8      6165.5    370019.1
 14  -4.63681  -3.08423  -2.09444   si  0.960  4.146       150.0     10730.9    940245.2
 15  -3.46009  -5.85734  -3.96942   c   0.610  3.998        18.3       530.1     18780.2
 16  -4.15500  -7.63574  -3.11052   h   0.395  1.005         3.1        37.3       552.8
 17  -4.15476  -5.72702  -5.93991   h   0.395  1.005         3.1        37.3       552.8
 18  -1.36605  -5.85449  -3.96834   h   0.395  1.008         3.1        37.3       552.6
 19  -3.17745  -3.55138   1.71834   s   0.794  2.106       125.8      6165.5    370018.8
 20  -4.63271  -0.26726   3.71452   si  0.960  4.147       150.0     10730.9    940242.5
 21  -3.45674  -0.50881   7.05370   c   0.610  3.998        18.3       530.1     18780.2
 22  -1.36262  -0.50513   7.05572   h   0.395  1.008         3.1        37.3       552.6
 23  -4.15027  -2.28514   7.91812   h   0.395  1.005         3.1        37.3       552.8
 24  -4.15684   1.11859   8.17000   h   0.395  1.005         3.1        37.3       552.8
 25  -3.18478   3.27214   2.21380   s   0.794  2.106       125.8      6165.5    370018.6
 26  -8.74626  -3.26803  -2.21012   s   0.794  2.083       125.9      6165.9    370041.3
 27   8.74180   0.27962  -3.93753   s   0.794  2.083       125.9      6165.9    370041.2
 28   9.89450  -0.00203  -0.00173   si  0.960  4.141       150.0     10731.7    940311.8
 29  13.44653   0.00142  -0.00011   c   0.610  3.995        18.3       530.1     18782.4
 30  14.15248  -0.13934   1.96601   h   0.395  1.005         3.1        37.3       552.8
 31  14.15476   1.77522  -0.85785   h   0.395  1.005         3.1        37.3       552.8
 32  14.15975  -1.62852  -1.10398   h   0.395  1.005         3.1        37.3       552.8
 33   8.74536  -3.55259   1.72526   s   0.794  2.083       125.9      6165.9    370041.4
 34   4.63590  -3.35395   1.62849   si  0.960  4.147       150.0     10730.9    940240.0
 35   3.45562  -6.36486   3.08793   c   0.610  3.998        18.3       530.1     18780.1
 36   4.14778  -6.51493   5.05817   h   0.395  1.005         3.1        37.3       552.8
 37   4.15135  -8.00480   1.98755   h   0.395  1.005         3.1        37.3       552.8
 38   1.36186  -6.35923   3.08368   h   0.395  1.008         3.1        37.3       552.6
 39   3.18868  -0.28564   3.94772   s   0.794  2.105       125.8      6165.5    370019.1
 40   4.63660   3.08416   2.09448   si  0.960  4.146       150.0     10730.9    940245.2
 41   3.45983   5.85722   3.96951   c   0.610  3.998        18.3       530.1     18780.2
 42   4.15343   5.72618   5.94033   h   0.395  1.005         3.1        37.3       552.8
 43   1.36579   5.85518   3.96738   h   0.395  1.008         3.1        37.3       552.6
 44   4.15587   7.63556   3.11138   h   0.395  1.005         3.1        37.3       552.8
 45   3.17752   3.55141  -1.71839   s   0.794  2.106       125.8      6165.5    370018.8
 46   4.63310   0.26744  -3.71457   si  0.960  4.147       150.0     10730.9    940242.5
 47   3.45727   0.50917  -7.05379   c   0.610  3.998        18.3       530.1     18780.2
 48   1.36314   0.50501  -7.05585   h   0.395  1.008         3.1        37.3       552.6
 49   4.15039   2.28578  -7.91796   h   0.395  1.005         3.1        37.3       552.8
 50   4.15776  -1.11792  -8.17030   h   0.395  1.005         3.1        37.3       552.8
 51   3.18516  -3.27211  -2.21418   s   0.794  2.106       125.8      6165.5    370018.7
 52   8.74605   3.26806   2.21052   s   0.794  2.083       125.9      6165.9    370041.3

molecular C6(AA) [au] =     94818.74

           DFT-D V3(BJ)
 DF pbe                                               
 parameters
 s6       :    1.0000
 s8       :    0.7875
 a1       :    0.4289
 a2       :    4.4407
 k1-k3    :   16.0000    1.3333   -4.0000
 
 Edisp /kcal,au:   -83.7255 -0.13342512

 E6    /kcal :   -51.4416
 E8    /kcal :   -32.2840
 % E8        : 38.56
 nuclear repulsion energy                  =    7815.850814871
 empirical dispersive energy correction    =      -0.133425125
 nuclear repulsion + dispersion correction =    7815.717389747


         -----------------
         -S,T+V- integrals
         -----------------

 1e-integrals will be neglected if expon. factor < 0.539026E-11
 
   Difference densities algorithm switched on.
   The maximal number of linear combinations of
   difference densities is                    20 .

 DIIS switched on: error vector is FDS-SDF
 Max. Iterations for DIIS is     :   4
 DIIS matrix (see manual) 
    Scaling factor of diagonals  :  1.200
    threshold for scaling factor :  0.000

 scf convergence criterion : increment of total energy < .1000000D-05
                  and increment of one-electron energy < .1000000D-02

  MOs are in ASCII format !


 reading orbital data $scfmo  from file mos
 orbital characterization : expanded
 mo provided and orthogonalized by Cholesky decomposition

 DSCF restart information will be dumped onto file mos

 
                                              current damping :  0.700
 ITERATION  ENERGY          1e-ENERGY        2e-ENERGY     NORM[dD(SAO)]  TOL
   1  -7405.7111070460    -25806.026966     10584.598469    0.000D+00 0.538D-10
                            Exc =  -526.611678607058     N = 375.99556208    
          max. resid. norm for Fia-block=  9.046D-01 for orbital     10a         
          max. resid. fock norm         =  1.623D+00 for orbital     10a         
          Delta Eig. =    69.7991746002 eV 
 
                                              current damping :  0.650
 ITERATION  ENERGY          1e-ENERGY        2e-ENERGY     NORM[dD(SAO)]  TOL
   2  -7409.7706978083    -25834.916223     10609.428136    0.218D+01 0.342D-10
                            Exc =  -525.346217776381     N = 375.99562866    
          Norm of current diis error:  2.8001    
          max. resid. norm for Fia-block=  3.831D-01 for orbital      6a         
          max. resid. fock norm         =  6.691D-01 for orbital      6a         
          Delta Eig. =    26.5934213316 eV 
 
                                              current damping :  0.550
 ITERATION  ENERGY          1e-ENERGY        2e-ENERGY     NORM[dD(SAO)]  TOL
   3  -7410.6529771055    -25842.210469     10615.840102    0.631D+00 0.266D-10
                            Exc =  -524.920662841273     N = 375.99568992    
          Norm of current diis error:  1.2654    
          max. resid. norm for Fia-block=  1.527D-01 for orbital      4a         
          max. resid. fock norm         =  2.634D-01 for orbital     10a         
          Delta Eig. =    12.3260488542 eV 
 
                                              current damping :  0.450
 ITERATION  ENERGY          1e-ENERGY        2e-ENERGY     NORM[dD(SAO)]  TOL
   4  -7410.8813752597    -25850.003956     10623.405191    0.272D+00 0.224D-10
                            Exc =  -524.885614753481     N = 375.99544716    
          Norm of current diis error: 0.46317    
          max. resid. norm for Fia-block=  5.408D-02 for orbital      3a         
          max. resid. fock norm         =  9.369D-02 for orbital      3a         
          Delta Eig. =     5.0317666557 eV 
 
                                              current damping :  0.300
 ITERATION  ENERGY          1e-ENERGY        2e-ENERGY     NORM[dD(SAO)]  TOL
   5  -7410.9193622544    -25850.107001     10623.470249    0.109D+00 0.201D-10
                            Exc =  -524.798168121489     N = 375.99522404    
          Norm of current diis error: 0.16630    
          max. resid. norm for Fia-block=  1.688D-02 for orbital     10a         
          max. resid. fock norm         =  2.898D-02 for orbital     10a         
 mo-orthogonalization: Cholesky decomposition
          Delta Eig. =     1.6717245135 eV 
 
                                              current damping :  0.200
 ITERATION  ENERGY          1e-ENERGY        2e-ENERGY     NORM[dD(SAO)]  TOL
   6  -7410.9241975625    -25852.929297     10626.287710    0.464D-01 0.190D-10
                            Exc =  -524.807770116344     N = 375.99509236    
          Norm of current diis error: 0.61977E-01
          max. resid. norm for Fia-block=  3.885D-03 for orbital      6a         
          max. resid. fock norm         =  6.813D-03 for orbital      6a         
          Delta Eig. =     0.5605962059 eV 
 
                                              current damping :  0.250
 ITERATION  ENERGY          1e-ENERGY        2e-ENERGY     NORM[dD(SAO)]  TOL
   7  -7410.9244757997    -25851.041678     10624.399812    0.230D-01 0.187D-10
                            Exc =  -524.792194328156     N = 375.99507289    
          Norm of current diis error: 0.50045E-01
          max. resid. norm for Fia-block=  1.239D-03 for orbital    177a         
          max. resid. fock norm         =  2.311D-03 for orbital    114a         
          Delta Eig. =     0.0955005098 eV 
 
                                              current damping :  0.300
 ITERATION  ENERGY          1e-ENERGY        2e-ENERGY     NORM[dD(SAO)]  TOL
   8  -7410.9248424085    -25851.752693     10625.110461    0.559D-02 0.186D-10
                            Exc =  -524.788268152683     N = 375.99506641    
          Norm of current diis error: 0.11154E-01
          max. resid. norm for Fia-block=  3.691D-04 for orbital    164a         
          max. resid. fock norm         =  6.132D-04 for orbital    167a         
          Delta Eig. =     0.0287210378 eV 
 
                                              current damping :  0.150
 ITERATION  ENERGY          1e-ENERGY        2e-ENERGY     NORM[dD(SAO)]  TOL
   9  -7410.9248542081    -25851.931176     10625.288932    0.192D-02 0.186D-10
                            Exc =  -524.792829657122     N = 375.99505919    
          Norm of current diis error: 0.63801E-02
          max. resid. norm for Fia-block=  1.385D-04 for orbital    164a         
          max. resid. fock norm         =  3.173D-04 for orbital     79a         
          Delta Eig. =     0.0215922482 eV 
 
                                              current damping :  0.200
 ITERATION  ENERGY          1e-ENERGY        2e-ENERGY     NORM[dD(SAO)]  TOL
  10  -7410.9248595847    -25851.901044     10625.258795    0.851D-03 0.186D-10
                            Exc =  -524.793638045595     N = 375.99506129    
          Norm of current diis error: 0.22343E-02
          max. resid. norm for Fia-block=  6.844D-05 for orbital    148a         
          max. resid. fock norm         =  8.125D-05 for orbital    154a         
 mo-orthogonalization: Cholesky decomposition
          Delta Eig. =     0.0073740925 eV 
 
                                              current damping :  0.050
 ITERATION  ENERGY          1e-ENERGY        2e-ENERGY     NORM[dD(SAO)]  TOL
  11  -7410.9248600764    -25851.891244     10625.248994    0.241D-03 0.185D-10
                            Exc =  -524.792112783982     N = 375.99506100    
          Norm of current diis error: 0.65469E-03
          max. resid. norm for Fia-block=  1.719D-05 for orbital    168a         
          max. resid. fock norm         =  2.515D-05 for orbital    122a         
          Delta Eig. =     0.0017455264 eV 
 
                                              current damping :  0.050
 ITERATION  ENERGY          1e-ENERGY        2e-ENERGY     NORM[dD(SAO)]  TOL
  12  -7410.9248601692    -25851.885957     10625.243707    0.656D-04 0.185D-10
                            Exc =  -524.792279144136     N = 375.99506081    
          Norm of current diis error: 0.28348E-03
          max. resid. norm for Fia-block=  1.018D-05 for orbital    182a         
          max. resid. fock norm         =  1.596D-05 for orbital    114a         
          Delta Eig. =     0.0014816513 eV 
 
                                              current damping :  0.100
 ITERATION  ENERGY          1e-ENERGY        2e-ENERGY     NORM[dD(SAO)]  TOL
  13  -7410.9248602768    -25851.894425     10625.252175    0.218D-04 0.184D-10
                            Exc =  -524.792415863133     N = 375.99506090    
          Norm of current diis error: 0.16730E-03
          max. resid. norm for Fia-block=  4.604D-06 for orbital    182a         
          max. resid. fock norm         =  7.370D-06 for orbital    161a         
          Delta Eig. =     0.0004451241 eV 
 
                                              current damping :  0.150
 ITERATION  ENERGY          1e-ENERGY        2e-ENERGY     NORM[dD(SAO)]  TOL
  14  -7410.9248603325    -25851.890249     10625.247999    0.664D-05 0.184D-10
                            Exc =  -524.792381888713     N = 375.99506093    
          Norm of current diis error: 0.65635E-04
          max. resid. norm for Fia-block=  1.909D-06 for orbital    135a         
          max. resid. fock norm         =  2.736D-06 for orbital    135a         
          Delta Eig. =     0.0001492283 eV 

 ENERGY CONVERGED !

 Big Grid 
 e2xc, e2xcold =   -524.79235320   -524.79235320
 
                                              current damping :  0.500
 ITERATION  ENERGY          1e-ENERGY        2e-ENERGY     NORM[dD(SAO)]  TOL
  15  -7410.9340863745    -25851.891105     10625.239629    0.337D-05 0.184D-10
                            Exc =  -524.801579259781     N = 375.99956985    
          max. resid. norm for Fia-block=  1.629D-06 for orbital    135a         
          max. resid. fock norm         =  2.231D-06 for orbital    135a         

 convergence criteria satisfied after    15 iterations


   *************************************************************************
   test_job                                                                 
   *************************************************************************


                  ------------------------------------------ 
                 |  total energy      =  -7410.93408637454  |
                  ------------------------------------------ 
                 :  kinetic energy    =   7391.39780170455  :
                 :  potential energy  = -14802.33188807909  :
                 :  virial theorem    =      1.99736385664  :
                 :  wavefunction norm =      1.00000000000  :
                  .......................................... 


 <geterg> : there is no data group $energy 


 <skperg> : $end is missing 


 orbitals $scfmo  will be written to file mos

    irrep                184a        185a        186a        187a        188a   
 eigenvalues H         -0.21993    -0.21445    -0.21390    -0.20909    -0.20896
            eV          -5.9847     -5.8354     -5.8205     -5.6896     -5.6862
 occupation              2.0000      2.0000      2.0000      2.0000      2.0000 

    irrep                189a        190a        191a        192a        193a   
 eigenvalues H         -0.05634    -0.05534    -0.04839    -0.04837    -0.04400
            eV          -1.5332     -1.5058     -1.3166     -1.3162     -1.1972
 
 
 
 
 ==============================================================================
                           electrostatic moments
 ==============================================================================

 reference point for electrostatic moments:    0.00000   0.00000   0.00000

 
              nuc           elec       ->  total
 ------------------------------------------------------------------------------
                          charge      
 ------------------------------------------------------------------------------
         376.000000    -376.000000      -0.000000
 
 ------------------------------------------------------------------------------
                       dipole moment  
 ------------------------------------------------------------------------------
   x       0.008793      -0.008806      -0.000013
   y       0.005884      -0.005888      -0.000003
   z       0.011663      -0.011666      -0.000003
 
   | dipole moment | =     0.0000 a.u. =     0.0000 debye 
 
 ------------------------------------------------------------------------------
                     quadrupole moment
 ------------------------------------------------------------------------------
  xx   16880.063992  -17107.717665    -227.653673
  yy    3550.963993   -3777.278169    -226.314176
  zz    3551.462940   -3777.773595    -226.310655
  xy      -2.688271       2.705161       0.016891
  xz       3.557904      -3.574371      -0.016467
  yz       0.458892      -0.447793       0.011099
 
     1/3  trace=    -226.759501
     anisotropy=       1.342021
 
 ==============================================================================
 

    dscf profiling
  --------------------------------------------------------------------
             module   cpu total (s)       %  wall total (s)       %

          dscf.total           424.6  100.00           426.6  100.00
        dscf.prepare             0.4    0.08             0.5    0.11
      prepare.oneint             0.0    0.01             0.0    0.01
     prepare.moinput             0.1    0.02             0.1    0.03
     moinput_orthmos             0.1    0.03             0.1    0.03
            dscf.scf           424.1   99.90           426.0   99.85
             scf.pre             0.0    0.00             0.0    0.00
        scf.makedmat             0.4    0.10             4.6    1.07
          scf.shloop           349.5   82.31           400.7   93.91
          shloop_omp           349.4   82.30           400.6   93.90
          scf.symcar             0.1    0.01             0.1    0.02
        scf.makefock             0.1    0.03             2.3    0.54
          scf.energy             0.0    0.00             0.0    0.00
             scf.dft             9.5    2.23             9.8    2.29
        dft_grid_con             0.2    0.05             0.3    0.06
          scf.newerg             0.0    0.00             0.0    0.00
          scf.newcnv            16.1    3.79             1.5    0.36
           scf.fdiag            22.5    5.30             2.1    0.49
         diag_tritrn             1.1    0.27             0.1    0.02
          diag_rdiag             5.6    1.32             0.5    0.11
          scf.modump            16.9    3.98             3.5    0.83
           ortho_all             1.2    0.28             0.1    0.02
     scf_loop_mkdmat             0.0    0.00             0.0    0.00
            scf.post             1.2    0.28             0.6    0.14
        dscf.postscf             0.1    0.02             0.2    0.04
 


    ------------------------------------------------------------------------
         total  cpu-time :  7 minutes and  5 seconds
         total wall-time :  7 minutes and  7 seconds
    ------------------------------------------------------------------------

   ****  dscf : all done  ****


    2020-07-30 15:58:42.421 

