STARTING dscf ON 36 PROCESSORS!
RUNNING PROGRAM /shared/apps/turbomole/regular/7.3/bin/em64t-unknown-linux-gnu_mpi/dscf_mpi.
/shared/apps/turbomole/regular/7.3/mpirun_scripts/PMPI/bin/mpirun -machinefile NodeFile.14547 -e OMP_NUM_THREADS=1 -e TURBODIR=/shared/apps/turbomole/regular/7.3 -e OMP_STACK_SIZE=256M -e LD_LIBRARY_PATH=/shared/apps/turbomole/regular/7.3/libso/em64t-unknown-linux-gnu_mpi:/shared/apps/python/3.6-anaconda/lib:/shared/apps/gcc/4.9.0/lib:/shared/apps/gcc/4.9.0/lib64:/shared/apps/gaussian09/D.01/g09/bsd:/shared/apps/gaussian09/D.01/g09/local:/shared/apps/gaussian09/D.01/g09/extras:/shared/apps/gaussian09/D.01/g09:/shared/apps/intel/composer_xe_2013_sp1.2.144/compiler/lib/intel64:/shared/apps/openmpi/1.8.1/intel/2013.sp1.2.144/lib:/shared/apps/slurm/current/lib:/shared/apps/turbomole/regular/6.6/libso/em64t-unknown-linux-gnu_mpi:/shared/apps/intel/composer_xe_2013_sp1.2.144/mkl/lib/intel64:/shared/apps/gaussian09/D.01/gv/lib:/shared/apps/intel/parallel_studio_xe_2016/compilers_and_libraries_2016.0.109/linux/compiler/lib/intel64:/shared/apps/intel/parallel_studio_xe_2016/compilers_and_libraries_2016.0.109/linux/mpi/intel64/lib:/shared/apps/intel/parallel_studio_xe_2016/compilers_and_libraries_2016.0.109/linux/ipp/../compiler/lib/intel64:/shared/apps/intel/parallel_studio_xe_2016/compilers_and_libraries_2016.0.109/linux/ipp/lib/intel64:/shared/apps/intel/parallel_studio_xe_2016/compilers_and_libraries_2016.0.109/linux/compiler/lib/intel64:/shared/apps/intel/parallel_studio_xe_2016/compilers_and_libraries_2016.0.109/linux/mkl/lib/intel64:/shared/apps/intel/parallel_studio_xe_2016/compilers_and_libraries_2016.0.109/linux/tbb/lib/intel64/gcc4.4:/shared/apps/intel/parallel_studio_xe_2016/debugger_2016/libipt/intel64/lib:/shared/apps/intel/parallel_studio_xe_2016/compilers_and_libraries_2016.0.109/linux/daal/lib/intel64_lin:/shared/apps/intel/parallel_studio_xe_2016/compilers_and_libraries_2016.0.109/linux/daal/../tbb/lib/intel64_lin/gcc4.4:/shared/apps/intel/parallel_studio_xe_2016/compilers_and_libraries_2016.0.109/linux/daal/../compiler/lib/intel64_lin:/shared/apps/R/3.3.1/lib64:/shared/apps/R/3.3.1/3rdparty:/shared/apps/R/3.3.1/lib64/R/lib:/shared/apps/turbomole/regular/7.3/libso/em64t-unknown-linux-gnu_mpi /shared/apps/turbomole/regular/7.3/bin/em64t-unknown-linux-gnu_mpi/dscf_mpi
 this is node-proc. number 1 running on node yac01
 the total number of node-proc. spawned is  37
  parallel platform: MPP or cluster with fast interconnect

   OpenMP run-time library returned nthreads =  1

 dscf (yac01) : TURBOMOLE V7.3 ( 22135 ) 4 Jul 2018 at 10:54:32
 Copyright (C) 2018 TURBOMOLE GmbH, Karlsruhe


    2020-07-31 11:23:39.241 


 SCF run will be profiled !



                             d s c f - program

                   idea & directorship : reinhart ahlrichs
                   program development : marco haeser
                                         michael baer
                           dft version : oliver treutler
           parallelized version : malte v. arnim, gina corongiu, GMD 


                          quantum chemistry group
                          universitaet  karlsruhe
                                  germany




                          References             
                                                 
          TURBOMOLE:                             
              R. Ahlrichs, M. Baer, M. Haeser, H. Horn, and
              C. Koelmel
              Electronic structure calculations on workstation
              computers: the program system TURBOMOLE
              Chem. Phys. Lett. 162: 165 (1989)
          Density Functional:                              
              O. Treutler and R. Ahlrichs                      
              Efficient Molecular Numerical Integration Schemes
              J. Chem. Phys. 102: 346 (1995)                   
          Parallel Version:                                
              Performance of parallel TURBOMOLE for Density    
              Functional Calculations                          
              M. v. Arnim and R. Ahlrichs                      
              J. Comp. Chem. 19: 1746 (1998)                   
                                         




              +--------------------------------------------------+
              | Atomic coordinate, charge and isotop information |
              +--------------------------------------------------+

                    atomic coordinates            atom    charge  isotop
         13.24324604    0.00313997   -0.07477514    c      6.000     0
         14.61604004    2.29051153   -0.09797096    c      6.000     0
         14.57561389   -2.30591487    0.04802626    c      6.000     0
         17.26456018    2.26708516   -0.00976270    c      6.000     0
         13.60642533    4.10693272   -0.18793062    h      1.000     0
         17.22368522   -2.32453170    0.13639231    c      6.000     0
         13.53324984   -4.10610218    0.07064609    h      1.000     0
         18.56995427   -0.03897012    0.10613042    c      6.000     0
         18.31437580    4.06058624   -0.03481594    h      1.000     0
         18.24153612   -4.13440953    0.22599707    h      1.000     0
         20.64722815   -0.05557193    0.17125851    h      1.000     0
         11.20762276    0.01945654   -0.14972793    h      1.000     0
          3.15425639    6.15844321   -3.42387515    c      6.000     0
          1.95372945    8.11506148   -2.06972745    c      6.000     0
          3.33375959    6.34064966   -6.08061919    c      6.000     0
          0.93841645   10.20319922   -3.34671725    c      6.000     0
          1.77247145    8.00223047   -0.00175329    h      1.000     0
          2.31947328    8.43284482   -7.35355590    c      6.000     0
          4.25256956    4.82183633   -7.16552456    h      1.000     0
          1.11486963   10.36375791   -5.98835577    c      6.000     0
         -0.00697989   11.70591453   -2.26557394    h      1.000     0
          2.46802597    8.55583047   -9.42354130    h      1.000     0
          0.31020913   11.99831053   -6.98872235    h      1.000     0
          3.92333248    4.54739452   -2.44270727    h      1.000     0
          3.16080845   -6.02029648   -3.65326220    c      6.000     0
          1.99819678   -5.84516536   -6.04574146    c      6.000     0
          3.30548985   -8.39960284   -2.45236147    c      6.000     0
          0.98634350   -8.00237542   -7.20578385    c      6.000     0
          1.84663357   -4.00731429   -7.00641794    h      1.000     0
          2.29660325  -10.55528770   -3.61878830    c      6.000     0
          4.19095164   -8.56253559   -0.57679563    h      1.000     0
          1.13016923  -10.35772874   -5.99455067    c      6.000     0
          0.06984617   -7.83437820   -9.06377713    h      1.000     0
          2.41877404  -12.39975734   -2.66712034    h      1.000     0
          0.32964553  -12.04693546   -6.90331316    h      1.000     0
          3.92752235   -4.36009262   -2.75575494    h      1.000     0
          3.22351164   -0.13042606    6.99631471    c      6.000     0
          2.02965921   -2.27855863    8.02909576    c      6.000     0
          3.40034201    2.08881728    8.46920958    c      6.000     0
          1.01641282   -2.20314873   10.47649802    c      6.000     0
          1.85013995   -4.02034755    6.90818733    h      1.000     0
          2.38930716    2.15813205   10.91858131    c      6.000     0
          4.31267608    3.78506965    7.68354252    h      1.000     0
          1.18904648    0.01423757   11.92186828    c      6.000     0
          0.07418309   -3.88764021   11.24861839    h      1.000     0
          2.53586242    3.89657578   12.04915154    h      1.000     0
          0.38428072    0.07332648   13.83706357    h      1.000     0
          3.98936492   -0.18397497    5.10945288    h      1.000     0
 
       center of nuclear mass  :    5.60064221   -0.00108690   -0.01312318
       center of nuclear charge:    5.60000545   -0.00108545   -0.01316633

   *************************************************************************
   test_job                                                                 
   *************************************************************************



              +--------------------------------------------------+
              |               basis set information              |
              +--------------------------------------------------+

              we will work with the 1s 3p 5d 7f 9g ... basis set
              ...i.e. with spherical basis functions...

   type   atoms  prim   cont   basis
   ---------------------------------------------------------------------------
    c       24     34     14   cc-pVDZ   [3s2p1d|17s4p1d]
    h       24      7      5   cc-pVDZ   [2s1p|4s1p]
   ---------------------------------------------------------------------------
   total:   48    984    456
   ---------------------------------------------------------------------------

   total number of primitive shells          :   27
   total number of contracted shells         :  216
   total number of cartesian basis functions :  480
   total number of SCF-basis functions       :  456


 integral neglect threshold       :  0.69E-10
 integral storage threshold THIZE :  0.10E-04
 integral storage threshold THIME :         5


 symmetry group of the molecule :   c1 

 the group has the following generators :
   c1(z)

    1 symmetry operations found

 there are 1 real representations :   a   

 maximum number of shells which are related by symmetry :  1


    mo occupation :
   irrep   mo's   occupied
    a      456       84
 
 number of basis functions   :                    456
 number of occupied orbitals :                     84
 

 automatic virtual orbital shift switched on 
      shift if e(lumo)-e(homo) < 0.10000000    


 keyword $2e-ints_shell_statistics missing in file <control>

 ! One task per shell generated
  No pre-computed optimal task distribution found
  ... using automatic task generation
  
           ------------------
           density functional
           ------------------
 PBE functional
 exchange:    LDA + PBE
 correlation: LDA (PW) + PBE

 iterations will be done with small grid
  
 spherical integration : Lebedev's spherical grid
 spherical gridsize    :                     3
    i.e. gridpoints    :                   302
 value for diffuse not defined
 radial integration    : Chebyshev 2nd kind (scaling 3)
 radial gridsize       :                     3
 integration cells     :                    48
 partition function    : becke
 partition sharpness   :                     3
  

 <rddim> : input of entry tasksize
           from data group '$pardft' failed !

               Default values taken

 <rddim> : input of entry memdiv
           from data group '$pardft' failed !

               Default values taken
  DSCF: memory allocation for DFT gridpoints
  MEMORY is divided by 1 as DEFAULT
 Each node can hold at most  the                      1 -th part
 of the gridpoints    

          ------------------------
          nuclear repulsion energy  :   1450.73206880    
          ------------------------

  _________________________________
 |                                 |
 |         DFTD3 V3.1 Rev 0        |
 | S.Grimme, University Bonn       |
 |            June  2014           |
 |   see standalone version        |
 |       dftd3 -h for options      |
 |_________________________________|
 
 Please cite DFT-D3 work done with this code as:
 S. Grimme, J. Antony, S. Ehrlich and H. Krieg,
 J. Chem. Phys, 132 (2010), 154104.
 If used with BJ-damping cite also
 S. Grimme, S. Ehrlich and L. Goerigk,
 J. Comput. Chem. 32 (2011), 1456-1465
 For DFT-D2 the reference is
 S. Grimme, J. Comput. Chem., 27 (2006), 1787-1799
 
C6 coefficients used:
                     2  C6 for element                      1
Z=  1 CN= 0.912     C6(AA)=    3.03
Z=  1 CN= 0.000     C6(AA)=    7.59
                     5  C6 for element                      6
Z=  6 CN= 0.000     C6(AA)=   49.11
Z=  6 CN= 0.987     C6(AA)=   43.25
Z=  6 CN= 1.998     C6(AA)=   29.36
Z=  6 CN= 2.999     C6(AA)=   25.78
Z=  6 CN= 3.984     C6(AA)=   18.21

#           XYZ [au]              R0(AA) [Ang.]  CN          C6(AA)     C8(AA)   C10(AA) [au]
  1  13.24325   0.00314  -0.07478   c   0.610  3.114        25.4       734.6     26024.7
  2  14.61604   2.29051  -0.09797   c   0.610  3.118        25.4       734.2     26012.4
  3  14.57561  -2.30591   0.04803   c   0.610  3.118        25.4       734.2     26012.3
  4  17.26456   2.26709  -0.00976   c   0.610  3.115        25.4       734.4     26020.1
  5  13.60643   4.10693  -0.18793   h   0.395  1.000         3.1        37.4       553.3
  6  17.22369  -2.32453   0.13639   c   0.610  3.115        25.4       734.4     26020.4
  7  13.53325  -4.10610   0.07065   h   0.395  1.000         3.1        37.4       553.3
  8  18.56995  -0.03897   0.10613   c   0.610  3.118        25.4       734.2     26011.3
  9  18.31438   4.06059  -0.03482   h   0.395  1.000         3.1        37.4       553.2
 10  18.24154  -4.13441   0.22600   h   0.395  1.000         3.1        37.4       553.2
 11  20.64723  -0.05557   0.17126   h   0.395  1.000         3.1        37.4       553.2
 12  11.20762   0.01946  -0.14973   h   0.395  1.003         3.1        37.3       553.0
 13   3.15426   6.15844  -3.42388   c   0.610  3.114        25.4       734.5     26023.8
 14   1.95373   8.11506  -2.06973   c   0.610  3.118        25.4       734.2     26011.9
 15   3.33376   6.34065  -6.08062   c   0.610  3.117        25.4       734.2     26012.9
 16   0.93842  10.20320  -3.34672   c   0.610  3.116        25.4       734.4     26018.0
 17   1.77247   8.00223  -0.00175   h   0.395  1.000         3.1        37.4       553.2
 18   2.31947   8.43284  -7.35356   c   0.610  3.115        25.4       734.4     26020.5
 19   4.25257   4.82184  -7.16552   h   0.395  1.000         3.1        37.4       553.3
 20   1.11487  10.36376  -5.98836   c   0.610  3.117        25.4       734.2     26013.5
 21  -0.00698  11.70591  -2.26557   h   0.395  1.000         3.1        37.4       553.2
 22   2.46803   8.55583  -9.42354   h   0.395  1.000         3.1        37.4       553.2
 23   0.31021  11.99831  -6.98872   h   0.395  1.000         3.1        37.4       553.2
 24   3.92333   4.54739  -2.44271   h   0.395  1.003         3.1        37.3       553.0
 25   3.16081  -6.02030  -3.65326   c   0.610  3.114        25.4       734.5     26024.0
 26   1.99820  -5.84517  -6.04574   c   0.610  3.118        25.4       734.2     26012.7
 27   3.30549  -8.39960  -2.45236   c   0.610  3.117        25.4       734.2     26013.0
 28   0.98634  -8.00238  -7.20578   c   0.610  3.116        25.4       734.4     26018.3
 29   1.84663  -4.00731  -7.00642   h   0.395  1.000         3.1        37.4       553.2
 30   2.29660 -10.55529  -3.61879   c   0.610  3.115        25.4       734.5     26021.0
 31   4.19095  -8.56254  -0.57680   h   0.395  1.000         3.1        37.4       553.3
 32   1.13017 -10.35773  -5.99455   c   0.610  3.117        25.4       734.2     26013.5
 33   0.06985  -7.83438  -9.06378   h   0.395  1.000         3.1        37.4       553.2
 34   2.41877 -12.39976  -2.66712   h   0.395  1.000         3.1        37.4       553.2
 35   0.32965 -12.04694  -6.90331   h   0.395  1.000         3.1        37.4       553.2
 36   3.92752  -4.36009  -2.75575   h   0.395  1.003         3.1        37.3       553.0
 37   3.22351  -0.13043   6.99631   c   0.610  3.114        25.4       734.5     26024.3
 38   2.02966  -2.27856   8.02910   c   0.610  3.118        25.4       734.2     26012.5
 39   3.40034   2.08882   8.46921   c   0.610  3.117        25.4       734.2     26013.0
 40   1.01641  -2.20315  10.47650   c   0.610  3.116        25.4       734.4     26018.5
 41   1.85014  -4.02035   6.90819   h   0.395  1.000         3.1        37.4       553.2
 42   2.38931   2.15813  10.91858   c   0.610  3.115        25.4       734.5     26021.1
 43   4.31268   3.78507   7.68354   h   0.395  1.000         3.1        37.4       553.3
 44   1.18905   0.01424  11.92187   c   0.610  3.117        25.4       734.2     26013.4
 45   0.07418  -3.88764  11.24862   h   0.395  1.000         3.1        37.4       553.2
 46   2.53586   3.89658  12.04915   h   0.395  1.000         3.1        37.4       553.2
 47   0.38428   0.07333  13.83706   h   0.395  1.000         3.1        37.4       553.2
 48   3.98936  -0.18397   5.10945   h   0.395  1.003         3.1        37.3       553.0

molecular C6(AA) [au] =     26594.40

           DFT-D V3(BJ)
 DF pbe                                               
 parameters
 s6       :    1.0000
 s8       :    0.7875
 a1       :    0.4289
 a2       :    4.4407
 k1-k3    :   16.0000    1.3333   -4.0000
 
 Edisp /kcal,au:   -27.9819 -0.04459200

 E6    /kcal :   -19.5934
 E8    /kcal :    -8.3885
 % E8        : 29.98
 nuclear repulsion energy                  =    1450.732068797
 empirical dispersive energy correction    =      -0.044592004
 nuclear repulsion + dispersion correction =    1450.687476792


         -----------------
         -S,T+V- integrals
         -----------------

 1e-integrals will be neglected if expon. factor < 0.696242E-11
 
   Difference densities algorithm switched on.
   The maximal number of linear combinations of
   difference densities is                    20 .

 DIIS switched on: error vector is FDS-SDF
 Max. Iterations for DIIS is     :   4
 DIIS matrix (see manual) 
    Scaling factor of diagonals  :  1.200
    threshold for scaling factor :  0.000

 scf convergence criterion : increment of total energy < .1000000D-05
                  and increment of one-electron energy < .1000000D-02

  MOs are in ASCII format !


 reading orbital data $scfmo  from file mos
 orbital characterization : expanded
 mo provided and orthogonalized by Cholesky decomposition

 DSCF restart information will be dumped onto file mos

 
                                              current damping :  0.700
 ITERATION  ENERGY          1e-ENERGY        2e-ENERGY     NORM[dD(SAO)]  TOL
   1  -925.14229262903    -4091.0455434     1715.2157740    0.000D+00 0.694D-10
                            Exc =  -133.651676248248     N = 167.99878187    
          max. resid. norm for Fia-block=  2.330D-01 for orbital     46a         
          max. resid. fock norm         =  9.578D-01 for orbital    395a         
          Delta Eig. =    35.5407105554 eV 
 
                                              current damping :  0.650
 ITERATION  ENERGY          1e-ENERGY        2e-ENERGY     NORM[dD(SAO)]  TOL
   2  -927.22720319928    -4117.0791873     1739.1645073    0.196D+01 0.442D-10
                            Exc =  -136.010042451386     N = 167.99947448    
          Norm of current diis error:  2.3415    
          max. resid. norm for Fia-block=  1.051D-01 for orbital     26a         
          max. resid. fock norm         =  1.361D-01 for orbital    146a         
          Delta Eig. =    12.9047904777 eV 
 
                                              current damping :  0.550
 ITERATION  ENERGY          1e-ENERGY        2e-ENERGY     NORM[dD(SAO)]  TOL
   3  -927.69240395014    -4123.0786021     1744.6987214    0.619D+00 0.343D-10
                            Exc =  -136.849150864426     N = 167.99949845    
          Norm of current diis error:  1.1726    
          max. resid. norm for Fia-block=  5.207D-02 for orbital     26a         
          max. resid. fock norm         =  6.063D-02 for orbital     26a         
          Delta Eig. =     5.5770017584 eV 
 
                                              current damping :  0.450
 ITERATION  ENERGY          1e-ENERGY        2e-ENERGY     NORM[dD(SAO)]  TOL
   4  -927.82394548109    -4128.1019334     1749.5905111    0.228D+00 0.294D-10
                            Exc =  -137.374167103737     N = 167.99944517    
          Norm of current diis error: 0.44084    
          max. resid. norm for Fia-block=  2.011D-02 for orbital     26a         
          max. resid. fock norm         =  2.282D-02 for orbital     26a         
          Delta Eig. =     2.3045389645 eV 
 
                                              current damping :  0.350
 ITERATION  ENERGY          1e-ENERGY        2e-ENERGY     NORM[dD(SAO)]  TOL
   5  -927.84546485703    -4129.6565790     1751.1236374    0.635D-01 0.269D-10
                            Exc =  -137.571538888075     N = 167.99939211    
          Norm of current diis error: 0.15384    
          max. resid. norm for Fia-block=  6.918D-03 for orbital     28a         
          max. resid. fock norm         =  7.957D-03 for orbital     25a         
 mo-orthogonalization: Cholesky decomposition
          Delta Eig. =     0.7513877116 eV 
 
                                              current damping :  0.250
 ITERATION  ENERGY          1e-ENERGY        2e-ENERGY     NORM[dD(SAO)]  TOL
   6  -927.84810083492    -4130.5288905     1751.9933129    0.207D-01 0.256D-10
                            Exc =  -137.662190400729     N = 167.99937759    
          Norm of current diis error: 0.44931E-01
          max. resid. norm for Fia-block=  1.977D-03 for orbital     84a         
          max. resid. fock norm         =  3.265D-03 for orbital     32a         
          Delta Eig. =     0.2838387191 eV 
 
                                              current damping :  0.100
 ITERATION  ENERGY          1e-ENERGY        2e-ENERGY     NORM[dD(SAO)]  TOL
   7  -927.84810777621    -4130.5923432     1752.0567586    0.946D-02 0.251D-10
                            Exc =  -137.669889020863     N = 167.99936551    
          Norm of current diis error: 0.47475E-01
          max. resid. norm for Fia-block=  1.176D-03 for orbital     84a         
          max. resid. fock norm         =  1.860D-03 for orbital     35a         
          Delta Eig. =     0.1114931957 eV 
 
                                              current damping :  0.150
 ITERATION  ENERGY          1e-ENERGY        2e-ENERGY     NORM[dD(SAO)]  TOL
   8  -927.84833367224    -4130.5536041     1752.0177936    0.366D-02 0.250D-10
                            Exc =  -137.675171292506     N = 167.99936797    
          Norm of current diis error: 0.14322E-01
          max. resid. norm for Fia-block=  3.718D-04 for orbital     83a         
          max. resid. fock norm         =  5.773D-04 for orbital     60a         
          Delta Eig. =     0.0229331137 eV 
 
                                              current damping :  0.200
 ITERATION  ENERGY          1e-ENERGY        2e-ENERGY     NORM[dD(SAO)]  TOL
   9  -927.84835146940    -4130.6714935     1752.1356652    0.119D-02 0.250D-10
                            Exc =  -137.680501346294     N = 167.99936765    
          Norm of current diis error: 0.62353E-02
          max. resid. norm for Fia-block=  1.465D-04 for orbital     82a         
          max. resid. fock norm         =  2.022D-04 for orbital     72a         
          Delta Eig. =     0.0133966218 eV 
 
                                              current damping :  0.250
 ITERATION  ENERGY          1e-ENERGY        2e-ENERGY     NORM[dD(SAO)]  TOL
  10  -927.84835500132    -4130.6323854     1752.0965536    0.443D-03 0.249D-10
                            Exc =  -137.678471449059     N = 167.99936735    
          Norm of current diis error: 0.17213E-02
          max. resid. norm for Fia-block=  6.368D-05 for orbital     84a         
          max. resid. fock norm         =  1.957D-04 for orbital      4a         
 mo-orthogonalization: Cholesky decomposition
          Delta Eig. =     0.0042172904 eV 
 
                                              current damping :  0.100
 ITERATION  ENERGY          1e-ENERGY        2e-ENERGY     NORM[dD(SAO)]  TOL
  11  -927.84835520606    -4130.6272933     1752.0914613    0.167D-03 0.248D-10
                            Exc =  -137.678220346198     N = 167.99936752    
          Norm of current diis error: 0.97395E-03
          max. resid. norm for Fia-block=  2.611D-05 for orbital     78a         
          max. resid. fock norm         =  4.021D-05 for orbital     30a         
          Delta Eig. =     0.0019969792 eV 
 
                                              current damping :  0.150
 ITERATION  ENERGY          1e-ENERGY        2e-ENERGY     NORM[dD(SAO)]  TOL
  12  -927.84835528922    -4130.6319599     1752.0961278    0.650D-04 0.248D-10
                            Exc =  -137.678550544279     N = 167.99936751    
          Norm of current diis error: 0.41052E-03
          max. resid. norm for Fia-block=  1.450D-05 for orbital     78a         
          max. resid. fock norm         =  2.404D-05 for orbital     30a         
          Delta Eig. =     0.0010404764 eV 

 ENERGY CONVERGED !

 Big Grid 
 e2xc, e2xcold =   -137.67844779   -137.67844779
 
                                              current damping :  0.500
 ITERATION  ENERGY          1e-ENERGY        2e-ENERGY     NORM[dD(SAO)]  TOL
  13  -927.84974877470    -4130.6310696     1752.0938440    0.166D-04 0.247D-10
                            Exc =  -137.679841273739     N = 168.00005370    
          max. resid. norm for Fia-block=  1.598D-05 for orbital     78a         
          max. resid. fock norm         =  2.713D-05 for orbital     30a         

 convergence criteria satisfied after    13 iterations


   *************************************************************************
   test_job                                                                 
   *************************************************************************


                  ------------------------------------------ 
                 |  total energy      =   -927.84974877470  |
                  ------------------------------------------ 
                 :  kinetic energy    =    921.07308360944  :
                 :  potential energy  =  -1848.92283238414  :
                 :  virial theorem    =      1.99269637657  :
                 :  wavefunction norm =      1.00000000000  :
                  .......................................... 


 <geterg> : there is no data group $energy 


 <skperg> : $end is missing 


 orbitals $scfmo  will be written to file mos

    irrep                 80a         81a         82a         83a         84a   
 eigenvalues H         -0.22604    -0.22602    -0.22551    -0.22548    -0.22500
            eV          -6.1509     -6.1505     -6.1364     -6.1357     -6.1225
 occupation              2.0000      2.0000      2.0000      2.0000      2.0000 

    irrep                 85a         86a         87a         88a         89a   
 eigenvalues H         -0.03894    -0.03889    -0.03840    -0.03785    -0.03692
            eV          -1.0595     -1.0583     -1.0449     -1.0300     -1.0047
 
 
 
 
 ==============================================================================
                           electrostatic moments
 ==============================================================================

 reference point for electrostatic moments:    0.00000   0.00000   0.00000

 
              nuc           elec       ->  total
 ------------------------------------------------------------------------------
                          charge      
 ------------------------------------------------------------------------------
         168.000000    -168.000000      -0.000000
 
 ------------------------------------------------------------------------------
                       dipole moment  
 ------------------------------------------------------------------------------
   x     940.800916    -940.838108      -0.037192
   y      -0.182356       0.185388       0.003031
   z      -2.211943       2.203094      -0.008849
 
   | dipole moment | =     0.0384 a.u. =     0.0975 debye 
 
 ------------------------------------------------------------------------------
                     quadrupole moment
 ------------------------------------------------------------------------------
  xx   11558.489269  -11665.492206    -107.002938
  yy    6401.938922   -6498.414725     -96.475803
  zz    6193.863050   -6295.514859    -101.651808
  xy     -13.086782      13.156803       0.070022
  xz      36.181863     -36.086332       0.095530
  yz      -3.856069       3.687770      -0.168298
 
     1/3  trace=    -101.710183
     anisotropy=       9.124152
 
 ==============================================================================
 

    dscf profiling
  --------------------------------------------------------------------
             module   cpu total (s)       %  wall total (s)       %

          dscf.total           190.1  100.00            20.6  100.00
        dscf.prepare             0.2    0.11             0.3    1.67
      prepare.oneint             0.0    0.00             0.0    0.05
     prepare.moinput             0.0    0.01             0.0    0.21
     moinput_orthmos             0.1    0.03             0.1    0.46
            dscf.scf           189.9   99.88            20.2   98.10
             scf.pre             0.0    0.00             0.0    0.07
        scf.makedmat             0.2    0.09             2.8   13.38
          scf.shloop             8.9    4.68             9.0   43.43
          shloop_omp             8.8    4.63             8.9   42.99
          scf.symcar             0.0    0.01             0.0    0.18
        scf.makefock             0.1    0.04             1.0    5.07
          scf.energy             0.0    0.00             0.0    0.01
             scf.dft             0.9    0.50             0.9    4.57
        dft_grid_con             0.0    0.02             0.0    0.18
          scf.newerg             0.0    0.00             0.0    0.00
          scf.newcnv            26.5   13.93             0.8    3.94
           scf.fdiag            92.8   48.82             2.8   13.76
         diag_tritrn             3.2    1.71             0.1    0.45
          diag_rdiag            39.8   20.96             1.2    5.60
          scf.modump            37.3   19.63             1.8    8.89
           ortho_all             1.6    0.83             0.0    0.21
     scf_loop_mkdmat             0.0    0.00             0.0    0.00
            scf.post             2.6    1.35             0.3    1.39
        dscf.postscf             0.0    0.01             0.0    0.21
 


    ------------------------------------------------------------------------
         total  cpu-time :  3 minutes and 10 seconds
         total wall-time :  21.50 seconds
    ------------------------------------------------------------------------

   ****  dscf : all done  ****


    2020-07-31 11:24:00.013 

