STARTING dscf ON 36 PROCESSORS!
RUNNING PROGRAM /shared/apps/turbomole/regular/7.3/bin/em64t-unknown-linux-gnu_mpi/dscf_mpi.
/shared/apps/turbomole/regular/7.3/mpirun_scripts/PMPI/bin/mpirun -machinefile NodeFile.15795 -e OMP_NUM_THREADS=1 -e TURBODIR=/shared/apps/turbomole/regular/7.3 -e OMP_STACK_SIZE=256M -e LD_LIBRARY_PATH=/shared/apps/turbomole/regular/7.3/libso/em64t-unknown-linux-gnu_mpi:/shared/apps/python/3.6-anaconda/lib:/shared/apps/gcc/4.9.0/lib:/shared/apps/gcc/4.9.0/lib64:/shared/apps/gaussian09/D.01/g09/bsd:/shared/apps/gaussian09/D.01/g09/local:/shared/apps/gaussian09/D.01/g09/extras:/shared/apps/gaussian09/D.01/g09:/shared/apps/intel/composer_xe_2013_sp1.2.144/compiler/lib/intel64:/shared/apps/openmpi/1.8.1/intel/2013.sp1.2.144/lib:/shared/apps/slurm/current/lib:/shared/apps/turbomole/regular/6.6/libso/em64t-unknown-linux-gnu_mpi:/shared/apps/intel/composer_xe_2013_sp1.2.144/mkl/lib/intel64:/shared/apps/gaussian09/D.01/gv/lib:/shared/apps/intel/parallel_studio_xe_2016/compilers_and_libraries_2016.0.109/linux/compiler/lib/intel64:/shared/apps/intel/parallel_studio_xe_2016/compilers_and_libraries_2016.0.109/linux/mpi/intel64/lib:/shared/apps/intel/parallel_studio_xe_2016/compilers_and_libraries_2016.0.109/linux/ipp/../compiler/lib/intel64:/shared/apps/intel/parallel_studio_xe_2016/compilers_and_libraries_2016.0.109/linux/ipp/lib/intel64:/shared/apps/intel/parallel_studio_xe_2016/compilers_and_libraries_2016.0.109/linux/compiler/lib/intel64:/shared/apps/intel/parallel_studio_xe_2016/compilers_and_libraries_2016.0.109/linux/mkl/lib/intel64:/shared/apps/intel/parallel_studio_xe_2016/compilers_and_libraries_2016.0.109/linux/tbb/lib/intel64/gcc4.4:/shared/apps/intel/parallel_studio_xe_2016/debugger_2016/libipt/intel64/lib:/shared/apps/intel/parallel_studio_xe_2016/compilers_and_libraries_2016.0.109/linux/daal/lib/intel64_lin:/shared/apps/intel/parallel_studio_xe_2016/compilers_and_libraries_2016.0.109/linux/daal/../tbb/lib/intel64_lin/gcc4.4:/shared/apps/intel/parallel_studio_xe_2016/compilers_and_libraries_2016.0.109/linux/daal/../compiler/lib/intel64_lin:/shared/apps/R/3.3.1/lib64:/shared/apps/R/3.3.1/3rdparty:/shared/apps/R/3.3.1/lib64/R/lib:/shared/apps/turbomole/regular/7.3/libso/em64t-unknown-linux-gnu_mpi /shared/apps/turbomole/regular/7.3/bin/em64t-unknown-linux-gnu_mpi/dscf_mpi
 this is node-proc. number 1 running on node yac01
 the total number of node-proc. spawned is  37
  parallel platform: MPP or cluster with fast interconnect

   OpenMP run-time library returned nthreads =  1

 dscf (yac01) : TURBOMOLE V7.3 ( 22135 ) 4 Jul 2018 at 10:54:32
 Copyright (C) 2018 TURBOMOLE GmbH, Karlsruhe


    2020-07-31 11:25:39.422 


 SCF run will be profiled !



                             d s c f - program

                   idea & directorship : reinhart ahlrichs
                   program development : marco haeser
                                         michael baer
                           dft version : oliver treutler
           parallelized version : malte v. arnim, gina corongiu, GMD 


                          quantum chemistry group
                          universitaet  karlsruhe
                                  germany




                          References             
                                                 
          TURBOMOLE:                             
              R. Ahlrichs, M. Baer, M. Haeser, H. Horn, and
              C. Koelmel
              Electronic structure calculations on workstation
              computers: the program system TURBOMOLE
              Chem. Phys. Lett. 162: 165 (1989)
          Density Functional:                              
              O. Treutler and R. Ahlrichs                      
              Efficient Molecular Numerical Integration Schemes
              J. Chem. Phys. 102: 346 (1995)                   
          Parallel Version:                                
              Performance of parallel TURBOMOLE for Density    
              Functional Calculations                          
              M. v. Arnim and R. Ahlrichs                      
              J. Comp. Chem. 19: 1746 (1998)                   
                                         




              +--------------------------------------------------+
              | Atomic coordinate, charge and isotop information |
              +--------------------------------------------------+

                    atomic coordinates            atom    charge  isotop
          8.70995955    2.06241799   -3.51777186    s     16.000     0
          8.68469316    2.08506012    3.57609448    s     16.000     0
          8.70819663   -4.09078293    0.02958744    s     16.000     0
          4.44746099    1.95894472   -3.32098617    ge    32.000     0
          2.95262148   -2.02994645   -3.59862663    s     16.000     0
          4.44092140   -3.82641365   -0.05129170    ge    32.000     0
          9.88987223    0.01010248    0.04553257    ge    32.000     0
          4.41738789    1.91734428    3.32677100    ge    32.000     0
          2.92481567    4.13196195    0.00320290    s     16.000     0
          2.95030109   -2.06606006    3.53722111    s     16.000     0
          3.43760212    3.34791171   -5.63249350    h      1.000     0
          3.39221778   -6.50642486   -0.15064449    h      1.000     0
         12.76912767   -0.01119891    0.08483546    h      1.000     0
          3.35126318    3.22269821    5.66162424    h      1.000     0
 
       center of nuclear mass  :    5.80743478    0.01515677    0.00188472
       center of nuclear charge:    5.80745690    0.01515213    0.00192747

   *************************************************************************
   test_job                                                                 
   *************************************************************************



              +--------------------------------------------------+
              |               basis set information              |
              +--------------------------------------------------+

              we will work with the 1s 3p 5d 7f 9g ... basis set
              ...i.e. with spherical basis functions...

   type   atoms  prim   cont   basis
   ---------------------------------------------------------------------------
    s        6     84     18   cc-pVDZ   [4s3p1d|34s15p1d]
    ge       4    176     27   cc-pVDZ   [5s4p2d|53s31p6d]
    h        4      7      5   cc-pVDZ   [2s1p|4s1p]
   ---------------------------------------------------------------------------
   total:   14   1236    236
   ---------------------------------------------------------------------------

   total number of primitive shells          :  145
   total number of contracted shells         :  104
   total number of cartesian basis functions :  250
   total number of SCF-basis functions       :  236


 integral neglect threshold       :  0.13E-09
 integral storage threshold THIZE :  0.10E-04
 integral storage threshold THIME :         5


 symmetry group of the molecule :   c1 

 the group has the following generators :
   c1(z)

    1 symmetry operations found

 there are 1 real representations :   a   

 maximum number of shells which are related by symmetry :  1


    mo occupation :
   irrep   mo's   occupied
    a      236      114
 
 number of basis functions   :                    236
 number of occupied orbitals :                    114
 

 automatic virtual orbital shift switched on 
      shift if e(lumo)-e(homo) < 0.10000000    


 keyword $2e-ints_shell_statistics missing in file <control>

 ! One task per shell generated
  No pre-computed optimal task distribution found
  ... using automatic task generation
  
           ------------------
           density functional
           ------------------
 PBE functional
 exchange:    LDA + PBE
 correlation: LDA (PW) + PBE

 iterations will be done with small grid
  
 spherical integration : Lebedev's spherical grid
 spherical gridsize    :                     3
    i.e. gridpoints    :                   302
 value for diffuse not defined
 radial integration    : Chebyshev 2nd kind (scaling 3)
 radial gridsize       :                     3
 integration cells     :                    14
 partition function    : becke
 partition sharpness   :                     3
  

 <rddim> : input of entry tasksize
           from data group '$pardft' failed !

               Default values taken

 <rddim> : input of entry memdiv
           from data group '$pardft' failed !

               Default values taken
  DSCF: memory allocation for DFT gridpoints
  MEMORY is divided by 1 as DEFAULT
 Each node can hold at most  the                      1 -th part
 of the gridpoints    

          ------------------------
          nuclear repulsion energy  :   3769.43262325    
          ------------------------

  _________________________________
 |                                 |
 |         DFTD3 V3.1 Rev 0        |
 | S.Grimme, University Bonn       |
 |            June  2014           |
 |   see standalone version        |
 |       dftd3 -h for options      |
 |_________________________________|
 
 Please cite DFT-D3 work done with this code as:
 S. Grimme, J. Antony, S. Ehrlich and H. Krieg,
 J. Chem. Phys, 132 (2010), 154104.
 If used with BJ-damping cite also
 S. Grimme, S. Ehrlich and L. Goerigk,
 J. Comput. Chem. 32 (2011), 1456-1465
 For DFT-D2 the reference is
 S. Grimme, J. Comput. Chem., 27 (2006), 1787-1799
 
C6 coefficients used:
                     2  C6 for element                      1
Z=  1 CN= 0.912     C6(AA)=    3.03
Z=  1 CN= 0.000     C6(AA)=    7.59
                     3  C6 for element                     16
Z= 16 CN= 0.000     C6(AA)=  134.01
Z= 16 CN= 0.995     C6(AA)=  131.00
Z= 16 CN= 1.990     C6(AA)=  125.81
                     5  C6 for element                     32
Z= 32 CN= 0.000     C6(AA)=  363.55
Z= 32 CN= 0.943     C6(AA)=  316.85
Z= 32 CN= 1.945     C6(AA)=  286.65
Z= 32 CN= 2.919     C6(AA)=  229.95
Z= 32 CN= 3.897     C6(AA)=  180.29

#           XYZ [au]              R0(AA) [Ang.]  CN          C6(AA)     C8(AA)   C10(AA) [au]
  1   8.70996   2.06242  -3.51777   s   0.794  2.021       125.9      6167.3    370126.7
  2   8.68469   2.08506   3.57609   s   0.794  2.020       125.9      6167.3    370128.7
  3   8.70820  -4.09078   0.02959   s   0.794  2.020       125.9      6167.3    370127.8
  4   4.44746   1.95894  -3.32099   ge  1.089  4.104       180.5     16623.4   1875547.5
  5   2.95262  -2.02995  -3.59863   s   0.794  2.022       125.9      6167.3    370125.3
  6   4.44092  -3.82641  -0.05129   ge  1.089  4.105       180.5     16623.2   1875529.0
  7   9.88987   0.01010   0.04553   ge  1.089  4.099       180.5     16624.1   1875629.6
  8   4.41739   1.91734   3.32677   ge  1.089  4.105       180.5     16623.2   1875528.5
  9   2.92482   4.13196   0.00320   s   0.794  2.022       125.9      6167.3    370125.2
 10   2.95030  -2.06606   3.53722   s   0.794  2.023       125.9      6167.3    370123.1
 11   3.43760   3.34791  -5.63249   h   0.395  0.981         3.1        37.5       554.9
 12   3.39222  -6.50642  -0.15064   h   0.395  0.981         3.1        37.5       554.9
 13  12.76913  -0.01120   0.08484   h   0.395  0.981         3.1        37.5       554.9
 14   3.35126   3.22270   5.66162   h   0.395  0.981         3.1        37.5       554.9

molecular C6(AA) [au] =     16389.03

           DFT-D V3(BJ)
 DF pbe                                               
 parameters
 s6       :    1.0000
 s8       :    0.7875
 a1       :    0.4289
 a2       :    4.4407
 k1-k3    :   16.0000    1.3333   -4.0000
 
 Edisp /kcal,au:   -23.7998 -0.03792735

 E6    /kcal :   -13.4442
 E8    /kcal :   -10.3556
 % E8        : 43.51
 nuclear repulsion energy                  =    3769.432623247
 empirical dispersive energy correction    =      -0.037927345
 nuclear repulsion + dispersion correction =    3769.394695902


         -----------------
         -S,T+V- integrals
         -----------------

 1e-integrals will be neglected if expon. factor < 0.133678E-10
 
   Difference densities algorithm switched on.
   The maximal number of linear combinations of
   difference densities is                    20 .

 DIIS switched on: error vector is FDS-SDF
 Max. Iterations for DIIS is     :   4
 DIIS matrix (see manual) 
    Scaling factor of diagonals  :  1.200
    threshold for scaling factor :  0.000

 scf convergence criterion : increment of total energy < .1000000D-05
                  and increment of one-electron energy < .1000000D-02

  MOs are in ASCII format !


 reading orbital data $scfmo  from file mos
 orbital characterization : expanded
 mo provided and orthogonalized by Cholesky decomposition

 DSCF restart information will be dumped onto file mos

 
                                              current damping :  0.700
 ITERATION  ENERGY          1e-ENERGY        2e-ENERGY     NORM[dD(SAO)]  TOL
   1  -10695.439846286    -22371.250074     7906.4155314    0.000D+00 0.133D-09
                            Exc =  -471.427170461514     N = 227.99929174    
          max. resid. norm for Fia-block=  8.714D-01 for orbital      9a         
          max. resid. fock norm         =  1.605D+00 for orbital      9a         
          Delta Eig. =   123.5657382273 eV 
 
                                              current damping :  0.650
 ITERATION  ENERGY          1e-ENERGY        2e-ENERGY     NORM[dD(SAO)]  TOL
   2  -10697.059594053    -22391.712355     7925.2580654    0.122D+01 0.847D-10
                            Exc =  -470.361095886794     N = 227.99905574    
          Norm of current diis error:  1.8909    
          max. resid. norm for Fia-block=  3.710D-01 for orbital      7a         
          max. resid. fock norm         =  6.631D-01 for orbital      7a         
          Delta Eig. =    57.7458155043 eV 
 
                                              current damping :  0.550
 ITERATION  ENERGY          1e-ENERGY        2e-ENERGY     NORM[dD(SAO)]  TOL
   3  -10697.439302438    -22398.101357     7931.2673584    0.365D+00 0.650D-10
                            Exc =  -469.848944937592     N = 227.99894589    
          Norm of current diis error: 0.82467    
          max. resid. norm for Fia-block=  1.480D-01 for orbital     10a         
          max. resid. fock norm         =  2.612D-01 for orbital     10a         
          Delta Eig. =    24.6052897580 eV 
 
                                              current damping :  0.450
 ITERATION  ENERGY          1e-ENERGY        2e-ENERGY     NORM[dD(SAO)]  TOL
   4  -10697.538301240    -22403.616524     7936.6835266    0.149D+00 0.545D-10
                            Exc =  -469.651706031202     N = 227.99884877    
          Norm of current diis error: 0.29220    
          max. resid. norm for Fia-block=  5.246D-02 for orbital      7a         
          max. resid. fock norm         =  9.287D-02 for orbital      7a         
          Delta Eig. =     9.6232704341 eV 
 
                                              current damping :  0.300
 ITERATION  ENERGY          1e-ENERGY        2e-ENERGY     NORM[dD(SAO)]  TOL
   5  -10697.553640517    -22403.875847     7936.9275102    0.618D-01 0.493D-10
                            Exc =  -469.549043049312     N = 227.99880290    
          Norm of current diis error: 0.10501    
          max. resid. norm for Fia-block=  1.623D-02 for orbital      7a         
          max. resid. fock norm         =  2.871D-02 for orbital      6a         
 mo-orthogonalization: Cholesky decomposition
          Delta Eig. =     3.1585232699 eV 
 
                                              current damping :  0.200
 ITERATION  ENERGY          1e-ENERGY        2e-ENERGY     NORM[dD(SAO)]  TOL
   6  -10697.555732134    -22405.719871     7938.7694428    0.170D-01 0.468D-10
                            Exc =  -469.538019018312     N = 227.99876739    
          Norm of current diis error: 0.34659E-01
          max. resid. norm for Fia-block=  3.762D-03 for orbital      8a         
          max. resid. fock norm         =  6.706D-03 for orbital      6a         
          Delta Eig. =     0.9413232123 eV 
 
                                              current damping :  0.250
 ITERATION  ENERGY          1e-ENERGY        2e-ENERGY     NORM[dD(SAO)]  TOL
   7  -10697.555868690    -22404.648527     7937.6979625    0.439D-02 0.460D-10
                            Exc =  -469.518071019608     N = 227.99877121    
          Norm of current diis error: 0.21578E-01
          max. resid. norm for Fia-block=  7.905D-04 for orbital     97a         
          max. resid. fock norm         =  1.093D-03 for orbital      6a         
          Delta Eig. =     0.0934636772 eV 
 
                                              current damping :  0.300
 ITERATION  ENERGY          1e-ENERGY        2e-ENERGY     NORM[dD(SAO)]  TOL
   8  -10697.555933657    -22405.083742     7938.1331125    0.148D-02 0.457D-10
                            Exc =  -469.521098185498     N = 227.99876568    
          Norm of current diis error: 0.17037E-02
          max. resid. norm for Fia-block=  1.363D-04 for orbital     98a         
          max. resid. fock norm         =  2.581D-04 for orbital     44a         
          Delta Eig. =     0.0280584422 eV 
 
                                              current damping :  0.150
 ITERATION  ENERGY          1e-ENERGY        2e-ENERGY     NORM[dD(SAO)]  TOL
   9  -10697.555933601    -22405.108626     7938.1579967    0.898D-03 0.455D-10
                            Exc =  -469.521715629638     N = 227.99876577    
          Norm of current diis error: 0.16391E-02
          max. resid. norm for Fia-block=  6.058D-05 for orbital    111a         
          max. resid. fock norm         =  9.923D-05 for orbital     92a         
          Delta Eig. =     0.0097571049 eV 
 
                                              current damping :  0.050
 ITERATION  ENERGY          1e-ENERGY        2e-ENERGY     NORM[dD(SAO)]  TOL
  10  -10697.555934208    -22405.115073     7938.1644427    0.233D-03 0.455D-10
                            Exc =  -469.521602321076     N = 227.99876540    
          Norm of current diis error: 0.29083E-03
          max. resid. norm for Fia-block=  1.921D-05 for orbital     98a         
          max. resid. fock norm         =  2.687D-05 for orbital    103a         
 mo-orthogonalization: Cholesky decomposition
          Delta Eig. =     0.0028308374 eV 
 
                                              current damping :  0.100
 ITERATION  ENERGY          1e-ENERGY        2e-ENERGY     NORM[dD(SAO)]  TOL
  11  -10697.555934217    -22405.110733     7938.1601033    0.753D-04 0.454D-10
                            Exc =  -469.521383963528     N = 227.99876535    
          Norm of current diis error: 0.24668E-03
          max. resid. norm for Fia-block=  1.217D-05 for orbital    108a         
          max. resid. fock norm         =  1.722D-05 for orbital    103a         
          Delta Eig. =     0.0014153874 eV 

 ENERGY CONVERGED !

 Big Grid 
 e2xc, e2xcold =   -469.52145561   -469.52145561
 
                                              current damping :  0.500
 ITERATION  ENERGY          1e-ENERGY        2e-ENERGY     NORM[dD(SAO)]  TOL
  12  -10697.560803927    -22405.109039     7938.1535392    0.316D-04 0.453D-10
                            Exc =  -469.526325299437     N = 227.99998855    
          max. resid. norm for Fia-block=  8.355D-06 for orbital    108a         
          max. resid. fock norm         =  1.181D-05 for orbital    108a         

 convergence criteria satisfied after    12 iterations


   *************************************************************************
   test_job                                                                 
   *************************************************************************


                  ------------------------------------------ 
                 |  total energy      = -10697.56080392680  |
                  ------------------------------------------ 
                 :  kinetic energy    =  10678.00693150188  :
                 :  potential energy  = -21375.56773542867  :
                 :  virial theorem    =      1.99817211860  :
                 :  wavefunction norm =      1.00000000000  :
                  .......................................... 


 <geterg> : there is no data group $energy 


 <skperg> : $end is missing 


 orbitals $scfmo  will be written to file mos

    irrep                110a        111a        112a        113a        114a   
 eigenvalues H         -0.24736    -0.24647    -0.22904    -0.22862    -0.22784
            eV          -6.7311     -6.7067     -6.2325     -6.2211     -6.2000
 occupation              2.0000      2.0000      2.0000      2.0000      2.0000 

    irrep                115a        116a        117a        118a        119a   
 eigenvalues H         -0.09176    -0.09144    -0.09105    -0.07541    -0.06362
            eV          -2.4970     -2.4882     -2.4777     -2.0520     -1.7311
 
 
 
 
 ==============================================================================
                           electrostatic moments
 ==============================================================================

 reference point for electrostatic moments:    0.00000   0.00000   0.00000

 
              nuc           elec       ->  total
 ------------------------------------------------------------------------------
                          charge      
 ------------------------------------------------------------------------------
         228.000000    -228.000000      -0.000000
 
 ------------------------------------------------------------------------------
                       dipole moment  
 ------------------------------------------------------------------------------
   x    1324.100172   -1324.125702      -0.025529
   y       3.454687      -3.454768      -0.000081
   z       0.439463      -0.444083      -0.004619
 
   | dipole moment | =     0.0259 a.u. =     0.0659 debye 
 
 ------------------------------------------------------------------------------
                     quadrupole moment
 ------------------------------------------------------------------------------
  xx    9265.540832   -9376.002841    -110.462008
  yy    1585.662049   -1696.027780    -110.365730
  zz    1581.060384   -1691.419693    -110.359309
  xy      16.456192     -16.483688      -0.027495
  xz      12.848530     -12.819104       0.029426
  yz       4.042753      -4.022260       0.020493
 
     1/3  trace=    -110.395682
     anisotropy=       0.126707
 
 ==============================================================================
 

    dscf profiling
  --------------------------------------------------------------------
             module   cpu total (s)       %  wall total (s)       %

          dscf.total           142.8  100.00            35.6  100.00
        dscf.prepare             0.2    0.15             0.3    0.81
      prepare.oneint             0.0    0.01             0.0    0.02
     prepare.moinput             0.0    0.01             0.0    0.10
     moinput_orthmos             0.0    0.01             0.0    0.03
            dscf.scf           142.6   99.83            35.1   98.79
             scf.pre             0.0    0.00             0.0    0.12
        scf.makedmat            11.1    7.74             0.5    1.53
          scf.shloop            35.1   24.55            29.5   83.06
          shloop_omp            34.6   24.24            29.5   82.98
          scf.symcar             0.0    0.00             0.0    0.03
        scf.makefock             0.0    0.02             0.5    1.35
          scf.energy             0.0    0.00             0.0    0.00
             scf.dft             0.8    0.54             0.8    2.14
        dft_grid_con             0.0    0.00             0.0    0.02
          scf.newerg             0.0    0.00             0.0    0.00
          scf.newcnv             7.6    5.34             0.2    0.69
           scf.fdiag            43.0   30.08             1.3    3.79
         diag_tritrn             0.2    0.14             0.0    0.02
          diag_rdiag             5.4    3.79             0.2    0.45
          scf.modump            18.7   13.09             1.1    3.16
           ortho_all             0.2    0.17             0.0    0.02
     scf_loop_mkdmat             0.0    0.00             0.0    0.00
            scf.post             2.5    1.76             0.2    0.58
        dscf.postscf             0.0    0.02             0.1    0.39
 


    ------------------------------------------------------------------------
         total  cpu-time :  2 minutes and 23 seconds
         total wall-time :  36.52 seconds
    ------------------------------------------------------------------------

   ****  dscf : all done  ****


    2020-07-31 11:26:15.168 

