STARTING dscf ON 36 PROCESSORS!
RUNNING PROGRAM /shared/apps/turbomole/regular/7.3/bin/em64t-unknown-linux-gnu_mpi/dscf_mpi.
/shared/apps/turbomole/regular/7.3/mpirun_scripts/PMPI/bin/mpirun -machinefile NodeFile.15169 -e OMP_NUM_THREADS=1 -e TURBODIR=/shared/apps/turbomole/regular/7.3 -e OMP_STACK_SIZE=256M -e LD_LIBRARY_PATH=/shared/apps/turbomole/regular/7.3/libso/em64t-unknown-linux-gnu_mpi:/shared/apps/python/3.6-anaconda/lib:/shared/apps/gcc/4.9.0/lib:/shared/apps/gcc/4.9.0/lib64:/shared/apps/gaussian09/D.01/g09/bsd:/shared/apps/gaussian09/D.01/g09/local:/shared/apps/gaussian09/D.01/g09/extras:/shared/apps/gaussian09/D.01/g09:/shared/apps/intel/composer_xe_2013_sp1.2.144/compiler/lib/intel64:/shared/apps/openmpi/1.8.1/intel/2013.sp1.2.144/lib:/shared/apps/slurm/current/lib:/shared/apps/turbomole/regular/6.6/libso/em64t-unknown-linux-gnu_mpi:/shared/apps/intel/composer_xe_2013_sp1.2.144/mkl/lib/intel64:/shared/apps/gaussian09/D.01/gv/lib:/shared/apps/intel/parallel_studio_xe_2016/compilers_and_libraries_2016.0.109/linux/compiler/lib/intel64:/shared/apps/intel/parallel_studio_xe_2016/compilers_and_libraries_2016.0.109/linux/mpi/intel64/lib:/shared/apps/intel/parallel_studio_xe_2016/compilers_and_libraries_2016.0.109/linux/ipp/../compiler/lib/intel64:/shared/apps/intel/parallel_studio_xe_2016/compilers_and_libraries_2016.0.109/linux/ipp/lib/intel64:/shared/apps/intel/parallel_studio_xe_2016/compilers_and_libraries_2016.0.109/linux/compiler/lib/intel64:/shared/apps/intel/parallel_studio_xe_2016/compilers_and_libraries_2016.0.109/linux/mkl/lib/intel64:/shared/apps/intel/parallel_studio_xe_2016/compilers_and_libraries_2016.0.109/linux/tbb/lib/intel64/gcc4.4:/shared/apps/intel/parallel_studio_xe_2016/debugger_2016/libipt/intel64/lib:/shared/apps/intel/parallel_studio_xe_2016/compilers_and_libraries_2016.0.109/linux/daal/lib/intel64_lin:/shared/apps/intel/parallel_studio_xe_2016/compilers_and_libraries_2016.0.109/linux/daal/../tbb/lib/intel64_lin/gcc4.4:/shared/apps/intel/parallel_studio_xe_2016/compilers_and_libraries_2016.0.109/linux/daal/../compiler/lib/intel64_lin:/shared/apps/R/3.3.1/lib64:/shared/apps/R/3.3.1/3rdparty:/shared/apps/R/3.3.1/lib64/R/lib:/shared/apps/turbomole/regular/7.3/libso/em64t-unknown-linux-gnu_mpi /shared/apps/turbomole/regular/7.3/bin/em64t-unknown-linux-gnu_mpi/dscf_mpi
 this is node-proc. number 1 running on node yac01
 the total number of node-proc. spawned is  37
  parallel platform: MPP or cluster with fast interconnect

   OpenMP run-time library returned nthreads =  1

 dscf (yac01) : TURBOMOLE V7.3 ( 22135 ) 4 Jul 2018 at 10:54:32
 Copyright (C) 2018 TURBOMOLE GmbH, Karlsruhe


    2020-07-31 11:24:07.189 


 SCF run will be profiled !



                             d s c f - program

                   idea & directorship : reinhart ahlrichs
                   program development : marco haeser
                                         michael baer
                           dft version : oliver treutler
           parallelized version : malte v. arnim, gina corongiu, GMD 


                          quantum chemistry group
                          universitaet  karlsruhe
                                  germany




                          References             
                                                 
          TURBOMOLE:                             
              R. Ahlrichs, M. Baer, M. Haeser, H. Horn, and
              C. Koelmel
              Electronic structure calculations on workstation
              computers: the program system TURBOMOLE
              Chem. Phys. Lett. 162: 165 (1989)
          Density Functional:                              
              O. Treutler and R. Ahlrichs                      
              Efficient Molecular Numerical Integration Schemes
              J. Chem. Phys. 102: 346 (1995)                   
          Parallel Version:                                
              Performance of parallel TURBOMOLE for Density    
              Functional Calculations                          
              M. v. Arnim and R. Ahlrichs                      
              J. Comp. Chem. 19: 1746 (1998)                   
                                         




              +--------------------------------------------------+
              | Atomic coordinate, charge and isotop information |
              +--------------------------------------------------+

                    atomic coordinates            atom    charge  isotop
        -13.58546052   -0.00124174    0.06342866    c      6.000     0
        -14.92967430   -1.95288588    1.27468792    c      6.000     0
        -14.90953473    1.94533094   -1.17899276    c      6.000     0
        -17.58110500   -1.95219896    1.24378977    c      6.000     0
        -13.90543140   -3.47674742    2.25178782    h      1.000     0
        -17.56073224    1.93693961   -1.20514827    c      6.000     0
        -13.86918362    3.47903777   -2.12302718    h      1.000     0
        -18.89595791   -0.01005674    0.00459581    c      6.000     0
        -18.62445775   -3.47681299    2.19573175    h      1.000     0
        -18.58804613    3.46254480   -2.17289667    h      1.000     0
        -20.97418365   -0.01220272   -0.01608119    h      1.000     0
        -11.54853502    0.00262972    0.08721730    h      1.000     0
         -3.11415414   -3.67243631   -6.30293942    c      6.000     0
         -2.09864518   -2.30463005   -8.34565059    c      6.000     0
         -3.05107414   -6.33323778   -6.32895887    c      6.000     0
         -1.00905026   -3.59218077  -10.39101437    c      6.000     0
         -2.11862242   -0.22568999   -8.33504507    h      1.000     0
         -1.96232336   -7.61233141   -8.38147677    c      6.000     0
         -3.82453601   -7.41335081   -4.72828884    h      1.000     0
         -0.93359085   -6.24394274  -10.40891310    c      6.000     0
         -0.20375632   -2.51187291  -11.97411656    h      1.000     0
         -1.91292365   -9.69068584   -8.39459903    h      1.000     0
         -0.06895951   -7.24920636  -12.00923410    h      1.000     0
         -3.93787304   -2.68497524   -4.72304886    h      1.000     0
         -3.09562972    7.27030799   -0.03269491    c      6.000     0
         -2.12233535    8.37162866    2.18462771    c      6.000     0
         -2.99718992    8.61034245   -2.33036415    c      6.000     0
         -1.04548720   10.79304264    2.09804840    c      6.000     0
         -2.16551673    7.33101071    3.98383350    h      1.000     0
         -1.92251080   11.03423670   -2.40514741    c      6.000     0
         -3.73046828    7.74929082   -4.07585750    h      1.000     0
         -0.94085647   12.12420333   -0.19418126    c      6.000     0
         -0.27546254   11.63782014    3.83464208    h      1.000     0
         -1.84784753   12.07555196   -4.20314907    h      1.000     0
         -0.09054075   14.01937130   -0.25780324    h      1.000     0
         -3.91408789    5.40590255    0.02866391    h      1.000     0
         -3.05942483   -3.63415386    6.31154221    c      6.000     0
         -3.01221607   -2.32269885    8.62689305    c      6.000     0
         -2.03144425   -6.08250532    6.15406188    c      6.000     0
         -1.93175118   -3.45551313   10.76775244    c      6.000     0
         -3.79052926   -0.39816397    8.75531600    h      1.000     0
         -0.94928691   -7.20400146    8.29878009    c      6.000     0
         -2.03721793   -7.11285695    4.34819330    h      1.000     0
         -0.89465890   -5.89240171   10.60400616    c      6.000     0
         -1.89642388   -2.42621446   12.57384817    h      1.000     0
         -0.13450995   -9.11157832    8.16126264    h      1.000     0
         -0.03980217   -6.77251501   12.28150697    h      1.000     0
         -3.88111738   -2.76530285    4.66243166    h      1.000     0
         13.58643165    0.01110876    0.05121441    c      6.000     0
         14.91952458    2.01047037    1.19569699    c      6.000     0
         14.92185386   -1.97490610   -1.11382650    c      6.000     0
         17.57099307    2.01771652    1.17572637    c      6.000     0
         13.88649011    3.56507624    2.11304016    h      1.000     0
         17.57322522   -1.95871889   -1.12874154    c      6.000     0
         13.89047894   -3.54541364   -2.00581200    h      1.000     0
         18.89723669    0.03547904    0.01441672    c      6.000     0
         18.60529347    3.57970121    2.07550170    h      1.000     0
         18.60940797   -3.51583943   -2.03503794    h      1.000     0
         20.97542747    0.04327662    0.00312844    h      1.000     0
         11.54944950    0.00092066    0.06690740    h      1.000     0
          3.06112502    3.66793252    6.28529769    c      6.000     0
          2.06741197    2.29002568    8.33209823    c      6.000     0
          2.97358648    6.32796355    6.31149496    c      6.000     0
          0.97907618    3.56746277   10.38426200    c      6.000     0
          2.10301271    0.21141065    8.31913868    h      1.000     0
          1.88681160    7.59655900    8.37150091    c      6.000     0
          3.72514870    7.41557747    4.70553692    h      1.000     0
          0.88352954    6.21846696   10.40494373    c      6.000     0
          0.19150371    2.47931633   11.97111794    h      1.000     0
          1.81963448    9.67455551    8.38570712    h      1.000     0
          0.02294600    7.21566032   12.01261897    h      1.000     0
          3.88714268    2.68845907    4.70163962    h      1.000     0
          3.10565377   -7.27227311    0.00300126    c      6.000     0
          2.07868097   -8.35951967   -2.19704321    c      6.000     0
          3.06404276   -8.62701343    2.29384614    c      6.000     0
          1.00476474  -10.78181030   -2.09958229    c      6.000     0
          2.07748213   -7.30779014   -3.99043715    h      1.000     0
          1.99086843  -11.05115864    2.37964121    c      6.000     0
          3.84163142   -7.77714104    4.02564520    h      1.000     0
          0.95571387  -12.12707553    0.18622892    c      6.000     0
          0.19255402  -11.61565800   -3.82223376    h      1.000     0
          1.96007836  -12.10377218    4.17232669    h      1.000     0
          0.10709550  -14.02270780    0.25879308    h      1.000     0
          3.92181326   -5.40714030   -0.06634997    h      1.000     0
          3.10221825    3.62949776   -6.33109936    c      6.000     0
          3.01285480    2.30676071   -8.63886220    c      6.000     0
          2.11360122    6.09419536   -6.17865005    c      6.000     0
          1.92690554    3.44284705  -10.77525635    c      6.000     0
          3.76191843    0.37051426   -8.76448609    h      1.000     0
          1.02562826    7.21933527   -8.31863809    c      6.000     0
          2.15518351    7.13510394   -4.37944767    h      1.000     0
          0.92604744    5.89514465  -10.61516027    c      6.000     0
          1.85741540    2.40405855  -12.57485124    h      1.000     0
          0.24174416    9.13986450   -8.18446659    h      1.000     0
          0.06446347    6.77719454  -12.28804145    h      1.000     0
          3.92566603    2.75717686   -4.68469834    h      1.000     0
 
       center of nuclear mass  :   -0.00013262   -0.00004062    0.00256048
       center of nuclear charge:   -0.00013363   -0.00004160    0.00262494

   *************************************************************************
   test_job                                                                 
   *************************************************************************



              +--------------------------------------------------+
              |               basis set information              |
              +--------------------------------------------------+

              we will work with the 1s 3p 5d 7f 9g ... basis set
              ...i.e. with spherical basis functions...

   type   atoms  prim   cont   basis
   ---------------------------------------------------------------------------
    c       48     34     14   cc-pVDZ   [3s2p1d|17s4p1d]
    h       48      7      5   cc-pVDZ   [2s1p|4s1p]
   ---------------------------------------------------------------------------
   total:   96   1968    912
   ---------------------------------------------------------------------------

   total number of primitive shells          :   27
   total number of contracted shells         :  432
   total number of cartesian basis functions :  960
   total number of SCF-basis functions       :  912


 integral neglect threshold       :  0.35E-10
 integral storage threshold THIZE :  0.10E-04
 integral storage threshold THIME :         5


 symmetry group of the molecule :   c1 

 the group has the following generators :
   c1(z)

    1 symmetry operations found

 there are 1 real representations :   a   

 maximum number of shells which are related by symmetry :  1


    mo occupation :
   irrep   mo's   occupied
    a      912      168
 
 number of basis functions   :                    912
 number of occupied orbitals :                    168
 

 automatic virtual orbital shift switched on 
      shift if e(lumo)-e(homo) < 0.10000000    


 keyword $2e-ints_shell_statistics missing in file <control>

 ! One task per shell generated
  No pre-computed optimal task distribution found
  ... using automatic task generation
  
           ------------------
           density functional
           ------------------
 PBE functional
 exchange:    LDA + PBE
 correlation: LDA (PW) + PBE

 iterations will be done with small grid
  
 spherical integration : Lebedev's spherical grid
 spherical gridsize    :                     3
    i.e. gridpoints    :                   302
 value for diffuse not defined
 radial integration    : Chebyshev 2nd kind (scaling 3)
 radial gridsize       :                     3
 integration cells     :                    96
 partition function    : becke
 partition sharpness   :                     3
  

 <rddim> : input of entry tasksize
           from data group '$pardft' failed !

               Default values taken

 <rddim> : input of entry memdiv
           from data group '$pardft' failed !

               Default values taken
  DSCF: memory allocation for DFT gridpoints
  MEMORY is divided by 1 as DEFAULT
 Each node can hold at most  the                      1 -th part
 of the gridpoints    

          ------------------------
          nuclear repulsion energy  :   4703.92141458    
          ------------------------

  _________________________________
 |                                 |
 |         DFTD3 V3.1 Rev 0        |
 | S.Grimme, University Bonn       |
 |            June  2014           |
 |   see standalone version        |
 |       dftd3 -h for options      |
 |_________________________________|
 
 Please cite DFT-D3 work done with this code as:
 S. Grimme, J. Antony, S. Ehrlich and H. Krieg,
 J. Chem. Phys, 132 (2010), 154104.
 If used with BJ-damping cite also
 S. Grimme, S. Ehrlich and L. Goerigk,
 J. Comput. Chem. 32 (2011), 1456-1465
 For DFT-D2 the reference is
 S. Grimme, J. Comput. Chem., 27 (2006), 1787-1799
 
C6 coefficients used:
                     2  C6 for element                      1
Z=  1 CN= 0.912     C6(AA)=    3.03
Z=  1 CN= 0.000     C6(AA)=    7.59
                     5  C6 for element                      6
Z=  6 CN= 0.000     C6(AA)=   49.11
Z=  6 CN= 0.987     C6(AA)=   43.25
Z=  6 CN= 1.998     C6(AA)=   29.36
Z=  6 CN= 2.999     C6(AA)=   25.78
Z=  6 CN= 3.984     C6(AA)=   18.21

#           XYZ [au]              R0(AA) [Ang.]  CN          C6(AA)     C8(AA)   C10(AA) [au]
  1 -13.58546  -0.00124   0.06343   c   0.610  3.119        25.4       734.1     26008.1
  2 -14.92967  -1.95289   1.27469   c   0.610  3.116        25.4       734.3     26016.5
  3 -14.90953   1.94533  -1.17899   c   0.610  3.116        25.4       734.3     26016.3
  4 -17.58110  -1.95220   1.24379   c   0.610  3.117        25.4       734.3     26014.3
  5 -13.90543  -3.47675   2.25179   h   0.395  1.000         3.1        37.4       553.3
  6 -17.56073   1.93694  -1.20515   c   0.610  3.117        25.4       734.3     26014.5
  7 -13.86918   3.47904  -2.12303   h   0.395  1.000         3.1        37.4       553.3
  8 -18.89596  -0.01006   0.00460   c   0.610  3.118        25.4       734.2     26011.9
  9 -18.62446  -3.47681   2.19573   h   0.395  1.000         3.1        37.4       553.2
 10 -18.58805   3.46254  -2.17290   h   0.395  1.000         3.1        37.4       553.2
 11 -20.97418  -0.01220  -0.01608   h   0.395  1.000         3.1        37.4       553.2
 12 -11.54854   0.00263   0.08722   h   0.395  1.003         3.1        37.3       553.0
 13  -3.11415  -3.67244  -6.30294   c   0.610  3.120        25.4       734.0     26004.8
 14  -2.09865  -2.30463  -8.34565   c   0.610  3.118        25.4       734.1     26009.7
 15  -3.05107  -6.33324  -6.32896   c   0.610  3.118        25.4       734.2     26010.8
 16  -1.00905  -3.59218 -10.39101   c   0.610  3.119        25.4       734.1     26008.3
 17  -2.11862  -0.22569  -8.33505   h   0.395  1.000         3.1        37.4       553.2
 18  -1.96232  -7.61233  -8.38148   c   0.610  3.118        25.4       734.1     26010.0
 19  -3.82454  -7.41335  -4.72829   h   0.395  1.000         3.1        37.4       553.2
 20  -0.93359  -6.24394 -10.40891   c   0.610  3.118        25.4       734.2     26012.4
 21  -0.20376  -2.51187 -11.97412   h   0.395  1.000         3.1        37.4       553.2
 22  -1.91292  -9.69069  -8.39460   h   0.395  1.000         3.1        37.4       553.2
 23  -0.06896  -7.24921 -12.00923   h   0.395  1.000         3.1        37.4       553.2
 24  -3.93787  -2.68498  -4.72305   h   0.395  1.004         3.1        37.3       552.9
 25  -3.09563   7.27031  -0.03269   c   0.610  3.120        25.4       734.0     26005.1
 26  -2.12234   8.37163   2.18463   c   0.610  3.118        25.4       734.1     26010.0
 27  -2.99719   8.61034  -2.33036   c   0.610  3.118        25.4       734.2     26010.9
 28  -1.04549  10.79304   2.09805   c   0.610  3.119        25.4       734.1     26008.4
 29  -2.16552   7.33101   3.98383   h   0.395  1.000         3.1        37.4       553.2
 30  -1.92251  11.03424  -2.40515   c   0.610  3.118        25.4       734.1     26010.0
 31  -3.73047   7.74929  -4.07586   h   0.395  1.000         3.1        37.4       553.2
 32  -0.94086  12.12420  -0.19418   c   0.610  3.118        25.4       734.2     26012.7
 33  -0.27546  11.63782   3.83464   h   0.395  1.000         3.1        37.4       553.2
 34  -1.84785  12.07555  -4.20315   h   0.395  1.000         3.1        37.4       553.2
 35  -0.09054  14.01937  -0.25780   h   0.395  1.000         3.1        37.4       553.2
 36  -3.91409   5.40590   0.02866   h   0.395  1.004         3.1        37.3       552.9
 37  -3.05942  -3.63415   6.31154   c   0.610  3.120        25.4       734.0     26004.0
 38  -3.01222  -2.32270   8.62689   c   0.610  3.118        25.4       734.2     26011.0
 39  -2.03144  -6.08251   6.15406   c   0.610  3.118        25.4       734.1     26010.0
 40  -1.93175  -3.45551  10.76775   c   0.610  3.118        25.4       734.1     26009.7
 41  -3.79053  -0.39816   8.75532   h   0.395  1.000         3.1        37.4       553.2
 42  -0.94929  -7.20400   8.29878   c   0.610  3.119        25.4       734.1     26008.4
 43  -2.03722  -7.11286   4.34819   h   0.395  1.000         3.1        37.4       553.2
 44  -0.89466  -5.89240  10.60401   c   0.610  3.118        25.4       734.2     26012.1
 45  -1.89642  -2.42621  12.57385   h   0.395  1.000         3.1        37.4       553.2
 46  -0.13451  -9.11158   8.16126   h   0.395  1.000         3.1        37.4       553.2
 47  -0.03980  -6.77252  12.28151   h   0.395  1.000         3.1        37.4       553.2
 48  -3.88112  -2.76530   4.66243   h   0.395  1.004         3.1        37.3       552.9
 49  13.58643   0.01111   0.05121   c   0.610  3.119        25.4       734.1     26008.2
 50  14.91952   2.01047   1.19570   c   0.610  3.116        25.4       734.3     26016.4
 51  14.92185  -1.97491  -1.11383   c   0.610  3.116        25.4       734.3     26016.4
 52  17.57099   2.01772   1.17573   c   0.610  3.117        25.4       734.3     26014.4
 53  13.88649   3.56508   2.11304   h   0.395  1.000         3.1        37.4       553.3
 54  17.57323  -1.95872  -1.12874   c   0.610  3.117        25.4       734.3     26014.4
 55  13.89048  -3.54541  -2.00581   h   0.395  1.000         3.1        37.4       553.3
 56  18.89724   0.03548   0.01442   c   0.610  3.118        25.4       734.2     26011.9
 57  18.60529   3.57970   2.07550   h   0.395  1.000         3.1        37.4       553.2
 58  18.60941  -3.51584  -2.03504   h   0.395  1.000         3.1        37.4       553.2
 59  20.97543   0.04328   0.00313   h   0.395  1.000         3.1        37.4       553.2
 60  11.54945   0.00092   0.06691   h   0.395  1.003         3.1        37.3       553.0
 61   3.06113   3.66793   6.28530   c   0.610  3.120        25.4       734.0     26004.3
 62   2.06741   2.29003   8.33210   c   0.610  3.118        25.4       734.1     26009.7
 63   2.97359   6.32796   6.31149   c   0.610  3.118        25.4       734.2     26010.9
 64   0.97908   3.56746  10.38426   c   0.610  3.119        25.4       734.1     26008.1
 65   2.10301   0.21141   8.31914   h   0.395  1.000         3.1        37.4       553.2
 66   1.88681   7.59656   8.37150   c   0.610  3.118        25.4       734.1     26009.8
 67   3.72515   7.41558   4.70554   h   0.395  1.000         3.1        37.4       553.2
 68   0.88353   6.21847  10.40494   c   0.610  3.118        25.4       734.2     26012.2
 69   0.19150   2.47932  11.97112   h   0.395  1.000         3.1        37.4       553.2
 70   1.81963   9.67456   8.38571   h   0.395  1.000         3.1        37.4       553.2
 71   0.02295   7.21566  12.01262   h   0.395  1.000         3.1        37.4       553.2
 72   3.88714   2.68846   4.70164   h   0.395  1.004         3.1        37.3       552.9
 73   3.10565  -7.27227   0.00300   c   0.610  3.120        25.4       734.0     26005.0
 74   2.07868  -8.35952  -2.19704   c   0.610  3.118        25.4       734.1     26010.2
 75   3.06404  -8.62701   2.29385   c   0.610  3.118        25.4       734.2     26011.1
 76   1.00476 -10.78181  -2.09958   c   0.610  3.119        25.4       734.1     26008.5
 77   2.07748  -7.30779  -3.99044   h   0.395  1.000         3.1        37.4       553.2
 78   1.99087 -11.05116   2.37964   c   0.610  3.118        25.4       734.1     26010.2
 79   3.84163  -7.77714   4.02565   h   0.395  1.000         3.1        37.4       553.2
 80   0.95571 -12.12708   0.18623   c   0.610  3.118        25.4       734.2     26012.5
 81   0.19255 -11.61566  -3.82223   h   0.395  1.000         3.1        37.4       553.2
 82   1.96008 -12.10377   4.17233   h   0.395  1.000         3.1        37.4       553.2
 83   0.10710 -14.02271   0.25879   h   0.395  1.000         3.1        37.4       553.2
 84   3.92181  -5.40714  -0.06635   h   0.395  1.004         3.1        37.3       552.9
 85   3.10222   3.62950  -6.33110   c   0.610  3.120        25.4       734.0     26004.6
 86   3.01285   2.30676  -8.63886   c   0.610  3.118        25.4       734.2     26010.8
 87   2.11360   6.09420  -6.17865   c   0.610  3.118        25.4       734.1     26009.7
 88   1.92691   3.44285 -10.77526   c   0.610  3.118        25.4       734.1     26009.9
 89   3.76192   0.37051  -8.76449   h   0.395  1.000         3.1        37.4       553.2
 90   1.02563   7.21934  -8.31864   c   0.610  3.119        25.4       734.1     26008.3
 91   2.15518   7.13510  -4.37945   h   0.395  1.000         3.1        37.4       553.2
 92   0.92605   5.89514 -10.61516   c   0.610  3.118        25.4       734.2     26012.3
 93   1.85742   2.40406 -12.57485   h   0.395  1.000         3.1        37.4       553.2
 94   0.24174   9.13986  -8.18447   h   0.395  1.000         3.1        37.4       553.2
 95   0.06446   6.77719 -12.28804   h   0.395  1.000         3.1        37.4       553.2
 96   3.92567   2.75718  -4.68470   h   0.395  1.004         3.1        37.3       552.9

molecular C6(AA) [au] =    106356.74

           DFT-D V3(BJ)
 DF pbe                                               
 parameters
 s6       :    1.0000
 s8       :    0.7875
 a1       :    0.4289
 a2       :    4.4407
 k1-k3    :   16.0000    1.3333   -4.0000
 
 Edisp /kcal,au:   -66.4128 -0.10583556

 E6    /kcal :   -47.1955
 E8    /kcal :   -19.2173
 % E8        : 28.94
 nuclear repulsion energy                  =    4703.921414575
 empirical dispersive energy correction    =      -0.105835563
 nuclear repulsion + dispersion correction =    4703.815579012


         -----------------
         -S,T+V- integrals
         -----------------

 1e-integrals will be neglected if expon. factor < 0.348121E-11
 
   Difference densities algorithm switched on.
   The maximal number of linear combinations of
   difference densities is                    20 .

 DIIS switched on: error vector is FDS-SDF
 Max. Iterations for DIIS is     :   4
 DIIS matrix (see manual) 
    Scaling factor of diagonals  :  1.200
    threshold for scaling factor :  0.000

 scf convergence criterion : increment of total energy < .1000000D-05
                  and increment of one-electron energy < .1000000D-02

  MOs are in ASCII format !


 reading orbital data $scfmo  from file mos
 orbital characterization : expanded
 mo provided and orthogonalized by Cholesky decomposition

 DSCF restart information will be dumped onto file mos

 
                                              current damping :  0.700
 ITERATION  ENERGY          1e-ENERGY        2e-ENERGY     NORM[dD(SAO)]  TOL
   1  -1850.3161852600    -11787.071247     5232.9394828    0.000D+00 0.347D-10
                            Exc =  -267.392050316140     N = 336.00500730    
          max. resid. norm for Fia-block=  2.333D-01 for orbital     93a         
          max. resid. fock norm         =  9.457D-01 for orbital    782a         
          Delta Eig. =    35.5725889788 eV 
 
                                              current damping :  0.650
 ITERATION  ENERGY          1e-ENERGY        2e-ENERGY     NORM[dD(SAO)]  TOL
   2  -1854.4769673778    -11839.249719     5280.9571721    0.280D+01 0.221D-10
                            Exc =  -272.078663956204     N = 336.00404437    
          Norm of current diis error:  3.3181    
          max. resid. norm for Fia-block=  1.055D-01 for orbital     56a         
          max. resid. fock norm         =  1.362D-01 for orbital    291a         
          Delta Eig. =    12.8933203306 eV 
 
                                              current damping :  0.550
 ITERATION  ENERGY          1e-ENERGY        2e-ENERGY     NORM[dD(SAO)]  TOL
   3  -1855.4082656123    -11851.177134     5291.9532890    0.894D+00 0.172D-10
                            Exc =  -273.746549330324     N = 336.00300792    
          Norm of current diis error:  1.6626    
          max. resid. norm for Fia-block=  5.226D-02 for orbital     54a         
          max. resid. fock norm         =  6.088D-02 for orbital     54a         
          Delta Eig. =     5.5860237431 eV 
 
                                              current damping :  0.450
 ITERATION  ENERGY          1e-ENERGY        2e-ENERGY     NORM[dD(SAO)]  TOL
   4  -1855.6723292560    -11861.290375     5301.8024671    0.323D+00 0.147D-10
                            Exc =  -274.788033050973     N = 336.00229592    
          Norm of current diis error: 0.62681    
          max. resid. norm for Fia-block=  2.018D-02 for orbital     54a         
          max. resid. fock norm         =  2.289D-02 for orbital     54a         
          Delta Eig. =     2.3213019250 eV 
 
                                              current damping :  0.350
 ITERATION  ENERGY          1e-ENERGY        2e-ENERGY     NORM[dD(SAO)]  TOL
   5  -1855.7159796917    -11864.287939     5304.7563803    0.916D-01 0.134D-10
                            Exc =  -275.180329713996     N = 336.00194894    
          Norm of current diis error: 0.21828    
          max. resid. norm for Fia-block=  6.954D-03 for orbital     55a         
          max. resid. fock norm         =  7.951D-03 for orbital     54a         
 mo-orthogonalization: Cholesky decomposition
          Delta Eig. =     0.7448584775 eV 
 
                                              current damping :  0.250
 ITERATION  ENERGY          1e-ENERGY        2e-ENERGY     NORM[dD(SAO)]  TOL
   6  -1855.7214128374    -11866.274666     5306.7376743    0.224D-01 0.127D-10
                            Exc =  -275.360243221315     N = 336.00181850    
          Norm of current diis error: 0.56892E-01
          max. resid. norm for Fia-block=  1.754D-03 for orbital     54a         
          max. resid. fock norm         =  2.858D-03 for orbital     65a         
          Delta Eig. =     0.3152743290 eV 
 
                                              current damping :  0.300
 ITERATION  ENERGY          1e-ENERGY        2e-ENERGY     NORM[dD(SAO)]  TOL
   7  -1855.7215301045    -11865.894132     5306.3570227    0.145D-01 0.125D-10
                            Exc =  -275.373201935167     N = 336.00178746    
          Norm of current diis error: 0.54057E-01
          max. resid. norm for Fia-block=  1.060D-03 for orbital    158a         
          max. resid. fock norm         =  1.814D-03 for orbital     65a         
          Delta Eig. =     0.0855216790 eV 
 
                                              current damping :  0.350
 ITERATION  ENERGY          1e-ENERGY        2e-ENERGY     NORM[dD(SAO)]  TOL
   8  -1855.7218220492    -11866.230246     5306.6928452    0.488D-02 0.124D-10
                            Exc =  -275.385111346184     N = 336.00177920    
          Norm of current diis error: 0.14492E-01
          max. resid. norm for Fia-block=  3.126D-04 for orbital    158a         
          max. resid. fock norm         =  5.313D-04 for orbital     13a         
          Delta Eig. =     0.0137384612 eV 
 
                                              current damping :  0.200
 ITERATION  ENERGY          1e-ENERGY        2e-ENERGY     NORM[dD(SAO)]  TOL
   9  -1855.7218400953    -11866.336480     5306.7990613    0.141D-02 0.124D-10
                            Exc =  -275.394665951463     N = 336.00177685    
          Norm of current diis error: 0.50178E-02
          max. resid. norm for Fia-block=  1.174D-04 for orbital    164a         
          max. resid. fock norm         =  1.824D-04 for orbital     71a         
          Delta Eig. =     0.0091622712 eV 
 
                                              current damping :  0.250
 ITERATION  ENERGY          1e-ENERGY        2e-ENERGY     NORM[dD(SAO)]  TOL
  10  -1855.7218417098    -11866.322421     5306.7850001    0.822D-03 0.124D-10
                            Exc =  -275.392748519102     N = 336.00177667    
          Norm of current diis error: 0.29472E-02
          max. resid. norm for Fia-block=  8.804D-05 for orbital    164a         
          max. resid. fock norm         =  1.431D-04 for orbital     71a         
 mo-orthogonalization: Cholesky decomposition
          Delta Eig. =     0.0070019850 eV 
 
                                              current damping :  0.100
 ITERATION  ENERGY          1e-ENERGY        2e-ENERGY     NORM[dD(SAO)]  TOL
  11  -1855.7218425770    -11866.307127     5306.7697059    0.236D-03 0.123D-10
                            Exc =  -275.392353719353     N = 336.00177672    
          Norm of current diis error: 0.90250E-03
          max. resid. norm for Fia-block=  2.730D-05 for orbital    164a         
          max. resid. fock norm         =  4.412D-05 for orbital     71a         
          Delta Eig. =     0.0022540206 eV 
 
                                              current damping :  0.150
 ITERATION  ENERGY          1e-ENERGY        2e-ENERGY     NORM[dD(SAO)]  TOL
  12  -1855.7218426656    -11866.315470     5306.7780482    0.106D-03 0.123D-10
                            Exc =  -275.392685317047     N = 336.00177668    
          Norm of current diis error: 0.43197E-03
          max. resid. norm for Fia-block=  1.046D-05 for orbital    164a         
          max. resid. fock norm         =  2.430D-05 for orbital     34a         
          Delta Eig. =     0.0007022839 eV 

 ENERGY CONVERGED !

 Big Grid 
 e2xc, e2xcold =   -275.39262141   -275.39262141
 
                                              current damping :  0.500
 ITERATION  ENERGY          1e-ENERGY        2e-ENERGY     NORM[dD(SAO)]  TOL
  13  -1855.7245871678    -11866.312732     5306.7725658    0.349D-04 0.123D-10
                            Exc =  -275.395365920907     N = 336.00001546    
          max. resid. norm for Fia-block=  1.190D-05 for orbital    168a         
          max. resid. fock norm         =  2.729D-05 for orbital     41a         

 convergence criteria satisfied after    13 iterations


   *************************************************************************
   test_job                                                                 
   *************************************************************************


                  ------------------------------------------ 
                 |  total energy      =  -1855.72458716777  |
                  ------------------------------------------ 
                 :  kinetic energy    =   1842.28926047814  :
                 :  potential energy  =  -3698.01384764591  :
                 :  virial theorem    =      1.99276006430  :
                 :  wavefunction norm =      1.00000000000  :
                  .......................................... 


 <geterg> : there is no data group $energy 


 <skperg> : $end is missing 


 orbitals $scfmo  will be written to file mos

    irrep                164a        165a        166a        167a        168a   
 eigenvalues H         -0.22409    -0.22408    -0.22321    -0.22316    -0.22133
            eV          -6.0979     -6.0976     -6.0740     -6.0725     -6.0228
 occupation              2.0000      2.0000      2.0000      2.0000      2.0000 

    irrep                169a        170a        171a        172a        173a   
 eigenvalues H         -0.04363    -0.04216    -0.04179    -0.04164    -0.04102
            eV          -1.1873     -1.1471     -1.1371     -1.1331     -1.1163
 
 
 
 
 ==============================================================================
                           electrostatic moments
 ==============================================================================

 reference point for electrostatic moments:    0.00000   0.00000   0.00000

 
              nuc           elec       ->  total
 ------------------------------------------------------------------------------
                          charge      
 ------------------------------------------------------------------------------
         336.000000    -336.000000      -0.000000
 
 ------------------------------------------------------------------------------
                       dipole moment  
 ------------------------------------------------------------------------------
   x      -0.044901       0.044424      -0.000477
   y      -0.013976       0.007788      -0.006188
   z       0.881979      -0.877401       0.004578
 
   | dipole moment | =     0.0077 a.u. =     0.0196 debye 
 
 ------------------------------------------------------------------------------
                     quadrupole moment
 ------------------------------------------------------------------------------
  xx   23811.779197  -24026.417395    -214.638198
  yy   13203.303002  -13401.810568    -198.507565
  zz   13034.773915  -13238.094149    -203.320234
  xy       0.894882      -0.917713      -0.022831
  xz      -0.571249       0.551367      -0.019882
  yz      -1.763585       1.696280      -0.067305
 
     1/3  trace=    -205.488666
     anisotropy=      14.343780
 
 ==============================================================================
 

    dscf profiling
  --------------------------------------------------------------------
             module   cpu total (s)       %  wall total (s)       %

          dscf.total           277.4  100.00            86.5  100.00
        dscf.prepare             0.8    0.28             0.9    1.05
      prepare.oneint             0.0    0.01             0.0    0.04
     prepare.moinput             0.1    0.03             0.1    0.17
     moinput_orthmos             0.4    0.16             0.4    0.50
            dscf.scf           276.5   99.69            85.5   98.80
             scf.pre             0.0    0.00             0.0    0.01
        scf.makedmat             0.7    0.26            12.8   14.79
          scf.shloop            49.9   17.97            51.8   59.84
          shloop_omp            49.7   17.92            51.6   59.64
          scf.symcar             0.1    0.05             0.1    0.17
        scf.makefock             0.2    0.08             4.1    4.80
          scf.energy             0.0    0.00             0.0    0.01
             scf.dft             3.5    1.25             3.7    4.32
        dft_grid_con             0.1    0.05             0.2    0.19
          scf.newerg             0.0    0.00             0.0    0.00
          scf.newcnv            81.6   29.43             3.0    3.47
           scf.fdiag            61.7   22.23             2.1    2.40
         diag_tritrn             6.4    2.31             0.2    0.24
          diag_rdiag            33.5   12.09             1.0    1.11
          scf.modump            48.3   17.40             5.9    6.78
           ortho_all             9.7    3.49             0.3    0.36
     scf_loop_mkdmat             0.0    0.00             0.0    0.00
            scf.post             3.5    1.26             0.9    1.09
        dscf.postscf             0.1    0.02             0.1    0.15
 


    ------------------------------------------------------------------------
         total  cpu-time :  4 minutes and 38 seconds
         total wall-time :  1 minutes and 27 seconds
    ------------------------------------------------------------------------

   ****  dscf : all done  ****


    2020-07-31 11:25:33.896 

